<html>
<body>
<pre>
<h1>µVision Build Log</h1>
<h2>Tool Versions:</h2>
IDE-Version: µVision V5.39.0.0
Copyright (C) 2023 ARM Ltd and ARM Germany GmbH. All rights reserved.
License Information: Hans Naert Vives Flex license: MDK Professional 5.38 (Flex) (mdk_pro) Borrow: 19 May 2024
 
Tool Versions:
Toolchain:       MDK Professional 5.38 (Flex)  Version: 5.39.0.0
Toolchain Path:  C:\Keil_v5\ARM\ARMCLANG\Bin
C Compiler:      ArmClang.exe V6.21
Assembler:       Armasm.exe V6.21
Linker/Locator:  ArmLink.exe V6.21
Library Manager: ArmAr.exe V6.21
Hex Converter:   FromElf.exe V6.21
CPU DLL:         SARMCM3.DLL V5.39.0.0
Dialog DLL:      DCM.DLL V1.17.5.0
Target DLL:      STLink\ST-LINKIII-KEIL_SWO.dll V3.2.0.0
Dialog DLL:      TCM.DLL V1.56.4.0
 
<h2>Project:</h2>
D:\projecten\IoT-Systems\voorbereiding\STM32F746G-DISCO-HTTP_Server-2024-04-19\HTTP_Server.uvprojx
Project File Date:  04/25/2024

<h2>Output:</h2>
*** Using Compiler 'V6.21', folder: 'C:\Keil_v5\ARM\ARMCLANG\Bin'
Build target 'Debug'

FCARM uses the following Files via command file '.\Auto_FcArm_Cmd.inp':
pg_header.inc,
pg_footer.inc,
ad.cgi,
ad.cgx,
buttons.cgi,
buttons.cgx,
language.cgi,
lcd.cgi,
leds.cgi,
network.cgi,
system.cgi,
tcp.cgi,
xml_http.js,
home.png,
keil.gif,
logo.gif,
llblue.jpg,
pabb.gif,
vives.png,
index.htm 
TO Web.c RTE NOPRINT ROOT(Web)
custom translating @.\Auto_FcArm_Cmd.inp...
Custom: C:\Keil_v5\ARM\Bin\FCARM.exe @.\Auto_FcArm_Cmd.inp
FCARM FILE CONVERTER V2.59
Completed 20 File(s), Ratio 89%
compiling Web.c...
compiling main.c...
linking...
Program Size: Code=107400 RO-data=37196 RW-data=232 ZI-data=325244  
".\Debug\HTTP_Server.axf" - 0 Error(s), 0 Warning(s).

<h2>Software Packages used:</h2>

Package Vendor: ARM
                https://www.keil.com/pack/ARM.CMSIS.6.0.0.pack
                ARM::CMSIS@6.0.0
                CMSIS (Common Microcontroller Software Interface Standard)
   * Component: Ethernet MAC Version: 2.2.0
   * Component: Ethernet PHY Version: 2.2.0
   * Component: OS Tick Version: 1.0.1
   * Component: RTOS2 Version: 2.3.0
   * Component: CORE Version: 6.0.0
   * Component: SysTick Version: 1.0.5

Package Vendor: ARM
                https://www.keil.com/pack/ARM.CMSIS-Compiler.2.0.0.pack
                ARM::CMSIS-Compiler@2.0.0
                CMSIS Compiler extensions for Arm Compiler, GCC, Clang, and IAR Compiler
   * Component: STDOUT Version: 1.0.0
   * Component: CORE Version: 1.0.0
   * Component: ITM Version: 1.0.0

Package Vendor: ARM
                https://www.keil.com/pack/ARM.CMSIS-Driver.2.8.0.pack
                ARM::CMSIS-Driver@2.8.0
                CMSIS Drivers for external devices
   * Component: LAN8742A Version: 1.3.0

Package Vendor: ARM
                https://www.keil.com/pack/ARM.CMSIS-RTX.5.8.0.pack
                ARM::CMSIS-RTX@5.8.0
                RTX RTOS implementation of CMSIS-RTOS2 API
   * Component: Keil RTX5 Variant: Source Version: 5.8.0

Package Vendor: ARM
                https://www.keil.com/pack/ARM.CMSIS-View.1.1.0.pack
                ARM::CMSIS-View@1.1.0
                Debugger visualization of software events and statistics
   * Component: Event Recorder Variant: DAP Version: 1.5.3

Package Vendor: Keil
                https://www.keil.com/pack/Keil.MDK-Middleware.7.17.0.pack
                Keil::MDK-Middleware@7.17.0
                Middleware for Keil MDK-Professional and MDK-Plus
   * Component: Buttons Version: 1.0.0
   * Component: Graphic LCD Version: 1.0.0
   * Component: LED Version: 1.0.0
   * Component: CORE Variant: IPv4/IPv6 Debug Version: 7.19.0
   * Component: ETH Version: 7.19.0
   * Component: Web Server Compact Variant: HTTP Version: 7.19.0
   * Component: TCP Version: 7.19.0
   * Component: UDP Version: 7.19.0

Package Vendor: Keil
                https://www.keil.com/pack/Keil.STM32F7xx_DFP.2.16.0.pack
                Keil::STM32F7xx_DFP@2.16.0
                STMicroelectronics STM32F7 Series Device Support, Drivers and Examples
   * Component: STM32Cube Framework Version: 1.0.0
   * Component: Buttons Version: 1.1.1
   * Component: SDRAM Version: 1.1.1
   * Component: Graphic LCD Version: 1.1.1
   * Component: LED Version: 1.1.1
   * Component: Ethernet MAC Version: 1.12.0
   * Component: Classic Version: 1.3.0
   * Component: ADC Version: 1.3.0
   * Component: Common Version: 1.3.0
   * Component: Cortex Version: 1.3.0
   * Component: DMA Version: 1.3.0
   * Component: GPIO Version: 1.3.0
   * Component: LTDC Version: 1.3.0
   * Component: PWR Version: 1.3.0
   * Component: RCC Version: 1.3.0
   * Component: SDRAM Version: 1.3.0
   * Component: SRAM Version: 1.3.0
   * Component: Startup Version: 1.2.5

<h2>Collection of Component include folders:</h2>
  ./RTE/CMSIS
  ./RTE/CMSIS-View
  ./RTE/Device/STM32F746NGHx
  ./RTE/Network
  ./RTE/_Debug
  C:/Users/u0081767/AppData/Local/Arm/Packs/ARM/CMSIS-Compiler/2.0.0/include
  C:/Users/u0081767/AppData/Local/Arm/Packs/ARM/CMSIS-RTX/5.8.0/Include
  C:/Users/u0081767/AppData/Local/Arm/Packs/ARM/CMSIS-View/1.1.0/EventRecorder/Include
  C:/Users/u0081767/AppData/Local/Arm/Packs/ARM/CMSIS/6.0.0/CMSIS/Core/Include
  C:/Users/u0081767/AppData/Local/Arm/Packs/ARM/CMSIS/6.0.0/CMSIS/Driver/Include
  C:/Users/u0081767/AppData/Local/Arm/Packs/ARM/CMSIS/6.0.0/CMSIS/RTOS2/Include
  C:/Users/u0081767/AppData/Local/Arm/Packs/Keil/MDK-Middleware/7.17.0/Board
  C:/Users/u0081767/AppData/Local/Arm/Packs/Keil/MDK-Middleware/7.17.0/Network/Include
  C:/Users/u0081767/AppData/Local/Arm/Packs/Keil/STM32F7xx_DFP/2.16.0/Drivers/BSP/STM32746G-Discovery
  C:/Users/u0081767/AppData/Local/Arm/Packs/Keil/STM32F7xx_DFP/2.16.0/Drivers/CMSIS/Device/ST/STM32F7xx/Include
  C:/Users/u0081767/AppData/Local/Arm/Packs/Keil/STM32F7xx_DFP/2.16.0/Drivers/STM32F7xx_HAL_Driver/Inc
  C:/Users/u0081767/AppData/Local/Arm/Packs/Keil/STM32F7xx_DFP/2.16.0/MDK/Boards/ST/STM32F746G_Discovery/Common

<h2>Collection of Component Files used:</h2>

   * Component: ::Board Support:Buttons(API)@1.0.0
      Include file:  Board/Board_Buttons.h

   * Component: ::Board Support:Graphic LCD(API)@1.0.0
      Include file:  Board/Board_GLCD.h

   * Component: ::Board Support:LED(API)@1.0.0
      Include file:  Board/Board_LED.h

   * Component: ::CMSIS Driver:Ethernet MAC(API)@2.2.0
      Include file:  CMSIS/Driver/Include/Driver_ETH_MAC.h

   * Component: ::CMSIS Driver:Ethernet PHY(API)@2.2.0
      Include file:  CMSIS/Driver/Include/Driver_ETH_PHY.h

   * Component: ::CMSIS-Compiler:STDOUT(API)@1.0.0
      Include file:  include/retarget_stdout.h

   * Component: ::CMSIS:OS Tick(API)@1.0.1
      Include file:  CMSIS/RTOS2/Include/os_tick.h

   * Component: ::CMSIS:RTOS2(API)@2.3.0
      Include file:  CMSIS/RTOS2/Include/cmsis_os2.h

   * Component: ::Device:STM32Cube Framework(API)@1.0.0

   * Component: ARM::CMSIS-Compiler:CORE@1.0.0
      Source file:   source/armcc/retarget_io.c

   * Component: ARM::CMSIS-Compiler:STDOUT:ITM@1.0.0
      Source file:   source/stdout_itm.c

   * Component: ARM::CMSIS-View:Event Recorder&DAP@1.5.3
      Source file:   EventRecorder/Source/EventRecorder.c
      Include file:  EventRecorder/Config/EventRecorderConf.h
      Include file:  EventRecorder/Include/EventRecorder.h

   * Component: ARM::CMSIS:CORE@6.0.0

   * Component: ARM::CMSIS:OS Tick:SysTick@1.0.5
      Source file:   CMSIS/RTOS2/Source/os_systick.c

   * Component: ARM::CMSIS:RTOS2:Keil RTX5&Source@5.8.0
      Source file:   Template/Thread.c
      Source file:   Source/rtx_msgqueue.c
      Source file:   Source/rtx_thread.c
      Source file:   Template/main.c
      Include file:  Config/RTX_Config.h
      Source file:   Source/rtx_delay.c
      Source file:   Source/rtx_evr.c
      Source file:   Source/rtx_semaphore.c
      Include file:  Include/rtx_os.h
      Source file:   Source/rtx_lib.c
      Source file:   Template/Mutex.c
      Source file:   Source/GCC/irq_armv7m.S
      Source file:   Source/rtx_kernel.c
      Source file:   Source/rtx_evflags.c
      Source file:   Template/Events.c
      Source file:   Template/svc_user.c
      Source file:   Source/rtx_system.c
      Source file:   Source/rtx_mutex.c
      Source file:   Config/RTX_Config.c
      Source file:   Template/MsgQueue.c
      Source file:   Template/Timer.c
      Source file:   Source/rtx_memory.c
      Source file:   Template/MemPool.c
      Source file:   Template/Semaphore.c
      Source file:   Source/rtx_timer.c
      Source file:   Source/rtx_mempool.c

   * Component: Keil::Board Support&STM32F746G-Discovery:Buttons@1.1.1
      Source file:   MDK/Boards/ST/STM32F746G_Discovery/Common/Buttons_746G_Discovery.c

   * Component: Keil::Board Support&STM32F746G-Discovery:Drivers:SDRAM@1.1.1
      Include file:  Drivers/BSP/STM32746G-Discovery/stm32746g_discovery_sdram.h
      Source file:   Drivers/BSP/STM32746G-Discovery/stm32746g_discovery_sdram.c

   * Component: Keil::Board Support&STM32F746G-Discovery:Graphic LCD@1.1.1
      Include file:  MDK/Boards/ST/STM32F746G_Discovery/Common/GLCD_Config.h
      Source file:   MDK/Boards/ST/STM32F746G_Discovery/Common/GLCD_746G_Discovery.c
      Source file:   MDK/Boards/ST/STM32F746G_Discovery/Common/GLCD_Fonts.c

   * Component: Keil::Board Support&STM32F746G-Discovery:LED@1.1.1
      Source file:   MDK/Boards/ST/STM32F746G_Discovery/Common/LED_746G_Discovery.c

   * Component: Keil::CMSIS Driver:Ethernet MAC@1.12.0
      Source file:   CMSIS/Driver/EMAC_STM32F7xx.c

   * Component: Keil::CMSIS Driver:Ethernet PHY:LAN8742A@1.3.0
      Source file:   Ethernet_PHY/LAN8742A/PHY_LAN8742A.c

   * Component: Keil::Device:STM32Cube Framework:Classic@1.3.0
      Source file:   MDK/Templates/Src/stm32f7xx_it.c
      Include file:  MDK/Templates_LL/Inc/main.h
      Source file:   MDK/Templates_LL/Src/main.c
      Include file:  CMSIS/Driver/Config/RTE_Device.h
      Include file:  MDK/Templates/Inc/stm32f7xx_hal_conf.h
      Include file:  MDK/Templates/Inc/stm32f7xx_it.h
      Include file:  MDK/Templates/Inc/main.h
      Source file:   MDK/Templates/Src/main.c
      Source file:   MDK/Templates/Src/stm32f7xx_hal_msp.c

   * Component: Keil::Device:STM32Cube HAL:ADC@1.3.0
      Source file:   Drivers/STM32F7xx_HAL_Driver/Src/stm32f7xx_hal_adc_ex.c
      Source file:   Drivers/STM32F7xx_HAL_Driver/Src/stm32f7xx_hal_adc.c

   * Component: Keil::Device:STM32Cube HAL:Common@1.3.0
      Source file:   Drivers/STM32F7xx_HAL_Driver/Src/stm32f7xx_hal.c
      Include file:  Drivers/STM32F7xx_HAL_Driver/Inc/stm32f7xx_hal.h

   * Component: Keil::Device:STM32Cube HAL:Cortex@1.3.0
      Source file:   Drivers/STM32F7xx_HAL_Driver/Src/stm32f7xx_hal_cortex.c

   * Component: Keil::Device:STM32Cube HAL:DMA@1.3.0
      Source file:   Drivers/STM32F7xx_HAL_Driver/Src/stm32f7xx_hal_dma_ex.c
      Source file:   Drivers/STM32F7xx_HAL_Driver/Src/stm32f7xx_hal_dma.c

   * Component: Keil::Device:STM32Cube HAL:GPIO@1.3.0
      Source file:   Drivers/STM32F7xx_HAL_Driver/Src/stm32f7xx_hal_gpio.c

   * Component: Keil::Device:STM32Cube HAL:LTDC@1.3.0
      Source file:   Drivers/STM32F7xx_HAL_Driver/Src/stm32f7xx_hal_ltdc_ex.c
      Source file:   Drivers/STM32F7xx_HAL_Driver/Src/stm32f7xx_hal_ltdc.c

   * Component: Keil::Device:STM32Cube HAL:PWR@1.3.0
      Source file:   Drivers/STM32F7xx_HAL_Driver/Src/stm32f7xx_hal_pwr.c
      Source file:   Drivers/STM32F7xx_HAL_Driver/Src/stm32f7xx_hal_pwr_ex.c

   * Component: Keil::Device:STM32Cube HAL:RCC@1.3.0
      Source file:   Drivers/STM32F7xx_HAL_Driver/Src/stm32f7xx_hal_rcc.c
      Source file:   Drivers/STM32F7xx_HAL_Driver/Src/stm32f7xx_hal_rcc_ex.c

   * Component: Keil::Device:STM32Cube HAL:SDRAM@1.3.0
      Source file:   Drivers/STM32F7xx_HAL_Driver/Src/stm32f7xx_ll_fmc.c
      Source file:   Drivers/STM32F7xx_HAL_Driver/Src/stm32f7xx_hal_sdram.c

   * Component: Keil::Device:STM32Cube HAL:SRAM@1.3.0
      Source file:   Drivers/STM32F7xx_HAL_Driver/Src/stm32f7xx_ll_fmc.c
      Source file:   Drivers/STM32F7xx_HAL_Driver/Src/stm32f7xx_hal_sram.c

   * Component: Keil::Device:Startup@1.2.5
      Source file:   MDK/Device/Source/ARM/STM32F74x_75x_OPT.s
      Include file:  Drivers/CMSIS/Device/ST/STM32F7xx/Include/stm32f7xx.h
      Source file:   MDK/Device/Source/ARM/STM32F74x_75x_OTP.s
      Source file:   Drivers/CMSIS/Device/ST/STM32F7xx/Source/Templates/arm/startup_stm32f746xx.s
      Source file:   Drivers/CMSIS/Device/ST/STM32F7xx/Source/Templates/system_stm32f7xx.c

   * Component: Keil::Network&MDK-Pro:CORE&IPv4/IPv6 Debug@7.19.0
      Source file:   Network/Config/Net_Debug.c
      Include file:  Network/Include/rl_net.h
      Source file:   Network/Config/Net_Config.c
      Library file:  Network/Lib/ARM/Net_Dbg_CM3_L.lib

   * Component: Keil::Network&MDK-Pro:Interface:ETH@7.19.0
      Include file:  Network/Config/Net_Config_ETH.h

   * Component: Keil::Network&MDK-Pro:Service:Web Server Compact&HTTP@7.19.0
      Include file:  Network/Config/Net_Config_HTTP_Server.h
      Source file:   Network/Template/HTTP_Server_Access.c
      Source file:   Network/Template/HTTP_Server_CGI.c
      Source file:   Network/Template/HTTP_Server_Multiuser.c
      Source file:   Network/Template/HTTP_Server_Error.c

   * Component: Keil::Network&MDK-Pro:Socket:TCP@7.19.0
      Include file:  Network/Config/Net_Config_TCP.h
      Source file:   Network/Template/TCP_Socket_Client.c
      Source file:   Network/Template/TCP_Socket_Server.c

   * Component: Keil::Network&MDK-Pro:Socket:UDP@7.19.0
      Source file:   Network/Template/UDP_Socket.c
      Include file:  Network/Config/Net_Config_UDP.h
Build Time Elapsed:  00:00:09
</pre>
</body>
</html>
