Component: Arm Compiler for Embedded 6.21 Tool: armlink [5ec1fa00]

==============================================================================

Section Cross References

    main.o(.text) refers to rtx_kernel.o(.text) for osKernelGetState
    main.o(.text) refers to system_stm32f7xx.o(.data.SystemCoreClock) for SystemCoreClock
    main.o(.text) refers to main.o(.bss.HAL_GetTick.ticks) for HAL_GetTick.ticks
    main.o(.text) refers to stm32f7xx_hal_cortex.o(.text) for HAL_MPU_Disable
    main.o(.text) refers to stm32f7xx_hal.o(.text) for HAL_Init
    main.o(.text) refers to stm32f7xx_hal_rcc.o(.text) for HAL_RCC_OscConfig
    main.o(.text) refers to stm32f7xx_hal_pwr_ex.o(.text) for HAL_PWREx_EnableOverDrive
    main.o(.text) refers to system_stm32f7xx.o(.text) for SystemCoreClockUpdate
    main.o(.text) refers to http_server.o(.text) for app_main
    main.o(.text) refers to http_server.o(.rodata.app_main_attr) for app_main_attr
    main.o(.text) refers to rtx_thread.o(.text) for osThreadNew
    main.o(.ARM.exidx) refers to main.o(.text) for [Anonymous Symbol]
    http_server.o(.text) refers to buttons_746g_discovery.o(.text) for Buttons_GetState
    http_server.o(.text) refers to http_server.o(.bss.TID_Display) for TID_Display
    http_server.o(.text) refers to rtx_thread.o(.text) for osThreadFlagsSet
    http_server.o(.text) refers to led_746g_discovery.o(.text) for LED_Initialize
    http_server.o(.text) refers to net_sys.o(.text.netInitialize) for netInitialize
    http_server.o(.text) refers to http_server.o(.bss.TID_Led) for TID_Led
    http_server.o(.text) refers to http_server.o(.bss.LEDrun) for LEDrun
    http_server.o(.text) refers to rtx_delay.o(.text) for osDelay
    http_server.o(.text) refers to glcd_746g_discovery.o(.text) for GLCD_Initialize
    http_server.o(.text) refers to glcd_fonts.o(.rodata.GLCD_Font_16x24) for GLCD_Font_16x24
    http_server.o(.text) refers to http_server.o(.bss.Display.ip_addr) for Display.ip_addr
    http_server.o(.text) refers to net_sys.o(.text.netIF_GetOption) for netIF_GetOption
    http_server.o(.text) refers to http_server.o(.bss.Display.ip_ascii) for Display.ip_ascii
    http_server.o(.text) refers to net_addr.o(.text.netIP_ntoa) for netIP_ntoa
    http_server.o(.text) refers to http_server.o(.bss.Display.buf) for Display.buf
    http_server.o(.text) refers to printfa.o(i.__0sprintf) for __2sprintf
    http_server.o(.text) refers to strcpy.o(.text) for strcpy
    http_server.o(.text) refers to http_server.o(.data.lcd_text) for lcd_text
    http_server.o(.text) refers to http_server.o(.rodata.str1.1) for .L.str.6
    http_server.o(.ARM.exidx) refers to http_server.o(.text) for [Anonymous Symbol]
    http_server.o(.rodata.app_main_attr) refers to http_server.o(.bss.app_main_stk) for app_main_stk
    http_server_cgi.o(.text) refers to http_server_cgi.o(.bss.ip_addr) for ip_addr
    http_server_cgi.o(.text) refers to net_http_server.o(.text.netCGI_GetEnvVar) for netCGI_GetEnvVar
    http_server_cgi.o(.text) refers to net_addr.o(.text.netIP_aton) for netIP_aton
    http_server_cgi.o(.text) refers to net_sys.o(.text.netIF_SetOption) for netIF_SetOption
    http_server_cgi.o(.text) refers to http_server_cgi.o(.bss.P2) for P2
    http_server_cgi.o(.text) refers to http_server.o(.bss.LEDrun) for LEDrun
    http_server_cgi.o(.text) refers to memcmp.o(.text) for memcmp
    http_server_cgi.o(.text) refers to http_server.o(.data.lcd_text) for lcd_text
    http_server_cgi.o(.text) refers to net_http_server.o(.text.netHTTPs_LoginActive) for netHTTPs_LoginActive
    http_server_cgi.o(.text) refers to strcpy.o(.text) for strcpy
    http_server_cgi.o(.text) refers to strcmp.o(.text) for strcmp
    http_server_cgi.o(.text) refers to net_http_server.o(.text.netHTTPs_SetPassword) for netHTTPs_SetPassword
    http_server_cgi.o(.text) refers to http_server.o(.bss.TID_Display) for TID_Display
    http_server_cgi.o(.text) refers to rtx_thread.o(.text) for osThreadFlagsSet
    http_server_cgi.o(.text) refers to led_746g_discovery.o(.text) for LED_SetOut
    http_server_cgi.o(.text) refers to http_server_cgi.o(.rodata.str1.1) for .L.str.13
    http_server_cgi.o(.text) refers to printfa.o(i.__0sprintf) for __2sprintf
    http_server_cgi.o(.text) refers to net_tcp.o(.text.netTCP_GetState) for netTCP_GetState
    http_server_cgi.o(.text) refers to memcpya.o(.text) for __aeabi_memcpy
    http_server_cgi.o(.text) refers to net_tcp.o(.text.netTCP_GetLocalPort) for netTCP_GetLocalPort
    http_server_cgi.o(.text) refers to net_tcp.o(.text.netTCP_GetPeer) for netTCP_GetPeer
    http_server_cgi.o(.text) refers to http_server_cgi.o(.bss.ip_string) for ip_string
    http_server_cgi.o(.text) refers to net_addr.o(.text.netIP_ntoa) for netIP_ntoa
    http_server_cgi.o(.text) refers to net_tcp.o(.text.netTCP_GetTimer) for netTCP_GetTimer
    http_server_cgi.o(.text) refers to http_server.o(.text) for AD_in
[...]
    net_addr6_all_routers                    0x08021e60   Data          16  net_ip6.o(.rodata.net_addr6_all_routers)
    net_addr6_loopback                       0x08021e70   Data          16  net_ip6.o(.rodata.net_addr6_loopback)
    net_addr_bcast                           0x08021e80   Data           6  net_addr.o(.rodata.net_addr_bcast)
    net_addr_unspec                          0x08021e86   Data          16  net_addr.o(.rodata.net_addr_unspec)
    net_arp_list                             0x08021e98   Data           8  net_config.o(.rodata.net_arp_list)
    net_dhcp6_list                           0x08021ef0   Data           8  net_config.o(.rodata.net_dhcp6_list)
    net_dhcp_list                            0x08021ef8   Data           8  net_config.o(.rodata.net_dhcp_list)
    net_eth0_if_config                       0x08021f00   Data          44  net_config.o(.rodata.net_eth0_if_config)
    net_eth_list                             0x08021f2c   Data           8  net_config.o(.rodata.net_eth_list)
    net_http_auth_basic_func                 0x08021f34   Data          24  net_http_server_auth.o(.rodata.net_http_auth_basic_func)
    net_http_config                          0x08021f4c   Data          52  net_config.o(.rodata.net_http_config)
    net_http_error                           0x08021f80   Data          24  net_http_server_err.o(.rodata.net_http_error)
    net_icmp6_list                           0x08021f98   Data           8  net_config.o(.rodata.net_icmp6_list)
    net_icmp_list                            0x08021fa0   Data           8  net_config.o(.rodata.net_icmp_list)
    net_if_inet_def                          0x08021fa8   Data           8  net_config.o(.rodata.net_if_inet_def)
    net_if_link_def                          0x08021fb0   Data           8  net_config.o(.rodata.net_if_link_def)
    net_if_list_all                          0x08021fb8   Data           8  net_config.o(.rodata.net_if_list_all)
    net_if_list_lan                          0x08021fc0   Data           8  net_config.o(.rodata.net_if_list_lan)
    net_ip4_frag_config                      0x08021fc8   Data           8  net_config.o(.rodata.net_ip4_frag_config)
    net_ip6_frag_config                      0x08021fd0   Data           8  net_config.o(.rodata.net_ip6_frag_config)
    net_lib_version                          0x08021fd8   Data           4  net_version.o(.rodata.net_lib_version)
    network_ip4ip6_debug_v7.19.0             0x08021fd8   Data           4  net_version.o(.rodata.net_lib_version)
    net_loop_if_config                       0x08021fec   Data          44  net_loopback.o(.rodata.net_loop_if_config)
    net_nbns_config                          0x08022018   Data           8  net_config.o(.rodata.net_nbns_config)
    net_ndp_list                             0x08022020   Data           8  net_config.o(.rodata.net_ndp_list)
    net_ping_payload                         0x08022028   Data          18  net_ping_core.o(.rodata.net_ping_payload)
    net_sys_config                           0x0802203c   Data          28  net_config.o(.rodata.net_sys_config)
    net_tcp_config                           0x08022058   Data          24  net_config.o(.rodata.net_tcp_config)
    net_udp_config                           0x080220a4   Data          12  net_config.o(.rodata.net_udp_config)
    netif_getopt_func                        0x080220b0   Data          16  net_config.o(.rodata.netif_getopt_func)
    netif_setopt_func                        0x080220c0   Data          16  net_config.o(.rodata.netif_setopt_func)
    osRtxUserSVC                             0x080220d0   Data           4  rtx_lib.o(.rodata.osRtxUserSVC)
    Region$$Table$$Base                      0x08022758   Number         0  anon$$obj.o(Region$$Table)
    Region$$Table$$Limit                     0x08022778   Number         0  anon$$obj.o(Region$$Table)
    SystemCoreClock                          0x20000000   Data           4  system_stm32f7xx.o(.data.SystemCoreClock)
    lcd_text                                 0x20000006   Data          42  http_server.o(.data.lcd_text)
    osRtxInfo                                0x20000030   Data         164  rtx_kernel.o(.data.os)
    uwTickFreq                               0x200000d4   Data           1  stm32f7xx_hal.o(.data.uwTickFreq)
    uwTickPrio                               0x200000d8   Data           4  stm32f7xx_hal.o(.data.uwTickPrio)
    net_http_control                         0x20000108   Data          20  net_http_server.o(.bss..L_MergedGlobals)
    net_sys_control                          0x2000015c   Data          28  net_sys.o(.bss..L_MergedGlobals)
    LEDrun                                   0x200002ac   Data           1  http_server.o(.bss.LEDrun)
    TID_Display                              0x20000368   Data           4  http_server.o(.bss.TID_Display)
    TID_Led                                  0x2000036c   Data           4  http_server.o(.bss.TID_Led)
    app_main_stk                             0x20000390   Data        1024  http_server.o(.bss.app_main_stk)
    net_dbg_buf                              0x20003ef0   Data          36  net_sys.o(.bss.net_dbg_buf)
    net_eth0_arp_control                     0x20003f14   Data          24  net_arp.o(.bss.net_eth0_arp_control)
    net_eth0_dhcp6_control                   0x20003f2c   Data          68  net_dhcp6_client.o(.bss.net_eth0_dhcp6_control)
    net_eth0_dhcp_control                    0x20003f70   Data          40  net_dhcp_client.o(.bss.net_eth0_dhcp_control)
    net_eth0_icmp6_control                   0x20003f98   Data           1  net_icmp6.o(.bss.net_eth0_icmp6_control)
    net_eth0_icmp_control                    0x20003f99   Data           1  net_icmp.o(.bss.net_eth0_icmp_control)
    net_eth0_if_control                      0x20003f9c   Data         160  net_eth.o(.bss.net_eth0_if_control)
    net_eth0_ndp_control                     0x2000403c   Data          68  net_ndp.o(.bss.net_eth0_ndp_control)
    net_ping_control                         0x20004084   Data          44  net_ping_core.o(.bss.net_ping_control)
    .bss.os.msgqueue.cb$$Base                0x2000c514   Number         0  rtx_lib.o(.bss.os.msgqueue.cb)
    .bss.os.msgqueue.cb$$Limit               0x2000c548   Number         0  rtx_lib.o(.bss.os.msgqueue.cb)
    .bss.os.mutex.cb$$Base                   0x2000c598   Number         0  net_config.o(.bss.os.mutex.cb)
    .bss.os.mutex.cb$$Limit                  0x2000c5d0   Number         0  net_config.o(.bss.os.mutex.cb)
    .bss.os.semaphore.cb$$Base               0x2000c5d0   Number         0  net_config.o(.bss.os.semaphore.cb)
    .bss.os.semaphore.cb$$Limit              0x2000c5e0   Number         0  net_config.o(.bss.os.semaphore.cb)
    .bss.os.thread.cb$$Base                  0x2000c5e0   Number         0  rtx_lib.o(.bss.os.thread.cb)
    .bss.os.thread.cb$$Limit                 0x2000c720   Number         0  net_config.o(.bss.os.thread.cb)
    .bss.os.timer.cb$$Base                   0x2000cb20   Number         0  net_config.o(.bss.os.timer.cb)
    .bss.os.timer.cb$$Limit                  0x2000cb40   Number         0  net_config.o(.bss.os.timer.cb)
    sdramHandle                              0x2000cb40   Data          52  stm32746g_discovery_sdram.o(.bss.sdramHandle)
    uwTick                                   0x2000cdf0   Data           4  stm32f7xx_hal.o(.bss.uwTick)
    __initial_sp                             0x2000d1f8   Data           0  startup_stm32f746xx.o(STACK)



==============================================================================

Memory Map of the image

  Image Entry point : 0x080001c9

  Load Region LR_IROM1 (Base: 0x08000000, Size: 0x00022858, Max: 0x00100000, ABSOLUTE)

    Execution Region ER_IROM1 (Exec base: 0x08000000, Load base: 0x08000000, Size: 0x00022778, Max: 0x00100000, ABSOLUTE)

    Exec Addr    Load Addr    Size         Type   Attr      Idx    E Section Name        Object

    0x08000000   0x08000000   0x000001c8   Data   RO          427    RESET               startup_stm32f746xx.o
    0x080001c8   0x080001c8   0x00000000   Code   RO         1836  * .ARM.Collect$$$$00000000  mc_w.l(entry.o)
    0x080001c8   0x080001c8   0x00000004   Code   RO         2122    .ARM.Collect$$$$00000001  mc_w.l(entry2.o)
    0x080001cc   0x080001cc   0x00000004   Code   RO         2125    .ARM.Collect$$$$00000004  mc_w.l(entry5.o)
    0x080001d0   0x080001d0   0x00000000   Code   RO         2127    .ARM.Collect$$$$00000008  mc_w.l(entry7b.o)
    0x080001d0   0x080001d0   0x00000000   Code   RO         2129    .ARM.Collect$$$$0000000A  mc_w.l(entry8b.o)
    0x080001d0   0x080001d0   0x00000008   Code   RO         2130    .ARM.Collect$$$$0000000B  mc_w.l(entry9a.o)
    0x080001d8   0x080001d8   0x00000000   Code   RO         2132    .ARM.Collect$$$$0000000D  mc_w.l(entry10a.o)
    0x080001d8   0x080001d8   0x00000000   Code   RO         2134    .ARM.Collect$$$$0000000F  mc_w.l(entry11a.o)
    0x080001d8   0x080001d8   0x00000004   Code   RO         2123    .ARM.Collect$$$$00002712  mc_w.l(entry2.o)
    0x080001dc   0x080001dc   0x00000004   PAD
    0x080001e0   0x080001e0   0x000001fa   Code   RO            1    .text               main.o
    0x080003da   0x080003da   0x00000006   PAD
    0x080003e0   0x080003e0   0x00000230   Code   RO           11    .text               http_server.o
    0x08000610   0x08000610   0x000007a8   Code   RO           29    .text               http_server_cgi.o
    0x08000db8   0x08000db8   0x0000007a   Code   RO           42    .text               web.o
    0x08000e32   0x08000e32   0x00000006   PAD
    0x08000e38   0x08000e38   0x0000042c   Code   RO           53    .text               stm32746g_discovery_sdram.o
    0x08001264   0x08001264   0x00000004   PAD
    0x08001268   0x08001268   0x0000007c   Code   RO           69    .text               buttons_746g_discovery.o
    0x080012e4   0x080012e4   0x00000004   PAD
    0x080012e8   0x080012e8   0x000006ea   Code   RO           77    .text               glcd_746g_discovery.o
    0x080019d2   0x080019d2   0x00000006   PAD
    0x080019d8   0x080019d8   0x000000bc   Code   RO          100    .text               led_746g_discovery.o
    0x08001a94   0x08001a94   0x00000100   Code   RO          108    .text               irq_armv7m.o
    0x08001b94   0x08001b94   0x00000004   PAD
    0x08001b98   0x08001b98   0x000000ee   Code   RO          115    .text               rtx_delay.o
    0x08001c86   0x08001c86   0x00000002   PAD
    0x08001c88   0x08001c88   0x0000116c   Code   RO          132    .text               rtx_evr.o
    0x08002df4   0x08002df4   0x00000004   PAD
    0x08002df8   0x08002df8   0x00000906   Code   RO          140    .text               rtx_kernel.o
    0x080036fe   0x080036fe   0x00000002   PAD
    0x08003700   0x08003700   0x00000114   Code   RO          169    .text               rtx_memory.o
    0x08003814   0x08003814   0x00000004   PAD
    0x08003818   0x08003818   0x000009ae   Code   RO          177    .text               rtx_mempool.o
    0x080041c6   0x080041c6   0x00000002   PAD
    0x080041c8   0x080041c8   0x00000cc8   Code   RO          186    .text               rtx_msgqueue.o
    0x08004e90   0x08004e90   0x000005c4   Code   RO          195    .text               rtx_mutex.o
    0x08005454   0x08005454   0x00000004   PAD
    0x08005458   0x08005458   0x00000504   Code   RO          204    .text               rtx_semaphore.o
    0x0800595c   0x0800595c   0x00000004   PAD
    0x08005960   0x08005960   0x000001ae   Code   RO          213    .text               rtx_system.o
    0x08005b0e   0x08005b0e   0x00000002   PAD
    0x08005b10   0x08005b10   0x00001d70   Code   RO          222    .text               rtx_thread.o
    0x08007880   0x08007880   0x00000562   Code   RO          231    .text               rtx_timer.o
    0x08007de2   0x08007de2   0x00000006   PAD
    0x08007de8   0x08007de8   0x00000118   Code   RO          240    .text               os_systick.o
    0x08007f00   0x08007f00   0x0000000a   Code   RO          249    .text               rtx_config.o
    0x08007f0a   0x08007f0a   0x00000006   PAD
    0x08007f10   0x08007f10   0x00000280   Code   RO          256    .text               phy_lan8742a.o
    0x08008190   0x08008190   0x00000b96   Code   RO          269    .text               emac_stm32f7xx.o
    0x08008d26   0x08008d26   0x00000002   PAD
    0x08008d28   0x08008d28   0x00001240   Code   RO          282    .text               eventrecorder.o
    0x08009f68   0x08009f68   0x000002da   Code   RO          293    .text               stm32f7xx_hal.o
    0x0800a242   0x0800a242   0x00000006   PAD
    0x0800a248   0x0800a248   0x000002e2   Code   RO          321    .text               stm32f7xx_hal_cortex.o
    0x0800a52a   0x0800a52a   0x00000006   PAD
    0x0800a530   0x0800a530   0x00000754   Code   RO          330    .text               stm32f7xx_hal_dma.o
    0x0800ac84   0x0800ac84   0x00000004   PAD
    0x0800ac88   0x0800ac88   0x0000032a   Code   RO          349    .text               stm32f7xx_hal_gpio.o
    0x0800afb2   0x0800afb2   0x00000006   PAD
    0x0800afb8   0x0800afb8   0x00000b76   Code   RO          358    .text               stm32f7xx_hal_ltdc.o
    0x0800bb2e   0x0800bb2e   0x00000002   PAD
    0x0800bb30   0x0800bb30   0x00000354   Code   RO          376    .text               stm32f7xx_hal_pwr_ex.o
    0x0800be84   0x0800be84   0x00000004   PAD
    0x0800be88   0x0800be88   0x00000902   Code   RO          384    .text               stm32f7xx_hal_rcc.o
    0x0800c78a   0x0800c78a   0x00000006   PAD
    0x0800c790   0x0800c790   0x00000958   Code   RO          393    .text               stm32f7xx_hal_rcc_ex.o
    0x0800d0e8   0x0800d0e8   0x0000056e   Code   RO          401    .text               stm32f7xx_hal_sdram.o
    0x0800d656   0x0800d656   0x00000002   PAD
    0x0800d658   0x0800d658   0x000004ce   Code   RO          417    .text               stm32f7xx_ll_fmc.o
    0x0800db26   0x0800db26   0x00000002   PAD
    0x0800db28   0x0800db28   0x00000024   Code   RO          428    .text               startup_stm32f746xx.o
    0x0800db4c   0x0800db4c   0x00000004   PAD
    0x0800db50   0x0800db50   0x0000009a   Code   RO          434    .text               system_stm32f7xx.o
    0x0800dbea   0x0800dbea   0x00000006   PAD
    0x0800dbf0   0x0800dbf0   0x0000027c   Code   RO          445    .text               net_config.o
    0x0800de6c   0x0800de6c   0x00000004   PAD
    0x0800de70   0x0800de70   0x0000012a   Code   RO          513    .text               net_debug.o
    0x0800df9a   0x0800df9a   0x00000062   Code   RO         1839    .text               mc_w.l(uldiv.o)
    0x0800dffc   0x0800dffc   0x00000024   Code   RO         1841    .text               mc_w.l(memcpya.o)
    0x0800e020   0x0800e020   0x00000024   Code   RO         1843    .text               mc_w.l(memseta.o)
    0x0800e044   0x0800e044   0x0000000e   Code   RO         1845    .text               mc_w.l(strlen.o)
    0x0800e052   0x0800e052   0x0000001c   Code   RO         1847    .text               mc_w.l(strcmp.o)
    0x0800e06e   0x0800e06e   0x0000001a   Code   RO         1849    .text               mc_w.l(memcmp.o)
    0x0800e088   0x0800e088   0x00000012   Code   RO         1851    .text               mc_w.l(strcpy.o)
    0x0800e09a   0x0800e09a   0x0000001e   Code   RO         1853    .text               mc_w.l(strncmp.o)
    0x0800e0b8   0x0800e0b8   0x000000e4   Code   RO         2118    .text               mf_w.l(dmul.o)
    0x0800e19c   0x0800e19c   0x00000026   Code   RO         2120    .text               mf_w.l(f2d.o)
    0x0800e1c2   0x0800e1c2   0x0000002c   Code   RO         2150    .text               mc_w.l(uidiv.o)
    0x0800e1ee   0x0800e1ee   0x0000001e   Code   RO         2152    .text               mc_w.l(llshl.o)
    0x0800e20c   0x0800e20c   0x00000020   Code   RO         2154    .text               mc_w.l(llushr.o)
    0x0800e22c   0x0800e22c   0x00000000   Code   RO         2156    .text               mc_w.l(iusefp.o)
    0x0800e22c   0x0800e22c   0x000000ba   Code   RO         2157    .text               mf_w.l(depilogue.o)
    0x0800e2e6   0x0800e2e6   0x0000014e   Code   RO         2159    .text               mf_w.l(dadd.o)
    0x0800e434   0x0800e434   0x000000de   Code   RO         2161    .text               mf_w.l(ddiv.o)
    0x0800e512   0x0800e512   0x00000030   Code   RO         2163    .text               mf_w.l(dfixul.o)
    0x0800e542   0x0800e542   0x00000002   PAD
    0x0800e544   0x0800e544   0x00000030   Code   RO         2165    .text               mf_w.l(cdrcmple.o)
    0x0800e574   0x0800e574   0x00000030   Code   RO         2167    .text               mc_w.l(init.o)
    0x0800e5a4   0x0800e5a4   0x00000024   Code   RO         2170    .text               mc_w.l(llsshr.o)
    0x0800e5c8   0x0800e5c8   0x0000000e   Code   RO          559    .text.OUTLINED_FUNCTION_0  Net_Dbg_CM3_L.lib(net_eth.o)
    0x0800e5d6   0x0800e5d6   0x00000006   Code   RO          716    .text.OUTLINED_FUNCTION_0  Net_Dbg_CM3_L.lib(net_ndp.o)
    0x0800e5dc   0x0800e5dc   0x0000000a   Code   RO          758    .text.OUTLINED_FUNCTION_0  Net_Dbg_CM3_L.lib(net_loopback.o)
    0x0800e5e6   0x0800e5e6   0x00000006   Code   RO          782    .text.OUTLINED_FUNCTION_0  Net_Dbg_CM3_L.lib(net_ip4_frag.o)
    0x0800e5ec   0x0800e5ec   0x00000006   Code   RO          829    .text.OUTLINED_FUNCTION_0  Net_Dbg_CM3_L.lib(net_ip6_frag.o)
    0x0800e5f2   0x0800e5f2   0x00000006   Code   RO          914    .text.OUTLINED_FUNCTION_0  Net_Dbg_CM3_L.lib(net_udp.o)
    0x0800e5f8   0x0800e5f8   0x00000006   Code   RO         1040    .text.OUTLINED_FUNCTION_0  Net_Dbg_CM3_L.lib(net_tcp.o)
    0x0800e5fe   0x0800e5fe   0x00000008   Code   RO         1127    .text.OUTLINED_FUNCTION_0  Net_Dbg_CM3_L.lib(net_dhcp_client.o)
    0x0800e606   0x0800e606   0x00000010   Code   RO         1189    .text.OUTLINED_FUNCTION_0  Net_Dbg_CM3_L.lib(net_dhcp6_client.o)
    0x0800e616   0x0800e616   0x00000006   Code   RO         1259    .text.OUTLINED_FUNCTION_0  Net_Dbg_CM3_L.lib(net_nbns_client.o)
    0x0800e61c   0x0800e61c   0x00000008   Code   RO         1378    .text.OUTLINED_FUNCTION_0  Net_Dbg_CM3_L.lib(net_http_server.o)
    0x0800e624   0x0800e624   0x00000008   Code   RO         1522    .text.OUTLINED_FUNCTION_0  Net_Dbg_CM3_L.lib(net_sys.o)
    0x0800e62c   0x0800e62c   0x0000000e   Code   RO         1600    .text.OUTLINED_FUNCTION_0  Net_Dbg_CM3_L.lib(net_addr.o)
    0x0800e63a   0x0800e63a   0x00000006   Code   RO         1685    .text.OUTLINED_FUNCTION_0  Net_Dbg_CM3_L.lib(net_ip6.o)
    0x0800e640   0x0800e640   0x00000006   Code   RO          561    .text.OUTLINED_FUNCTION_1  Net_Dbg_CM3_L.lib(net_eth.o)
    0x0800e646   0x0800e646   0x00000006   Code   RO          718    .text.OUTLINED_FUNCTION_1  Net_Dbg_CM3_L.lib(net_ndp.o)
    0x0800e64c   0x0800e64c   0x0000000a   Code   RO          784    .text.OUTLINED_FUNCTION_1  Net_Dbg_CM3_L.lib(net_ip4_frag.o)
    0x0800e656   0x0800e656   0x0000000a   Code   RO          831    .text.OUTLINED_FUNCTION_1  Net_Dbg_CM3_L.lib(net_ip6_frag.o)
    0x0800e660   0x0800e660   0x00000006   Code   RO          916    .text.OUTLINED_FUNCTION_1  Net_Dbg_CM3_L.lib(net_udp.o)
    0x0800e666   0x0800e666   0x0000000a   Code   RO         1042    .text.OUTLINED_FUNCTION_1  Net_Dbg_CM3_L.lib(net_tcp.o)
    0x0800e670   0x0800e670   0x0000000c   Code   RO         1129    .text.OUTLINED_FUNCTION_1  Net_Dbg_CM3_L.lib(net_dhcp_client.o)
    0x0800e67c   0x0800e67c   0x0000000c   Code   RO         1191    .text.OUTLINED_FUNCTION_1  Net_Dbg_CM3_L.lib(net_dhcp6_client.o)
    0x0800e688   0x0800e688   0x0000000e   Code   RO         1261    .text.OUTLINED_FUNCTION_1  Net_Dbg_CM3_L.lib(net_nbns_client.o)
    0x0800e696   0x0800e696   0x00000008   Code   RO         1380    .text.OUTLINED_FUNCTION_1  Net_Dbg_CM3_L.lib(net_http_server.o)
    0x0800e69e   0x0800e69e   0x0000000a   Code   RO          579    .text.OUTLINED_FUNCTION_10  Net_Dbg_CM3_L.lib(net_eth.o)
    0x0800e6a8   0x0800e6a8   0x0000000a   Code   RO         1060    .text.OUTLINED_FUNCTION_10  Net_Dbg_CM3_L.lib(net_tcp.o)
    0x0800e6b2   0x0800e6b2   0x0000000e   Code   RO         1147    .text.OUTLINED_FUNCTION_10  Net_Dbg_CM3_L.lib(net_dhcp_client.o)
    0x0800e6c0   0x0800e6c0   0x00000010   Code   RO         1209    .text.OUTLINED_FUNCTION_10  Net_Dbg_CM3_L.lib(net_dhcp6_client.o)
    0x0800e6d0   0x0800e6d0   0x00000006   Code   RO         1398    .text.OUTLINED_FUNCTION_10  Net_Dbg_CM3_L.lib(net_http_server.o)
    0x0800e6d6   0x0800e6d6   0x0000000c   Code   RO         1062    .text.OUTLINED_FUNCTION_11  Net_Dbg_CM3_L.lib(net_tcp.o)
    0x0800e6e2   0x0800e6e2   0x0000000c   Code   RO         1211    .text.OUTLINED_FUNCTION_11  Net_Dbg_CM3_L.lib(net_dhcp6_client.o)
    0x0800e6ee   0x0800e6ee   0x00000006   Code   RO         1064    .text.OUTLINED_FUNCTION_12  Net_Dbg_CM3_L.lib(net_tcp.o)
    0x0800e6f4   0x0800e6f4   0x00000010   Code   RO         1213    .text.OUTLINED_FUNCTION_12  Net_Dbg_CM3_L.lib(net_dhcp6_client.o)
    0x0800e704   0x0800e704   0x00000012   Code   RO         1066    .text.OUTLINED_FUNCTION_13  Net_Dbg_CM3_L.lib(net_tcp.o)
    0x0800e716   0x0800e716   0x0000000a   Code   RO         1215    .text.OUTLINED_FUNCTION_13  Net_Dbg_CM3_L.lib(net_dhcp6_client.o)
    0x0800e720   0x0800e720   0x0000000c   Code   RO         1068    .text.OUTLINED_FUNCTION_14  Net_Dbg_CM3_L.lib(net_tcp.o)
    0x0800e72c   0x0800e72c   0x0000000a   Code   RO         1217    .text.OUTLINED_FUNCTION_14  Net_Dbg_CM3_L.lib(net_dhcp6_client.o)
    0x0800e736   0x0800e736   0x0000000e   Code   RO         1070    .text.OUTLINED_FUNCTION_15  Net_Dbg_CM3_L.lib(net_tcp.o)
    0x0800e744   0x0800e744   0x0000000a   Code   RO         1219    .text.OUTLINED_FUNCTION_15  Net_Dbg_CM3_L.lib(net_dhcp6_client.o)
    0x0800e74e   0x0800e74e   0x0000000c   Code   RO         1072    .text.OUTLINED_FUNCTION_16  Net_Dbg_CM3_L.lib(net_tcp.o)
    0x0800e75a   0x0800e75a   0x00000006   Code   RO         1221    .text.OUTLINED_FUNCTION_16  Net_Dbg_CM3_L.lib(net_dhcp6_client.o)
    0x0800e760   0x0800e760   0x00000008   Code   RO         1074    .text.OUTLINED_FUNCTION_17  Net_Dbg_CM3_L.lib(net_tcp.o)
    0x0800e768   0x0800e768   0x0000000e   Code   RO         1223    .text.OUTLINED_FUNCTION_17  Net_Dbg_CM3_L.lib(net_dhcp6_client.o)
    0x0800e776   0x0800e776   0x00000008   Code   RO         1078    .text.OUTLINED_FUNCTION_19  Net_Dbg_CM3_L.lib(net_tcp.o)
    0x0800e77e   0x0800e77e   0x00000006   Code   RO          563    .text.OUTLINED_FUNCTION_2  Net_Dbg_CM3_L.lib(net_eth.o)
    0x0800e784   0x0800e784   0x00000008   Code   RO          720    .text.OUTLINED_FUNCTION_2  Net_Dbg_CM3_L.lib(net_ndp.o)
    0x0800e78c   0x0800e78c   0x00000012   Code   RO          918    .text.OUTLINED_FUNCTION_2  Net_Dbg_CM3_L.lib(net_udp.o)
    0x0800e79e   0x0800e79e   0x00000006   Code   RO         1044    .text.OUTLINED_FUNCTION_2  Net_Dbg_CM3_L.lib(net_tcp.o)
    0x0800e7a4   0x0800e7a4   0x0000000a   Code   RO         1131    .text.OUTLINED_FUNCTION_2  Net_Dbg_CM3_L.lib(net_dhcp_client.o)
    0x0800e7ae   0x0800e7ae   0x0000000c   Code   RO         1193    .text.OUTLINED_FUNCTION_2  Net_Dbg_CM3_L.lib(net_dhcp6_client.o)
    0x0800e7ba   0x0800e7ba   0x0000000a   Code   RO         1382    .text.OUTLINED_FUNCTION_2  Net_Dbg_CM3_L.lib(net_http_server.o)
    0x0800e7c4   0x0800e7c4   0x0000000a   Code   RO         1080    .text.OUTLINED_FUNCTION_20  Net_Dbg_CM3_L.lib(net_tcp.o)
    0x0800e7ce   0x0800e7ce   0x0000000e   Code   RO         1082    .text.OUTLINED_FUNCTION_21  Net_Dbg_CM3_L.lib(net_tcp.o)
    0x0800e7dc   0x0800e7dc   0x0000000a   Code   RO         1084    .text.OUTLINED_FUNCTION_22  Net_Dbg_CM3_L.lib(net_tcp.o)
    0x0800e7e6   0x0800e7e6   0x0000000a   Code   RO         1086    .text.OUTLINED_FUNCTION_23  Net_Dbg_CM3_L.lib(net_tcp.o)
    0x0800e7f0   0x0800e7f0   0x00000006   Code   RO          565    .text.OUTLINED_FUNCTION_3  Net_Dbg_CM3_L.lib(net_eth.o)
    0x0800e7f6   0x0800e7f6   0x0000000a   Code   RO          649    .text.OUTLINED_FUNCTION_3  Net_Dbg_CM3_L.lib(net_arp.o)
    0x0800e800   0x0800e800   0x0000000c   Code   RO         1046    .text.OUTLINED_FUNCTION_3  Net_Dbg_CM3_L.lib(net_tcp.o)
    0x0800e80c   0x0800e80c   0x00000008   Code   RO         1133    .text.OUTLINED_FUNCTION_3  Net_Dbg_CM3_L.lib(net_dhcp_client.o)
    0x0800e814   0x0800e814   0x0000000a   Code   RO         1195    .text.OUTLINED_FUNCTION_3  Net_Dbg_CM3_L.lib(net_dhcp6_client.o)
    0x0800e81e   0x0800e81e   0x00000006   Code   RO         1384    .text.OUTLINED_FUNCTION_3  Net_Dbg_CM3_L.lib(net_http_server.o)
    0x0800e824   0x0800e824   0x0000000e   Code   RO          567    .text.OUTLINED_FUNCTION_4  Net_Dbg_CM3_L.lib(net_eth.o)
    0x0800e832   0x0800e832   0x0000000a   Code   RO          651    .text.OUTLINED_FUNCTION_4  Net_Dbg_CM3_L.lib(net_arp.o)
    0x0800e83c   0x0800e83c   0x0000000a   Code   RO          724    .text.OUTLINED_FUNCTION_4  Net_Dbg_CM3_L.lib(net_ndp.o)
    0x0800e846   0x0800e846   0x00000006   Code   RO         1048    .text.OUTLINED_FUNCTION_4  Net_Dbg_CM3_L.lib(net_tcp.o)
    0x0800e84c   0x0800e84c   0x0000000a   Code   RO         1135    .text.OUTLINED_FUNCTION_4  Net_Dbg_CM3_L.lib(net_dhcp_client.o)
    0x0800e856   0x0800e856   0x0000000a   Code   RO         1197    .text.OUTLINED_FUNCTION_4  Net_Dbg_CM3_L.lib(net_dhcp6_client.o)
    0x0800e860   0x0800e860   0x00000006   Code   RO         1386    .text.OUTLINED_FUNCTION_4  Net_Dbg_CM3_L.lib(net_http_server.o)
    0x0800e866   0x0800e866   0x0000000a   Code   RO          569    .text.OUTLINED_FUNCTION_5  Net_Dbg_CM3_L.lib(net_eth.o)
    0x0800e870   0x0800e870   0x0000000e   Code   RO          653    .text.OUTLINED_FUNCTION_5  Net_Dbg_CM3_L.lib(net_arp.o)
    0x0800e87e   0x0800e87e   0x00000006   Code   RO          726    .text.OUTLINED_FUNCTION_5  Net_Dbg_CM3_L.lib(net_ndp.o)
    0x0800e884   0x0800e884   0x0000000e   Code   RO         1050    .text.OUTLINED_FUNCTION_5  Net_Dbg_CM3_L.lib(net_tcp.o)
    0x0800e892   0x0800e892   0x0000000c   Code   RO         1137    .text.OUTLINED_FUNCTION_5  Net_Dbg_CM3_L.lib(net_dhcp_client.o)
    0x0800e89e   0x0800e89e   0x00000010   Code   RO         1199    .text.OUTLINED_FUNCTION_5  Net_Dbg_CM3_L.lib(net_dhcp6_client.o)
    0x0800e8ae   0x0800e8ae   0x00000006   Code   RO         1388    .text.OUTLINED_FUNCTION_5  Net_Dbg_CM3_L.lib(net_http_server.o)
    0x0800e8b4   0x0800e8b4   0x00000006   Code   RO          571    .text.OUTLINED_FUNCTION_6  Net_Dbg_CM3_L.lib(net_eth.o)
    0x0800e8ba   0x0800e8ba   0x0000000a   Code   RO          655    .text.OUTLINED_FUNCTION_6  Net_Dbg_CM3_L.lib(net_arp.o)
    0x0800e8c4   0x0800e8c4   0x0000000e   Code   RO          728    .text.OUTLINED_FUNCTION_6  Net_Dbg_CM3_L.lib(net_ndp.o)
    0x0800e8d2   0x0800e8d2   0x0000000e   Code   RO         1052    .text.OUTLINED_FUNCTION_6  Net_Dbg_CM3_L.lib(net_tcp.o)
    0x0800e8e0   0x0800e8e0   0x0000000e   Code   RO         1139    .text.OUTLINED_FUNCTION_6  Net_Dbg_CM3_L.lib(net_dhcp_client.o)
    0x0800e8ee   0x0800e8ee   0x0000000a   Code   RO         1201    .text.OUTLINED_FUNCTION_6  Net_Dbg_CM3_L.lib(net_dhcp6_client.o)
    0x0800e8f8   0x0800e8f8   0x00000008   Code   RO         1390    .text.OUTLINED_FUNCTION_6  Net_Dbg_CM3_L.lib(net_http_server.o)
    0x0800e900   0x0800e900   0x00000008   Code   RO          573    .text.OUTLINED_FUNCTION_7  Net_Dbg_CM3_L.lib(net_eth.o)
    0x0800e908   0x0800e908   0x0000000a   Code   RO          730    .text.OUTLINED_FUNCTION_7  Net_Dbg_CM3_L.lib(net_ndp.o)
    0x0800e912   0x0800e912   0x00000010   Code   RO         1054    .text.OUTLINED_FUNCTION_7  Net_Dbg_CM3_L.lib(net_tcp.o)
    0x0800e922   0x0800e922   0x00000010   Code   RO         1141    .text.OUTLINED_FUNCTION_7  Net_Dbg_CM3_L.lib(net_dhcp_client.o)
    0x0800e932   0x0800e932   0x0000000e   Code   RO         1203    .text.OUTLINED_FUNCTION_7  Net_Dbg_CM3_L.lib(net_dhcp6_client.o)
    0x0800e940   0x0800e940   0x00000008   Code   RO         1392    .text.OUTLINED_FUNCTION_7  Net_Dbg_CM3_L.lib(net_http_server.o)
    0x0800e948   0x0800e948   0x00000008   Code   RO          575    .text.OUTLINED_FUNCTION_8  Net_Dbg_CM3_L.lib(net_eth.o)
    0x0800e950   0x0800e950   0x00000006   Code   RO          732    .text.OUTLINED_FUNCTION_8  Net_Dbg_CM3_L.lib(net_ndp.o)
    0x0800e956   0x0800e956   0x00000014   Code   RO         1056    .text.OUTLINED_FUNCTION_8  Net_Dbg_CM3_L.lib(net_tcp.o)
    0x0800e96a   0x0800e96a   0x0000000c   Code   RO         1143    .text.OUTLINED_FUNCTION_8  Net_Dbg_CM3_L.lib(net_dhcp_client.o)
    0x0800e976   0x0800e976   0x0000000c   Code   RO         1205    .text.OUTLINED_FUNCTION_8  Net_Dbg_CM3_L.lib(net_dhcp6_client.o)
    0x0800e982   0x0800e982   0x00000008   Code   RO         1394    .text.OUTLINED_FUNCTION_8  Net_Dbg_CM3_L.lib(net_http_server.o)
    0x0800e98a   0x0800e98a   0x0000000e   Code   RO          577    .text.OUTLINED_FUNCTION_9  Net_Dbg_CM3_L.lib(net_eth.o)
    0x0800e998   0x0800e998   0x0000000a   Code   RO          734    .text.OUTLINED_FUNCTION_9  Net_Dbg_CM3_L.lib(net_ndp.o)
    0x0800e9a2   0x0800e9a2   0x0000000a   Code   RO         1058    .text.OUTLINED_FUNCTION_9  Net_Dbg_CM3_L.lib(net_tcp.o)
    0x0800e9ac   0x0800e9ac   0x00000006   Code   RO         1145    .text.OUTLINED_FUNCTION_9  Net_Dbg_CM3_L.lib(net_dhcp_client.o)
    0x0800e9b2   0x0800e9b2   0x0000000e   Code   RO         1207    .text.OUTLINED_FUNCTION_9  Net_Dbg_CM3_L.lib(net_dhcp6_client.o)
    0x0800e9c0   0x0800e9c0   0x0000000a   Code   RO         1396    .text.OUTLINED_FUNCTION_9  Net_Dbg_CM3_L.lib(net_http_server.o)
    0x0800e9ca   0x0800e9ca   0x00000002   PAD
    0x0800e9cc   0x0800e9cc   0x0000005c   Code   RO         1360    .text.add_server_id  Net_Dbg_CM3_L.lib(net_http_server.o)
    0x0800ea28   0x0800ea28   0x0000005e   Code   RO          613    .text.arp_cache_alloc  Net_Dbg_CM3_L.lib(net_arp.o)
    0x0800ea86   0x0800ea86   0x00000036   Code   RO          611    .text.arp_is_cacheable  Net_Dbg_CM3_L.lib(net_arp.o)
    0x0800eabc   0x0800eabc   0x000000e4   Code   RO          603    .text.arp_proc_response  Net_Dbg_CM3_L.lib(net_arp.o)
    0x0800eba0   0x0800eba0   0x00000018   Code   RO          615    .text.arp_que_free  Net_Dbg_CM3_L.lib(net_arp.o)
    0x0800ebb8   0x0800ebb8   0x00000090   Code   RO          601    .text.arp_send_reply  Net_Dbg_CM3_L.lib(net_arp.o)
    0x0800ec48   0x0800ec48   0x000000cc   Code   RO          607    .text.arp_send_request  Net_Dbg_CM3_L.lib(net_arp.o)
    0x0800ed14   0x0800ed14   0x0000006c   Code   RO          597    .text.arp_sender_valid  Net_Dbg_CM3_L.lib(net_arp.o)
    0x0800ed80   0x0800ed80   0x0000003e   Code   RO         1257    .text.base16_decode  Net_Dbg_CM3_L.lib(net_nbns_client.o)
    0x0800edbe   0x0800edbe   0x00000002   PAD
    0x0800edc0   0x0800edc0   0x00000060   Code   RO         1183    .text.check_client_id  Net_Dbg_CM3_L.lib(net_dhcp6_client.o)
    0x0800ee20   0x0800ee20   0x00000194   Code   RO         1368    .text.chk_post_req  Net_Dbg_CM3_L.lib(net_http_server.o)
    0x0800efb4   0x0800efb4   0x0000002c   Code   RO         1755    .text.crc32_8bit    Net_Dbg_CM3_L.lib(net_common.o)
    0x0800efe0   0x0800efe0   0x00000050   Code   RO         1167    .text.dhcp6_client_start  Net_Dbg_CM3_L.lib(net_dhcp6_client.o)
    0x0800f030   0x0800f030   0x000003c4   Code   RO         1165    .text.dhcp6_listener  Net_Dbg_CM3_L.lib(net_dhcp6_client.o)
    0x0800f3f4   0x0800f3f4   0x000001a0   Code   RO         1179    .text.dhcp6_send_message  Net_Dbg_CM3_L.lib(net_dhcp6_client.o)
    0x0800f594   0x0800f594   0x00000054   Code   RO         1103    .text.dhcp_client_start  Net_Dbg_CM3_L.lib(net_dhcp_client.o)
    0x0800f5e8   0x0800f5e8   0x000004c0   Code   RO         1101    .text.dhcp_listener  Net_Dbg_CM3_L.lib(net_dhcp_client.o)
    0x0800faa8   0x0800faa8   0x00000234   Code   RO         1117    .text.dhcp_send_message  Net_Dbg_CM3_L.lib(net_dhcp_client.o)
    0x0800fcdc   0x0800fcdc   0x00000088   Code   RO          529    .text.eth_check_link  Net_Dbg_CM3_L.lib(net_eth.o)
    0x0800fd64   0x0800fd64   0x00000018   Code   RO          537    .text.eth_if_map    Net_Dbg_CM3_L.lib(net_eth.o)
    0x0800fd7c   0x0800fd7c   0x00000008   Code   RO          527    .text.eth_lock      Net_Dbg_CM3_L.lib(net_eth.o)
    0x0800fd84   0x0800fd84   0x0000004e   Code   RO          539    .text.eth_opt_len   Net_Dbg_CM3_L.lib(net_eth.o)
    0x0800fdd2   0x0800fdd2   0x00000008   Code   RO          531    .text.eth_unlock    Net_Dbg_CM3_L.lib(net_eth.o)
    0x0800fdda   0x0800fdda   0x0000002a   Code   RO         1372    .text.get_next_field  Net_Dbg_CM3_L.lib(net_http_server.o)
    0x0800fe04   0x0800fe04   0x00000034   Code   RO         1374    .text.get_next_par  Net_Dbg_CM3_L.lib(net_http_server.o)
    0x0800fe38   0x0800fe38   0x00000052   Code   RO         1181    .text.get_tout      Net_Dbg_CM3_L.lib(net_dhcp6_client.o)
    0x0800fe8a   0x0800fe8a   0x00000022   Code   RO         1785    .text.hex2uc        Net_Dbg_CM3_L.lib(net_common.o)
    0x0800feac   0x0800feac   0x000003e0   Code   RO         1354    .text.http_add_header  Net_Dbg_CM3_L.lib(net_http_server.o)
    0x0801028c   0x0801028c   0x00000050   Code   RO         1421    .text.http_auth_basic_add  Net_Dbg_CM3_L.lib(net_http_server_auth.o)
    0x080102dc   0x080102dc   0x0000008c   Code   RO         1423    .text.http_auth_basic_parse  Net_Dbg_CM3_L.lib(net_http_server_auth.o)
    0x08010368   0x08010368   0x00000002   Code   RO         1419    .text.http_auth_dummy  Net_Dbg_CM3_L.lib(net_http_server_auth.o)
    0x0801036a   0x0801036a   0x00000002   PAD
    0x0801036c   0x0801036c   0x00000020   Code   RO         1417    .text.http_auth_init  Net_Dbg_CM3_L.lib(net_http_server_auth.o)
    0x0801038c   0x0801038c   0x00000074   Code   RO         1350    .text.http_kill_session  Net_Dbg_CM3_L.lib(net_http_server.o)
    0x08010400   0x08010400   0x00000408   Code   RO         1274    .text.http_listener  Net_Dbg_CM3_L.lib(net_http_server.o)
    0x08010808   0x08010808   0x000001c0   Code   RO         1358    .text.http_open_file  Net_Dbg_CM3_L.lib(net_http_server.o)
    0x080109c8   0x080109c8   0x0000029c   Code   RO         1364    .text.http_parse_header  Net_Dbg_CM3_L.lib(net_http_server.o)
    0x08010c64   0x08010c64   0x0000012c   Code   RO         1370    .text.http_proc_post  Net_Dbg_CM3_L.lib(net_http_server.o)
    0x08010d90   0x08010d90   0x000000dc   Code   RO         1362    .text.http_proc_uri  Net_Dbg_CM3_L.lib(net_http_server.o)
    0x08010e6c   0x08010e6c   0x00000068   Code   RO         1276    .text.http_server_start  Net_Dbg_CM3_L.lib(net_http_server.o)
    0x08010ed4   0x08010ed4   0x00000070   Code   RO         1366    .text.http_set_ftype  Net_Dbg_CM3_L.lib(net_http_server.o)
    0x08010f44   0x08010f44   0x0000001a   Code   RO         1356    .text.http_strcpy   Net_Dbg_CM3_L.lib(net_http_server.o)
    0x08010f5e   0x08010f5e   0x0000001e   Code   RO         1775    .text.i2str         Net_Dbg_CM3_L.lib(net_common.o)
    0x08010f7c   0x08010f7c   0x0000000e   Code   RO         1625    .text.ip4_get_chksum  Net_Dbg_CM3_L.lib(net_ip4.o)
    0x08010f8a   0x08010f8a   0x0000001c   Code   RO         1627    .text.ip4_get_mtu   Net_Dbg_CM3_L.lib(net_ip4.o)
    0x08010fa6   0x08010fa6   0x00000012   Code   RO         1623    .text.ip4_is_subcast  Net_Dbg_CM3_L.lib(net_ip4.o)
    0x08010fb8   0x08010fb8   0x0000002e   Code   RO         1544    .text.ip4_ntoa      Net_Dbg_CM3_L.lib(net_addr.o)
    0x08010fe6   0x08010fe6   0x0000001c   Code   RO         1665    .text.ip6_get_mtu   Net_Dbg_CM3_L.lib(net_ip6.o)
    0x08011002   0x08011002   0x00000002   PAD
    0x08011004   0x08011004   0x00000118   Code   RO         1548    .text.ip6_ntoa      Net_Dbg_CM3_L.lib(net_addr.o)
    0x0801111c   0x0801111c   0x0000001e   Code   RO         1121    .text.is_selected   Net_Dbg_CM3_L.lib(net_dhcp_client.o)
    0x0801113a   0x0801113a   0x00000002   PAD
    0x0801113c   0x0801113c   0x00000008   Code   RO         1714    .text.mem_lock      Net_Dbg_CM3_L.lib(net_mem.o)
    0x08011144   0x08011144   0x0000000c   Code   RO         1716    .text.mem_unlock    Net_Dbg_CM3_L.lib(net_mem.o)
    0x08011150   0x08011150   0x000001c8   Code   RO         1241    .text.nbns_listener  Net_Dbg_CM3_L.lib(net_nbns_client.o)
    0x08011318   0x08011318   0x00000118   Code   RO          678    .text.ndp_cache_add  Net_Dbg_CM3_L.lib(net_ndp.o)
    0x08011430   0x08011430   0x0000007c   Code   RO          686    .text.ndp_cache_alloc  Net_Dbg_CM3_L.lib(net_ndp.o)
    0x080114ac   0x080114ac   0x00000030   Code   RO          676    .text.ndp_check_frame  Net_Dbg_CM3_L.lib(net_ndp.o)
    0x080114dc   0x080114dc   0x00000018   Code   RO          688    .text.ndp_que_free  Net_Dbg_CM3_L.lib(net_ndp.o)
    0x080114f4   0x080114f4   0x00000034   Code   RO          714    .text.ndp_router_remove  Net_Dbg_CM3_L.lib(net_ndp.o)
    0x08011528   0x08011528   0x000000a4   Code   RO          680    .text.ndp_send_reply  Net_Dbg_CM3_L.lib(net_ndp.o)
    0x080115cc   0x080115cc   0x000000d4   Code   RO          710    .text.ndp_send_request  Net_Dbg_CM3_L.lib(net_ndp.o)
    0x080116a0   0x080116a0   0x00000004   Code   RO         1332    .text.netCGI_Charset  Net_Dbg_CM3_L.lib(net_http_server.o)
    0x080116a4   0x080116a4   0x00000004   Code   RO         1328    .text.netCGI_ContentType  Net_Dbg_CM3_L.lib(net_http_server.o)
    0x080116a8   0x080116a8   0x00000004   Code   RO         1334    .text.netCGI_CustomHeader  Net_Dbg_CM3_L.lib(net_http_server.o)
    0x080116ac   0x080116ac   0x00000054   Code   RO         1312    .text.netCGI_GetEnvVar  Net_Dbg_CM3_L.lib(net_http_server.o)
    0x08011700   0x08011700   0x0000000c   Code   RO         1348    .text.netCGI_ProcessCookie  Net_Dbg_CM3_L.lib(net_http_server.o)
    0x0801170c   0x0801170c   0x0000000c   Code   RO         1346    .text.netCGI_ProcessRequest  Net_Dbg_CM3_L.lib(net_http_server.o)
    0x08011718   0x08011718   0x00000004   Code   RO         1336    .text.netCGI_Redirect  Net_Dbg_CM3_L.lib(net_http_server.o)
    0x0801171c   0x0801171c   0x00000004   Code   RO         1330    .text.netCGX_ContentType  Net_Dbg_CM3_L.lib(net_http_server.o)
    0x08011720   0x08011720   0x000000bc   Code   RO         1490    .text.netCore_Thread  Net_Dbg_CM3_L.lib(net_sys.o)
    0x080117dc   0x080117dc   0x00000002   Code   RO         1177    .text.netDHCP6_Notify  Net_Dbg_CM3_L.lib(net_dhcp6_client.o)
    0x080117de   0x080117de   0x00000002   Code   RO          555    .text.netETH_Notify  Net_Dbg_CM3_L.lib(net_eth.o)
    0x080117e0   0x080117e0   0x00000002   Code   RO          557    .text.netETH_ReceiveRaw  Net_Dbg_CM3_L.lib(net_eth.o)
    0x080117e2   0x080117e2   0x000000e2   Code   RO          525    .text.netETH_Thread  Net_Dbg_CM3_L.lib(net_eth.o)
    0x080118c4   0x080118c4   0x00000004   Code   RO         1338    .text.netHTTPs_AcceptClient  Net_Dbg_CM3_L.lib(net_http_server.o)
    0x080118c8   0x080118c8   0x00000004   Code   RO         1435    .text.netHTTPs_CheckAccount  Net_Dbg_CM3_L.lib(net_http_server_auth.o)
    0x080118cc   0x080118cc   0x00000004   Code   RO         1340    .text.netHTTPs_FileAccess  Net_Dbg_CM3_L.lib(net_http_server.o)
    0x080118d0   0x080118d0   0x00000018   Code   RO         1314    .text.netHTTPs_GetLanguage  Net_Dbg_CM3_L.lib(net_http_server.o)
    0x080118e8   0x080118e8   0x00000008   Code   RO         1300    .text.netHTTPs_GetPassword  Net_Dbg_CM3_L.lib(net_http_server.o)
    0x080118f0   0x080118f0   0x00000008   Code   RO         1306    .text.netHTTPs_LoginActive  Net_Dbg_CM3_L.lib(net_http_server.o)
    0x080118f8   0x080118f8   0x00000058   Code   RO         1302    .text.netHTTPs_SetPassword  Net_Dbg_CM3_L.lib(net_http_server.o)
    0x08011950   0x08011950   0x0000007c   Code   RO         1496    .text.netIF_GetOption  Net_Dbg_CM3_L.lib(net_sys.o)
    0x080119cc   0x080119cc   0x00000078   Code   RO         1500    .text.netIF_SetOption  Net_Dbg_CM3_L.lib(net_sys.o)
    0x08011a44   0x08011a44   0x0000001a   Code   RO         1538    .text.netIP_aton    Net_Dbg_CM3_L.lib(net_addr.o)
    0x08011a5e   0x08011a5e   0x00000030   Code   RO         1552    .text.netIP_ntoa    Net_Dbg_CM3_L.lib(net_addr.o)
    0x08011a8e   0x08011a8e   0x00000002   PAD
    0x08011a90   0x08011a90   0x00000098   Code   RO         1482    .text.netInitialize  Net_Dbg_CM3_L.lib(net_sys.o)
    0x08011b28   0x08011b28   0x00000066   Code   RO         1540    .text.netMAC_aton   Net_Dbg_CM3_L.lib(net_addr.o)
    0x08011b8e   0x08011b8e   0x00000004   Code   RO          984    .text.netTCP_GetLocalPort  Net_Dbg_CM3_L.lib(net_tcp.o)
    0x08011b92   0x08011b92   0x00000018   Code   RO          988    .text.netTCP_GetPeer  Net_Dbg_CM3_L.lib(net_tcp.o)
    0x08011baa   0x08011baa   0x00000004   Code   RO          972    .text.netTCP_GetState  Net_Dbg_CM3_L.lib(net_tcp.o)
    0x08011bae   0x08011bae   0x00000004   Code   RO          992    .text.netTCP_GetTimer  Net_Dbg_CM3_L.lib(net_tcp.o)
    0x08011bb2   0x08011bb2   0x00000070   Code   RO         1534    .text.net_addr4_aton  Net_Dbg_CM3_L.lib(net_addr.o)
    0x08011c22   0x08011c22   0x0000001a   Code   RO         1564    .text.net_addr4_is_subcast  Net_Dbg_CM3_L.lib(net_addr.o)
    0x08011c3c   0x08011c3c   0x0000001a   Code   RO         1560    .text.net_addr4_to_mac  Net_Dbg_CM3_L.lib(net_addr.o)
    0x08011c56   0x08011c56   0x000000d6   Code   RO         1536    .text.net_addr6_aton  Net_Dbg_CM3_L.lib(net_addr.o)
    0x08011d2c   0x08011d2c   0x00000028   Code   RO         1582    .text.net_addr6_comp  Net_Dbg_CM3_L.lib(net_addr.o)
    0x08011d54   0x08011d54   0x00000012   Code   RO         1580    .text.net_addr6_copy  Net_Dbg_CM3_L.lib(net_addr.o)
    0x08011d66   0x08011d66   0x00000002   PAD
    0x08011d68   0x08011d68   0x00000048   Code   RO         1570    .text.net_addr6_create  Net_Dbg_CM3_L.lib(net_addr.o)
    0x08011db0   0x08011db0   0x00000024   Code   RO         1566    .text.net_addr6_get_solicited  Net_Dbg_CM3_L.lib(net_addr.o)
    0x08011dd4   0x08011dd4   0x00000016   Code   RO         1572    .text.net_addr6_is_linklocal  Net_Dbg_CM3_L.lib(net_addr.o)
    0x08011dea   0x08011dea   0x00000002   PAD
    0x08011dec   0x08011dec   0x00000054   Code   RO         1576    .text.net_addr6_is_onlink  Net_Dbg_CM3_L.lib(net_addr.o)
    0x08011e40   0x08011e40   0x0000003e   Code   RO         1568    .text.net_addr6_is_solicited  Net_Dbg_CM3_L.lib(net_addr.o)
    0x08011e7e   0x08011e7e   0x00000018   Code   RO         1584    .text.net_addr6_is_unspec  Net_Dbg_CM3_L.lib(net_addr.o)
    0x08011e96   0x08011e96   0x0000000e   Code   RO         1586    .text.net_addr6_to_mac  Net_Dbg_CM3_L.lib(net_addr.o)
    0x08011ea4   0x08011ea4   0x00000030   Code   RO         1590    .text.net_addr_copy  Net_Dbg_CM3_L.lib(net_addr.o)
    0x08011ed4   0x08011ed4   0x0000001a   Code   RO         1594    .text.net_addr_find_route  Net_Dbg_CM3_L.lib(net_addr.o)
    0x08011eee   0x08011eee   0x00000002   PAD
    0x08011ef0   0x08011ef0   0x00000020   Code   RO         1596    .text.net_addr_get_local  Net_Dbg_CM3_L.lib(net_addr.o)
    0x08011f10   0x08011f10   0x0000001e   Code   RO         1588    .text.net_addr_is_unspec  Net_Dbg_CM3_L.lib(net_addr.o)
    0x08011f2e   0x08011f2e   0x00000002   PAD
    0x08011f30   0x08011f30   0x000000fc   Code   RO          599    .text.net_arp_cache_add  Net_Dbg_CM3_L.lib(net_arp.o)
    0x0801202c   0x0801202c   0x000000a8   Code   RO          617    .text.net_arp_cache_early  Net_Dbg_CM3_L.lib(net_arp.o)
    0x080120d4   0x080120d4   0x000000e8   Code   RO          619    .text.net_arp_cache_find  Net_Dbg_CM3_L.lib(net_arp.o)
    0x080121bc   0x080121bc   0x0000003c   Code   RO          591    .text.net_arp_cache_init  Net_Dbg_CM3_L.lib(net_arp.o)
    0x080121f8   0x080121f8   0x0000022c   Code   RO          641    .text.net_arp_cache_run  Net_Dbg_CM3_L.lib(net_arp.o)
    0x08012424   0x08012424   0x0000007c   Code   RO          639    .text.net_arp_enqueue  Net_Dbg_CM3_L.lib(net_arp.o)
    0x080124a0   0x080124a0   0x0000001e   Code   RO          609    .text.net_arp_notify  Net_Dbg_CM3_L.lib(net_arp.o)
    0x080124be   0x080124be   0x00000012   Code   RO          605    .text.net_arp_probe  Net_Dbg_CM3_L.lib(net_arp.o)
    0x080124d0   0x080124d0   0x00000228   Code   RO          595    .text.net_arp_process  Net_Dbg_CM3_L.lib(net_arp.o)
    0x080126f8   0x080126f8   0x00000044   Code   RO         1781    .text.net_atoi      Net_Dbg_CM3_L.lib(net_common.o)
    0x0801273c   0x0801273c   0x00000078   Code   RO         1817    .text.net_base64_decode  Net_Dbg_CM3_L.lib(net_base64.o)
    0x080127b4   0x080127b4   0x00000030   Code   RO         1759    .text.net_chksum_buf  Net_Dbg_CM3_L.lib(net_common.o)
    0x080127e4   0x080127e4   0x0000001c   Code   RO         1757    .text.net_crc_buf   Net_Dbg_CM3_L.lib(net_common.o)
    0x08012800   0x08012800   0x0000007c   Code   RO         1163    .text.net_dhcp6_client_init  Net_Dbg_CM3_L.lib(net_dhcp6_client.o)
    0x0801287c   0x0801287c   0x00000358   Code   RO         1175    .text.net_dhcp6_client_run  Net_Dbg_CM3_L.lib(net_dhcp6_client.o)
    0x08012bd4   0x08012bd4   0x00000084   Code   RO         1099    .text.net_dhcp_client_init  Net_Dbg_CM3_L.lib(net_dhcp_client.o)
    0x08012c58   0x08012c58   0x00000340   Code   RO         1113    .text.net_dhcp_client_run  Net_Dbg_CM3_L.lib(net_dhcp_client.o)
    0x08012f98   0x08012f98   0x0000000e   Code   RO          533    .text.net_eth_callback  Net_Dbg_CM3_L.lib(net_eth.o)
    0x08012fa6   0x08012fa6   0x00000064   Code   RO          543    .text.net_eth_config_mcast  Net_Dbg_CM3_L.lib(net_eth.o)
    0x0801300a   0x0801300a   0x00000002   PAD
    0x0801300c   0x0801300c   0x000000e0   Code   RO          535    .text.net_eth_get_option  Net_Dbg_CM3_L.lib(net_eth.o)
    0x080130ec   0x080130ec   0x00000348   Code   RO          521    .text.net_eth_iface_init  Net_Dbg_CM3_L.lib(net_eth.o)
    0x08013434   0x08013434   0x000002f4   Code   RO          553    .text.net_eth_iface_run  Net_Dbg_CM3_L.lib(net_eth.o)
    0x08013728   0x08013728   0x000000ac   Code   RO          549    .text.net_eth_output  Net_Dbg_CM3_L.lib(net_eth.o)
    0x080137d4   0x080137d4   0x000001c8   Code   RO          547    .text.net_eth_send_frame  Net_Dbg_CM3_L.lib(net_eth.o)
    0x0801399c   0x0801399c   0x00000298   Code   RO          541    .text.net_eth_set_option  Net_Dbg_CM3_L.lib(net_eth.o)
    0x08013c34   0x08013c34   0x00000108   Code   RO         1272    .text.net_http_server_init  Net_Dbg_CM3_L.lib(net_http_server.o)
    0x08013d3c   0x08013d3c   0x0000062c   Code   RO         1310    .text.net_http_server_run  Net_Dbg_CM3_L.lib(net_http_server.o)
    0x08014368   0x08014368   0x00000018   Code   RO          842    .text.net_icmp6_init  Net_Dbg_CM3_L.lib(net_icmp6.o)
    0x08014380   0x08014380   0x00000224   Code   RO          846    .text.net_icmp6_process  Net_Dbg_CM3_L.lib(net_icmp6.o)
    0x080145a4   0x080145a4   0x00000080   Code   RO          848    .text.net_icmp6_send  Net_Dbg_CM3_L.lib(net_icmp6.o)
    0x08014624   0x08014624   0x00000054   Code   RO          850    .text.net_icmp6_send_echo  Net_Dbg_CM3_L.lib(net_icmp6.o)
    0x08014678   0x08014678   0x00000018   Code   RO          795    .text.net_icmp_init  Net_Dbg_CM3_L.lib(net_icmp.o)
    0x08014690   0x08014690   0x000001b8   Code   RO          799    .text.net_icmp_process  Net_Dbg_CM3_L.lib(net_icmp.o)
    0x08014848   0x08014848   0x000000a4   Code   RO          801    .text.net_icmp_send_echo  Net_Dbg_CM3_L.lib(net_icmp.o)
    0x080148ec   0x080148ec   0x00000008   Code   RO         1498    .text.net_if_map_all  Net_Dbg_CM3_L.lib(net_sys.o)
    0x080148f4   0x080148f4   0x0000019c   Code   RO         1621    .text.net_ip4_chk_frame  Net_Dbg_CM3_L.lib(net_ip4.o)
    0x08014a90   0x08014a90   0x0000002e   Code   RO         1647    .text.net_ip4_chksum  Net_Dbg_CM3_L.lib(net_ip4.o)
    0x08014abe   0x08014abe   0x00000006   Code   RO         1645    .text.net_ip4_chksum_buf  Net_Dbg_CM3_L.lib(net_ip4.o)
    0x08014ac4   0x08014ac4   0x0000007c   Code   RO         1641    .text.net_ip4_find_route  Net_Dbg_CM3_L.lib(net_ip4.o)
    0x08014b40   0x08014b40   0x000001b8   Code   RO          774    .text.net_ip4_frag_add  Net_Dbg_CM3_L.lib(net_ip4_frag.o)
    0x08014cf8   0x08014cf8   0x000000b4   Code   RO          778    .text.net_ip4_frag_get  Net_Dbg_CM3_L.lib(net_ip4_frag.o)
    0x08014dac   0x08014dac   0x0000000c   Code   RO          770    .text.net_ip4_frag_init  Net_Dbg_CM3_L.lib(net_ip4_frag.o)
    0x08014db8   0x08014db8   0x00000038   Code   RO          780    .text.net_ip4_frag_run  Net_Dbg_CM3_L.lib(net_ip4_frag.o)
    0x08014df0   0x08014df0   0x00000018   Code   RO         1633    .text.net_ip4_get_local  Net_Dbg_CM3_L.lib(net_ip4.o)
    0x08014e08   0x08014e08   0x00000024   Code   RO         1617    .text.net_ip4_init  Net_Dbg_CM3_L.lib(net_ip4.o)
    0x08014e2c   0x08014e2c   0x0000001c   Code   RO         1643    .text.net_ip4_is_onlink  Net_Dbg_CM3_L.lib(net_ip4.o)
    0x08014e48   0x08014e48   0x00000010   Code   RO         1629    .text.net_ip4_reass_frame  Net_Dbg_CM3_L.lib(net_ip4.o)
    0x08014e58   0x08014e58   0x00000184   Code   RO         1631    .text.net_ip4_send_frame  Net_Dbg_CM3_L.lib(net_ip4.o)
    0x08014fdc   0x08014fdc   0x0000002a   Code   RO         1639    .text.net_ip4_tx_offl_hl  Net_Dbg_CM3_L.lib(net_ip4.o)
    0x08015006   0x08015006   0x00000002   PAD
    0x08015008   0x08015008   0x0000011c   Code   RO         1663    .text.net_ip6_chk_frame  Net_Dbg_CM3_L.lib(net_ip6.o)
    0x08015124   0x08015124   0x00000034   Code   RO         1683    .text.net_ip6_chksum  Net_Dbg_CM3_L.lib(net_ip6.o)
    0x08015158   0x08015158   0x00000078   Code   RO         1679    .text.net_ip6_collect_mcast  Net_Dbg_CM3_L.lib(net_ip6.o)
    0x080151d0   0x080151d0   0x00000048   Code   RO         1681    .text.net_ip6_find_route  Net_Dbg_CM3_L.lib(net_ip6.o)
    0x08015218   0x08015218   0x000001d4   Code   RO          821    .text.net_ip6_frag_add  Net_Dbg_CM3_L.lib(net_ip6_frag.o)
    0x080153ec   0x080153ec   0x000000d4   Code   RO          825    .text.net_ip6_frag_get  Net_Dbg_CM3_L.lib(net_ip6_frag.o)
    0x080154c0   0x080154c0   0x00000014   Code   RO          817    .text.net_ip6_frag_init  Net_Dbg_CM3_L.lib(net_ip6_frag.o)
    0x080154d4   0x080154d4   0x00000034   Code   RO          827    .text.net_ip6_frag_run  Net_Dbg_CM3_L.lib(net_ip6_frag.o)
    0x08015508   0x08015508   0x00000048   Code   RO         1675    .text.net_ip6_get_local  Net_Dbg_CM3_L.lib(net_ip6.o)
    0x08015550   0x08015550   0x0000001c   Code   RO         1659    .text.net_ip6_init  Net_Dbg_CM3_L.lib(net_ip6.o)
    0x0801556c   0x0801556c   0x0000000c   Code   RO         1667    .text.net_ip6_reass_frame  Net_Dbg_CM3_L.lib(net_ip6.o)
    0x08015578   0x08015578   0x0000011c   Code   RO         1669    .text.net_ip6_send_frame  Net_Dbg_CM3_L.lib(net_ip6.o)
    0x08015694   0x08015694   0x00000020   Code   RO         1677    .text.net_ip6_tx_offl_hl  Net_Dbg_CM3_L.lib(net_ip6.o)
    0x080156b4   0x080156b4   0x00000008   Code   RO         1773    .text.net_itoa      Net_Dbg_CM3_L.lib(net_common.o)
    0x080156bc   0x080156bc   0x00000006   Code   RO         1779    .text.net_itoa_n0   Net_Dbg_CM3_L.lib(net_common.o)
    0x080156c2   0x080156c2   0x00000002   PAD
    0x080156c4   0x080156c4   0x00000024   Code   RO          752    .text.net_loop_iface_init  Net_Dbg_CM3_L.lib(net_loopback.o)
    0x080156e8   0x080156e8   0x000000b4   Code   RO          756    .text.net_loop_iface_run  Net_Dbg_CM3_L.lib(net_loopback.o)
    0x0801579c   0x0801579c   0x0000006c   Code   RO          750    .text.net_loop_send_frame  Net_Dbg_CM3_L.lib(net_loopback.o)
    0x08015808   0x08015808   0x000000b8   Code   RO         1712    .text.net_mem_alloc  Net_Dbg_CM3_L.lib(net_mem.o)
    0x080158c0   0x080158c0   0x00000014   Code   RO         1722    .text.net_mem_avail  Net_Dbg_CM3_L.lib(net_mem.o)
    0x080158d4   0x080158d4   0x00000098   Code   RO         1720    .text.net_mem_free  Net_Dbg_CM3_L.lib(net_mem.o)
    0x0801596c   0x0801596c   0x00000068   Code   RO         1708    .text.net_mem_init  Net_Dbg_CM3_L.lib(net_mem.o)
    0x080159d4   0x080159d4   0x00000048   Code   RO         1718    .text.net_mem_shrink  Net_Dbg_CM3_L.lib(net_mem.o)
    0x08015a1c   0x08015a1c   0x00000070   Code   RO         1239    .text.net_nbns_client_init  Net_Dbg_CM3_L.lib(net_nbns_client.o)
    0x08015a8c   0x08015a8c   0x00000010   Code   RO         1255    .text.net_nbns_client_run  Net_Dbg_CM3_L.lib(net_nbns_client.o)
    0x08015a9c   0x08015a9c   0x0000019c   Code   RO          684    .text.net_ndp_cache_find  Net_Dbg_CM3_L.lib(net_ndp.o)
    0x08015c38   0x08015c38   0x00000074   Code   RO          670    .text.net_ndp_cache_init  Net_Dbg_CM3_L.lib(net_ndp.o)
    0x08015cac   0x08015cac   0x0000007c   Code   RO          682    .text.net_ndp_cache_refresh  Net_Dbg_CM3_L.lib(net_ndp.o)
    0x08015d28   0x08015d28   0x00000350   Code   RO          712    .text.net_ndp_cache_run  Net_Dbg_CM3_L.lib(net_ndp.o)
    0x08016078   0x08016078   0x0000007c   Code   RO          708    .text.net_ndp_enqueue  Net_Dbg_CM3_L.lib(net_ndp.o)
    0x080160f4   0x080160f4   0x0000061c   Code   RO          674    .text.net_ndp_process  Net_Dbg_CM3_L.lib(net_ndp.o)
    0x08016710   0x08016710   0x0000003c   Code   RO         1510    .text.net_path      Net_Dbg_CM3_L.lib(net_sys.o)
    0x0801674c   0x0801674c   0x0000001c   Code   RO         1462    .text.net_ping_client_init  Net_Dbg_CM3_L.lib(net_ping_core.o)
    0x08016768   0x08016768   0x00000078   Code   RO         1468    .text.net_ping_client_run  Net_Dbg_CM3_L.lib(net_ping_core.o)
    0x080167e0   0x080167e0   0x00000018   Code   RO         1508    .text.net_rand32    Net_Dbg_CM3_L.lib(net_sys.o)
    0x080167f8   0x080167f8   0x0000002c   Code   RO         1735    .text.net_strcasecmp  Net_Dbg_CM3_L.lib(net_common.o)
    0x08016824   0x08016824   0x00000016   Code   RO         1741    .text.net_strchr    Net_Dbg_CM3_L.lib(net_common.o)
    0x0801683a   0x0801683a   0x00000018   Code   RO         1733    .text.net_strcmp    Net_Dbg_CM3_L.lib(net_common.o)
    0x08016852   0x08016852   0x00000010   Code   RO         1737    .text.net_strcpy    Net_Dbg_CM3_L.lib(net_common.o)
    0x08016862   0x08016862   0x0000001e   Code   RO         1743    .text.net_strnchr   Net_Dbg_CM3_L.lib(net_common.o)
    0x08016880   0x08016880   0x0000001a   Code   RO         1739    .text.net_strncpy   Net_Dbg_CM3_L.lib(net_common.o)
    0x0801689a   0x0801689a   0x00000052   Code   RO         1751    .text.net_strnstr   Net_Dbg_CM3_L.lib(net_common.o)
    0x080168ec   0x080168ec   0x0000001a   Code   RO         1745    .text.net_strrchr   Net_Dbg_CM3_L.lib(net_common.o)
    0x08016906   0x08016906   0x00000002   PAD
    0x08016908   0x08016908   0x00000008   Code   RO         1484    .text.net_sys_lock  Net_Dbg_CM3_L.lib(net_sys.o)
    0x08016910   0x08016910   0x00000014   Code   RO         1518    .text.net_sys_resume  Net_Dbg_CM3_L.lib(net_sys.o)
    0x08016924   0x08016924   0x00000014   Code   RO         1492    .text.net_sys_tick  Net_Dbg_CM3_L.lib(net_sys.o)
    0x08016938   0x08016938   0x00000008   Code   RO         1486    .text.net_sys_unlock  Net_Dbg_CM3_L.lib(net_sys.o)
    0x08016940   0x08016940   0x00000020   Code   RO         1494    .text.net_sys_wakeup  Net_Dbg_CM3_L.lib(net_sys.o)
    0x08016960   0x08016960   0x00000070   Code   RO          954    .text.net_tcp_abort  Net_Dbg_CM3_L.lib(net_tcp.o)
    0x080169d0   0x080169d0   0x00000100   Code   RO          950    .text.net_tcp_close  Net_Dbg_CM3_L.lib(net_tcp.o)
    0x08016ad0   0x08016ad0   0x00000032   Code   RO          962    .text.net_tcp_get_buf  Net_Dbg_CM3_L.lib(net_tcp.o)
    0x08016b02   0x08016b02   0x00000002   PAD
    0x08016b04   0x08016b04   0x00000028   Code   RO          986    .text.net_tcp_get_local_port  Net_Dbg_CM3_L.lib(net_tcp.o)
    0x08016b2c   0x08016b2c   0x0000001c   Code   RO          958    .text.net_tcp_get_mss  Net_Dbg_CM3_L.lib(net_tcp.o)
    0x08016b48   0x08016b48   0x00000044   Code   RO          990    .text.net_tcp_get_peer  Net_Dbg_CM3_L.lib(net_tcp.o)
    0x08016b8c   0x08016b8c   0x00000070   Code   RO          934    .text.net_tcp_get_socket  Net_Dbg_CM3_L.lib(net_tcp.o)
    0x08016bfc   0x08016bfc   0x00000020   Code   RO          974    .text.net_tcp_get_state  Net_Dbg_CM3_L.lib(net_tcp.o)
    0x08016c1c   0x08016c1c   0x00000028   Code   RO          994    .text.net_tcp_get_timer  Net_Dbg_CM3_L.lib(net_tcp.o)
    0x08016c44   0x08016c44   0x000000ac   Code   RO          942    .text.net_tcp_listen  Net_Dbg_CM3_L.lib(net_tcp.o)
    0x08016cf0   0x08016cf0   0x00000b90   Code   RO         1028    .text.net_tcp_process  Net_Dbg_CM3_L.lib(net_tcp.o)
    0x08017880   0x08017880   0x0000016c   Code   RO          970    .text.net_tcp_send  Net_Dbg_CM3_L.lib(net_tcp.o)
    0x080179ec   0x080179ec   0x00000140   Code   RO          982    .text.net_tcp_set_option  Net_Dbg_CM3_L.lib(net_tcp.o)
    0x08017b2c   0x08017b2c   0x00000024   Code   RO          996    .text.net_tcp_socket_init  Net_Dbg_CM3_L.lib(net_tcp.o)
    0x08017b50   0x08017b50   0x00000440   Code   RO         1020    .text.net_tcp_socket_run  Net_Dbg_CM3_L.lib(net_tcp.o)
    0x08017f90   0x08017f90   0x00000020   Code   RO          910    .text.net_udp_enable_lla  Net_Dbg_CM3_L.lib(net_udp.o)
    0x08017fb0   0x08017fb0   0x00000032   Code   RO          882    .text.net_udp_get_buf  Net_Dbg_CM3_L.lib(net_udp.o)
    0x08017fe2   0x08017fe2   0x00000002   PAD
    0x08017fe4   0x08017fe4   0x00000064   Code   RO          866    .text.net_udp_get_socket  Net_Dbg_CM3_L.lib(net_udp.o)
    0x08018048   0x08018048   0x000000bc   Code   RO          874    .text.net_udp_open  Net_Dbg_CM3_L.lib(net_udp.o)
    0x08018104   0x08018104   0x00000178   Code   RO          912    .text.net_udp_process  Net_Dbg_CM3_L.lib(net_udp.o)
    0x0801827c   0x0801827c   0x00000214   Code   RO          886    .text.net_udp_send_if  Net_Dbg_CM3_L.lib(net_udp.o)
    0x08018490   0x08018490   0x00000020   Code   RO          896    .text.net_udp_socket_init  Net_Dbg_CM3_L.lib(net_udp.o)
    0x080184b0   0x080184b0   0x00000008   Code   RO         1765    .text.net_ultoa     Net_Dbg_CM3_L.lib(net_common.o)
    0x080184b8   0x080184b8   0x00000038   Code   RO         1763    .text.net_ultox     Net_Dbg_CM3_L.lib(net_common.o)
    0x080184f0   0x080184f0   0x0000001a   Code   RO         1783    .text.net_xtouc     Net_Dbg_CM3_L.lib(net_common.o)
    0x0801850a   0x0801850a   0x0000005a   Code   RO         1787    .text.net_xtoul     Net_Dbg_CM3_L.lib(net_common.o)
    0x08018564   0x08018564   0x0000001c   Code   RO         1466    .text.ping_send_req  Net_Dbg_CM3_L.lib(net_ping_core.o)
    0x08018580   0x08018580   0x00000104   Code   RO         1187    .text.proc_opt_ia_na  Net_Dbg_CM3_L.lib(net_dhcp6_client.o)
    0x08018684   0x08018684   0x000000e0   Code   RO         1125    .text.proc_opt_renew  Net_Dbg_CM3_L.lib(net_dhcp_client.o)
    0x08018764   0x08018764   0x000001ac   Code   RO         1123    .text.proc_opt_req  Net_Dbg_CM3_L.lib(net_dhcp_client.o)
    0x08018910   0x08018910   0x00000048   Code   RO         1119    .text.proc_opt_sel  Net_Dbg_CM3_L.lib(net_dhcp_client.o)
    0x08018958   0x08018958   0x00000018   Code   RO          776    .text.que_free_list  Net_Dbg_CM3_L.lib(net_ip4_frag.o)
    0x08018970   0x08018970   0x00000018   Code   RO          823    .text.que_free_list  Net_Dbg_CM3_L.lib(net_ip6_frag.o)
    0x08018988   0x08018988   0x000000a4   Code   RO         1352    .text.read_script_line  Net_Dbg_CM3_L.lib(net_http_server.o)
    0x08018a2c   0x08018a2c   0x00000048   Code   RO         1376    .text.search_delim  Net_Dbg_CM3_L.lib(net_http_server.o)
    0x08018a74   0x08018a74   0x00000068   Code   RO         1185    .text.select_server  Net_Dbg_CM3_L.lib(net_dhcp6_client.o)
    0x08018adc   0x08018adc   0x00000010   Code   RO         1514    .text.sys_map_if    Net_Dbg_CM3_L.lib(net_sys.o)
    0x08018aec   0x08018aec   0x00000084   Code   RO         1032    .text.tcp_parse_opt  Net_Dbg_CM3_L.lib(net_tcp.o)
    0x08018b70   0x08018b70   0x00000018   Code   RO         1026    .text.tcp_que_free  Net_Dbg_CM3_L.lib(net_tcp.o)
    0x08018b88   0x08018b88   0x0000001c   Code   RO         1024    .text.tcp_que_init  Net_Dbg_CM3_L.lib(net_tcp.o)
    0x08018ba4   0x08018ba4   0x000000a4   Code   RO         1022    .text.tcp_que_resend  Net_Dbg_CM3_L.lib(net_tcp.o)
    0x08018c48   0x08018c48   0x00000090   Code   RO         1002    .text.tcp_send_ctrl  Net_Dbg_CM3_L.lib(net_tcp.o)
    0x08018cd8   0x08018cd8   0x00000080   Code   RO         1006    .text.tcp_send_data  Net_Dbg_CM3_L.lib(net_tcp.o)
    0x08018d58   0x08018d58   0x0000009c   Code   RO         1030    .text.tcp_send_reset  Net_Dbg_CM3_L.lib(net_tcp.o)
    0x08018df4   0x08018df4   0x00000038   Code   RO         1034    .text.tcp_set_cwnd  Net_Dbg_CM3_L.lib(net_tcp.o)
    0x08018e2c   0x08018e2c   0x00000070   Code   RO         1004    .text.tcp_transit   Net_Dbg_CM3_L.lib(net_tcp.o)
    0x08018e9c   0x08018e9c   0x00000110   Code   RO         1038    .text.tcp_write     Net_Dbg_CM3_L.lib(net_tcp.o)
    0x08018fac   0x08018fac   0x00000034   Code   RO          900    .text.udp_port_in_use  Net_Dbg_CM3_L.lib(net_udp.o)
    0x08018fe0   0x08018fe0   0x00000054   Code   RO         1767    .text.ul2str        Net_Dbg_CM3_L.lib(net_common.o)
    0x08019034   0x08019034   0x00000028   Code   RO         2092    i.__0sprintf        mc_w.l(printfa.o)
    0x0801905c   0x0801905c   0x0000000e   Code   RO         2174    i.__scatterload_copy  mc_w.l(handlers.o)
    0x0801906a   0x0801906a   0x00000002   Code   RO         2175    i.__scatterload_null  mc_w.l(handlers.o)
    0x0801906c   0x0801906c   0x0000000e   Code   RO         2176    i.__scatterload_zeroinit  mc_w.l(handlers.o)
    0x0801907a   0x0801907a   0x00000002   PAD
    0x0801907c   0x0801907c   0x00000184   Code   RO         2097    i._fp_digits        mc_w.l(printfa.o)
    0x08019200   0x08019200   0x000006dc   Code   RO         2098    i._printf_core      mc_w.l(printfa.o)
    0x080198dc   0x080198dc   0x00000024   Code   RO         2099    i._printf_post_padding  mc_w.l(printfa.o)
    0x08019900   0x08019900   0x0000002e   Code   RO         2100    i._printf_pre_padding  mc_w.l(printfa.o)
    0x0801992e   0x0801992e   0x0000000a   Code   RO         2102    i._sputc            mc_w.l(printfa.o)
    0x08019938   0x08019938   0x00000070   Data   RO          156    .rodata             rtx_lib.o
    0x080199a8   0x080199a8   0x00000038   Data   RO          159    .rodata             rtx_lib.o
    0x080199e0   0x080199e0   0x00000010   Data   RO          437    .rodata.AHBPrescTable  system_stm32f7xx.o
    0x080199f0   0x080199f0   0x00000008   Data   RO          438    .rodata.APBPrescTable  system_stm32f7xx.o
    0x080199f8   0x080199f8   0x00000018   Data   RO         1401    .rodata.DMonth      Net_Dbg_CM3_L.lib(net_http_server.o)
    0x08019a10   0x08019a10   0x00000044   Data   RO          272    .rodata.Driver_ETH_MAC0  emac_stm32f7xx.o
    0x08019a54   0x08019a54   0x00000020   Data   RO          258    .rodata.Driver_ETH_PHY0  phy_lan8742a.o
    0x08019a74   0x08019a74   0x00000018   Data   RO          285    .rodata.EventRecorderInfo  eventrecorder.o
    0x08019a8c   0x08019a8c   0x00001500   Data   RO           94    .rodata.Font_16x24_h  glcd_fonts.o
    0x0801af8c   0x0801af8c   0x00000010   Data   RO           95    .rodata.GLCD_Font_16x24  glcd_fonts.o
    0x0801af9c   0x0801af9c   0x00000040   Data   RO         1406    .rodata.Method      Net_Dbg_CM3_L.lib(net_http_server.o)
    0x0801afdc   0x0801afdc   0x00000030   Data   RO         1405    .rodata.Month       Net_Dbg_CM3_L.lib(net_http_server.o)
    0x0801b00c   0x0801b00c   0x0000001c   Data   RO         1404    .rodata.WkDay       Net_Dbg_CM3_L.lib(net_http_server.o)
    0x0801b028   0x0801b028   0x00000024   Data   RO           14    .rodata.app_main_attr  http_server.o
    0x0801b04c   0x0801b04c   0x00000010   Data   RO         1789    .rodata.cst16       Net_Dbg_CM3_L.lib(net_common.o)
    0x0801b05c   0x0801b05c   0x00000020   Data   RO          360    .rodata.cst32       stm32f7xx_hal_ltdc.o
    0x0801b07c   0x0801b07c   0x00000008   Data   RO          332    .rodata.cst8        stm32f7xx_hal_dma.o
    0x0801b084   0x0801b084   0x00000014   Data   RO          469    .rodata.eth0_arp_config  net_config.o
    0x0801b098   0x0801b098   0x00000014   Data   RO          479    .rodata.eth0_dhcp6_config  net_config.o
    0x0801b0ac   0x0801b0ac   0x00000010   Data   RO          473    .rodata.eth0_dhcp_config  net_config.o
    0x0801b0bc   0x0801b0bc   0x0000000c   Data   RO          477    .rodata.eth0_icmp6_config  net_config.o
    0x0801b0c8   0x0801b0c8   0x0000000c   Data   RO          471    .rodata.eth0_icmp_config  net_config.o
    0x0801b0d4   0x0801b0d4   0x00000028   Data   RO          460    .rodata.eth0_ip4_config  net_config.o
    0x0801b0fc   0x0801b0fc   0x00000020   Data   RO          462    .rodata.eth0_ip6_config  net_config.o
    0x0801b11c   0x0801b11c   0x00000020   Data   RO          453    .rodata.eth0_ll_config  net_config.o
    0x0801b13c   0x0801b13c   0x00000010   Data   RO          452    .rodata.eth0_lock_attr  net_config.o
    0x0801b14c   0x0801b14c   0x00000010   Data   RO          475    .rodata.eth0_ndp_config  net_config.o
    0x0801b15c   0x0801b15c   0x00000024   Data   RO          454    .rodata.eth0_thread_attr  net_config.o
    0x0801b180   0x0801b180   0x00000048   Data   RO          273    .rodata.eth_pins    emac_stm32f7xx.o
    0x0801b1c8   0x0801b1c8   0x00000090   Data   RO         1407    .rodata.http_set_ftype.ftype  Net_Dbg_CM3_L.lib(net_http_server.o)
    0x0801b258   0x0801b258   0x00006b25   Data   RO           46    .rodata.imageFileData  web.o
    0x08021d7d   0x08021d7d   0x00000003   PAD
    0x08021d80   0x08021d80   0x000000a8   Data   RO           45    .rodata.imageFileTable  web.o
    0x08021e28   0x08021e28   0x00000004   Data   RO           44    .rodata.imageLastModified  web.o
    0x08021e2c   0x08021e2c   0x00000010   Data   RO          451    .rodata.mem_lock_attr  net_config.o
    0x08021e3c   0x08021e3c   0x00000004   Data   RO         1649    .rodata.net_addr4_loopback  Net_Dbg_CM3_L.lib(net_ip4.o)
    0x08021e40   0x08021e40   0x00000010   Data   RO         1229    .rodata.net_addr6_all_dhcp_agents  Net_Dbg_CM3_L.lib(net_dhcp6_client.o)
    0x08021e50   0x08021e50   0x00000010   Data   RO         1687    .rodata.net_addr6_all_nodes  Net_Dbg_CM3_L.lib(net_ip6.o)
    0x08021e60   0x08021e60   0x00000010   Data   RO         1688    .rodata.net_addr6_all_routers  Net_Dbg_CM3_L.lib(net_ip6.o)
    0x08021e70   0x08021e70   0x00000010   Data   RO         1689    .rodata.net_addr6_loopback  Net_Dbg_CM3_L.lib(net_ip6.o)
    0x08021e80   0x08021e80   0x00000006   Data   RO         1603    .rodata.net_addr_bcast  Net_Dbg_CM3_L.lib(net_addr.o)
    0x08021e86   0x08021e86   0x00000010   Data   RO         1602    .rodata.net_addr_unspec  Net_Dbg_CM3_L.lib(net_addr.o)
    0x08021e96   0x08021e96   0x00000002   PAD
    0x08021e98   0x08021e98   0x00000008   Data   RO          470    .rodata.net_arp_list  net_config.o
    0x08021ea0   0x08021ea0   0x00000050   Data   RO         1820    .rodata.net_base64_decode.dec_map  Net_Dbg_CM3_L.lib(net_base64.o)
    0x08021ef0   0x08021ef0   0x00000008   Data   RO          480    .rodata.net_dhcp6_list  net_config.o
    0x08021ef8   0x08021ef8   0x00000008   Data   RO          474    .rodata.net_dhcp_list  net_config.o
    0x08021f00   0x08021f00   0x0000002c   Data   RO          463    .rodata.net_eth0_if_config  net_config.o
    0x08021f2c   0x08021f2c   0x00000008   Data   RO          464    .rodata.net_eth_list  net_config.o
    0x08021f34   0x08021f34   0x00000018   Data   RO         1447    .rodata.net_http_auth_basic_func  Net_Dbg_CM3_L.lib(net_http_server_auth.o)
    0x08021f4c   0x08021f4c   0x00000034   Data   RO          492    .rodata.net_http_config  net_config.o
    0x08021f80   0x08021f80   0x00000018   Data   RO         1700    .rodata.net_http_error  Net_Dbg_CM3_L.lib(net_http_server_err.o)
    0x08021f98   0x08021f98   0x00000008   Data   RO          478    .rodata.net_icmp6_list  net_config.o
    0x08021fa0   0x08021fa0   0x00000008   Data   RO          472    .rodata.net_icmp_list  net_config.o
    0x08021fa8   0x08021fa8   0x00000008   Data   RO          467    .rodata.net_if_inet_def  net_config.o
    0x08021fb0   0x08021fb0   0x00000008   Data   RO          468    .rodata.net_if_link_def  net_config.o
    0x08021fb8   0x08021fb8   0x00000008   Data   RO          466    .rodata.net_if_list_all  net_config.o
    0x08021fc0   0x08021fc0   0x00000008   Data   RO          465    .rodata.net_if_list_lan  net_config.o
    0x08021fc8   0x08021fc8   0x00000008   Data   RO          482    .rodata.net_ip4_frag_config  net_config.o
    0x08021fd0   0x08021fd0   0x00000008   Data   RO          484    .rodata.net_ip6_frag_config  net_config.o
    0x08021fd8   0x08021fd8   0x00000004   Data   RO         1829    .rodata.net_lib_version  Net_Dbg_CM3_L.lib(net_version.o)
    0x08021fdc   0x08021fdc   0x00000010   Data   RO          450    .rodata.net_lock_attr  net_config.o
    0x08021fec   0x08021fec   0x0000002c   Data   RO          760    .rodata.net_loop_if_config  Net_Dbg_CM3_L.lib(net_loopback.o)
    0x08022018   0x08022018   0x00000008   Data   RO          486    .rodata.net_nbns_config  net_config.o
    0x08022020   0x08022020   0x00000008   Data   RO          476    .rodata.net_ndp_list  net_config.o
    0x08022028   0x08022028   0x00000012   Data   RO         1472    .rodata.net_ping_payload  Net_Dbg_CM3_L.lib(net_ping_core.o)
    0x0802203a   0x0802203a   0x00000002   PAD
    0x0802203c   0x0802203c   0x0000001c   Data   RO          457    .rodata.net_sys_config  net_config.o
    0x08022058   0x08022058   0x00000018   Data   RO          490    .rodata.net_tcp_config  net_config.o
    0x08022070   0x08022070   0x00000024   Data   RO          448    .rodata.net_thread_attr  net_config.o
    0x08022094   0x08022094   0x00000010   Data   RO          449    .rodata.net_timer_attr  net_config.o
    0x080220a4   0x080220a4   0x0000000c   Data   RO          488    .rodata.net_udp_config  net_config.o
    0x080220b0   0x080220b0   0x00000010   Data   RO          494    .rodata.netif_getopt_func  net_config.o
    0x080220c0   0x080220c0   0x00000010   Data   RO          495    .rodata.netif_setopt_func  net_config.o
    0x080220d0   0x080220d0   0x00000004   Data   RO          158    .rodata.osRtxUserSVC  rtx_lib.o
    0x080220d4   0x080220d4   0x00000024   Data   RO          153    .rodata.os_idle_thread_attr  rtx_lib.o
    0x080220f8   0x080220f8   0x00000018   Data   RO          155    .rodata.os_timer_mq_attr  rtx_lib.o
    0x08022110   0x08022110   0x00000024   Data   RO          154    .rodata.os_timer_thread_attr  rtx_lib.o
    0x08022134   0x08022134   0x00000006   Data   RO           22    .rodata.str1.1      http_server.o
    0x0802213a   0x0802213a   0x000000f2   Data   RO           33    .rodata.str1.1      http_server_cgi.o
    0x0802222c   0x0802222c   0x0000010a   Data   RO          456    .rodata.str1.1      net_config.o
    0x08022336   0x08022336   0x000001a7   Data   RO         1402    .rodata.str1.1      Net_Dbg_CM3_L.lib(net_http_server.o)
    0x080224dd   0x080224dd   0x000001f8   Data   RO         1699    .rodata.str1.1      Net_Dbg_CM3_L.lib(net_http_server_err.o)
    0x080226d5   0x080226d5   0x00000003   PAD
    0x080226d8   0x080226d8   0x0000000b   Data   RO          142    .rodata.str1.4      rtx_kernel.o
    0x080226e3   0x080226e3   0x00000001   PAD
    0x080226e4   0x080226e4   0x00000038   Data   RO          505    .rodata.sys_fn_init  net_config.o
    0x0802271c   0x0802271c   0x00000034   Data   RO          506    .rodata.sys_fn_run  net_config.o
    0x08022750   0x08022750   0x00000006   Data   RO         1403    .rodata.utc_to_http.DYear  Net_Dbg_CM3_L.lib(net_http_server.o)
    0x08022756   0x08022756   0x00000002   PAD
    0x08022758   0x08022758   0x00000020   Data   RO         2173    Region$$Table       anon$$obj.o


    Execution Region RW_DTCM (Exec base: 0x20000000, Load base: 0x08022778, Size: 0x0000d1f8, Max: 0x0000f800, ABSOLUTE)

    Exec Addr    Load Addr    Size         Type   Attr      Idx    E Section Name        Object

    0x20000000   0x08022778   0x00000004   Data   RW          436    .data.SystemCoreClock  system_stm32f7xx.o
    0x20000004   0x0802277c   0x00000002   Data   RW           81    .data.background_color  glcd_746g_discovery.o
    0x20000006   0x0802277e   0x0000002a   Data   RW           15    .data.lcd_text      http_server.o
    0x20000030   0x080227a8   0x000000a4   Data   RW          143    .data.os            rtx_kernel.o
    0x200000d4   0x0802284c   0x00000001   Data   RW          296    .data.uwTickFreq    stm32f7xx_hal.o
    0x200000d5   0x0802284d   0x00000003   PAD
    0x200000d8   0x08022850   0x00000004   Data   RW          295    .data.uwTickPrio    stm32f7xx_hal.o
    0x200000dc   0x08022854   0x00000004   PAD
    0x200000e0        -       0x00000008   Zero   RW          833    .bss..L_MergedGlobals  Net_Dbg_CM3_L.lib(net_ip6_frag.o)
    0x200000e8        -       0x00000002   Zero   RW         1154    .bss..L_MergedGlobals  Net_Dbg_CM3_L.lib(net_dhcp_client.o)
    0x200000ea        -       0x00000002   Zero   RW         1230    .bss..L_MergedGlobals  Net_Dbg_CM3_L.lib(net_dhcp6_client.o)
    0x200000ec        -       0x00000051   Zero   RW         1408    .bss..L_MergedGlobals  Net_Dbg_CM3_L.lib(net_http_server.o)
    0x2000013d   0x08022854   0x00000003   PAD
    0x20000140        -       0x00000038   Zero   RW         1525    .bss..L_MergedGlobals  Net_Dbg_CM3_L.lib(net_sys.o)
    0x20000178        -       0x00000001   Zero   RW           58    .bss.BSP_SDRAM_DeInit.sdramstatus  stm32746g_discovery_sdram.o
    0x20000179        -       0x00000001   Zero   RW           55    .bss.BSP_SDRAM_Init.sdramstatus  stm32746g_discovery_sdram.o
    0x2000017a   0x08022854   0x00000002   PAD
    0x2000017c        -       0x00000060   Zero   RW           61    .bss.BSP_SDRAM_MspDeInit.dma_handle  stm32746g_discovery_sdram.o
    0x200001dc        -       0x00000060   Zero   RW           60    .bss.BSP_SDRAM_MspInit.dma_handle  stm32746g_discovery_sdram.o
    0x2000023c        -       0x00000010   Zero   RW           59    .bss.Command        stm32746g_discovery_sdram.o
    0x2000024c        -       0x00000018   Zero   RW           21    .bss.Display.buf    http_server.o
    0x20000264        -       0x00000010   Zero   RW           19    .bss.Display.ip_addr  http_server.o
    0x20000274        -       0x00000028   Zero   RW           20    .bss.Display.ip_ascii  http_server.o
    0x2000029c        -       0x0000000c   Zero   RW          271    .bss.Emac           emac_stm32f7xx.o
    0x200002a8        -       0x00000004   Zero   RW            3    .bss.HAL_GetTick.ticks  main.o
    0x200002ac        -       0x00000001   Zero   RW           18    .bss.LEDrun         http_server.o
    0x200002ad   0x08022854   0x00000003   PAD
    0x200002b0        -       0x000000a8   Zero   RW           79    .bss.LTDC_Handle    glcd_746g_discovery.o
    0x20000358        -       0x00000001   Zero   RW           32    .bss.P2             http_server_cgi.o
    0x20000359   0x08022854   0x00000003   PAD
    0x2000035c        -       0x00000004   Zero   RW          259    .bss.PHY.0          phy_lan8742a.o
    0x20000360        -       0x00000004   Zero   RW          260    .bss.PHY.1          phy_lan8742a.o
    0x20000364        -       0x00000002   Zero   RW          261    .bss.PHY.2          phy_lan8742a.o
    0x20000366        -       0x00000001   Zero   RW          262    .bss.PHY.3          phy_lan8742a.o
    0x20000367   0x08022854   0x00000001   PAD
    0x20000368        -       0x00000004   Zero   RW           16    .bss.TID_Display    http_server.o
    0x2000036c        -       0x00000004   Zero   RW           17    .bss.TID_Led        http_server.o
    0x20000370        -       0x0000001c   Zero   RW           57    .bss.Timing         stm32746g_discovery_sdram.o
    0x2000038c        -       0x00000004   Zero   RW           83    .bss.active_font    glcd_746g_discovery.o
    0x20000390        -       0x00000400   Zero   RW           13    .bss.app_main_stk   http_server.o
    0x20000790        -       0x000000c8   Zero   RW          503    .bss.eth0_arp_table  net_config.o
    0x20000858        -       0x00000018   Zero   RW          459    .bss.eth0_localm    net_config.o
    0x20000870        -       0x00000064   Zero   RW          461    .bss.eth0_localm6   net_config.o
    0x200008d4        -       0x00000006   Zero   RW          496    .bss.eth0_mac_addr  net_config.o
    0x200008da   0x08022854   0x00000002   PAD
    0x200008dc        -       0x000000a0   Zero   RW          504    .bss.eth0_ndp_table  net_config.o
    0x2000097c   0x08022854   0x00000004   PAD
    0x20000980        -       0x00000400   Zero   RW          502    .bss.eth0_stack     net_config.o
    0x20000d80        -       0x00000004   Zero   RW          458    .bss.eth0_state     net_config.o
    0x20000d84        -       0x00000002   Zero   RW           80    .bss.foreground_color  glcd_746g_discovery.o
    0x20000d86   0x08022854   0x00000002   PAD
    0x20000d88        -       0x00000168   Zero   RW          491    .bss.http_scb       net_config.o
    0x20000ef0        -       0x00000008   Zero   RW         1650    .bss.ip4_control    Net_Dbg_CM3_L.lib(net_ip4.o)
    0x20000ef8        -       0x00000028   Zero   RW          481    .bss.ip4_frag_scb   net_config.o
    0x20000f20        -       0x00000004   Zero   RW         1690    .bss.ip6_control    Net_Dbg_CM3_L.lib(net_ip6.o)
    0x20000f24        -       0x00000028   Zero   RW          483    .bss.ip6_frag_scb   net_config.o
    0x20000f4c        -       0x00000010   Zero   RW           31    .bss.ip_addr        http_server_cgi.o
    0x20000f5c        -       0x00000028   Zero   RW           35    .bss.ip_string      http_server_cgi.o
    0x20000f84        -       0x00000004   Zero   RW          447    .bss.k_mul          net_config.o
    0x20000f88        -       0x00000004   Zero   RW          761    .bss.loop_control   Net_Dbg_CM3_L.lib(net_loopback.o)
    0x20000f8c        -       0x00000014   Zero   RW         1724    .bss.mem_control    Net_Dbg_CM3_L.lib(net_mem.o)
    0x20000fa0        -       0x00002ee0   Zero   RW          455    .bss.mem_pool       net_config.o
    0x20003e80        -       0x00000020   Zero   RW         1263    .bss.nbns_control   Net_Dbg_CM3_L.lib(net_nbns_client.o)
    0x20003ea0        -       0x0000003c   Zero   RW          485    .bss.nbns_table     net_config.o
    0x20003edc        -       0x00000004   Zero   RW           34    .bss.netCGI_Script.adv  http_server_cgi.o
    0x20003ee0        -       0x00000010   Zero   RW         1608    .bss.net_addr6_get_solicited.buf  Net_Dbg_CM3_L.lib(net_addr.o)
    0x20003ef0        -       0x00000024   Zero   RW         1524    .bss.net_dbg_buf    Net_Dbg_CM3_L.lib(net_sys.o)
    0x20003f14        -       0x00000018   Zero   RW          657    .bss.net_eth0_arp_control  Net_Dbg_CM3_L.lib(net_arp.o)
    0x20003f2c        -       0x00000044   Zero   RW         1225    .bss.net_eth0_dhcp6_control  Net_Dbg_CM3_L.lib(net_dhcp6_client.o)
    0x20003f70        -       0x00000028   Zero   RW         1150    .bss.net_eth0_dhcp_control  Net_Dbg_CM3_L.lib(net_dhcp_client.o)
    0x20003f98        -       0x00000001   Zero   RW          852    .bss.net_eth0_icmp6_control  Net_Dbg_CM3_L.lib(net_icmp6.o)
    0x20003f99        -       0x00000001   Zero   RW          803    .bss.net_eth0_icmp_control  Net_Dbg_CM3_L.lib(net_icmp.o)
    0x20003f9a   0x08022854   0x00000002   PAD
    0x20003f9c        -       0x000000a0   Zero   RW          581    .bss.net_eth0_if_control  Net_Dbg_CM3_L.lib(net_eth.o)
    0x2000403c        -       0x00000044   Zero   RW          738    .bss.net_eth0_ndp_control  Net_Dbg_CM3_L.lib(net_ndp.o)
    0x20004080        -       0x00000004   Zero   RW          786    .bss.net_ip4_frag_get.dfrag  Net_Dbg_CM3_L.lib(net_ip4_frag.o)
    0x20004084        -       0x0000002c   Zero   RW         1473    .bss.net_ping_control  Net_Dbg_CM3_L.lib(net_ping_core.o)
    0x200040b0        -       0x00000400   Zero   RW          498    .bss.net_stack      net_config.o
    0x200044b0        -       0x00000001   Zero   RW         1089    .bss.net_tcp_socket_run.socket  Net_Dbg_CM3_L.lib(net_tcp.o)
    0x200044b1   0x08022854   0x00000003   PAD
    0x200044b4        -       0x0000001c   Zero   RW          922    .bss.net_udp_process.addr  Net_Dbg_CM3_L.lib(net_udp.o)
    0x200044d0        -       0x00008040   Zero   RW          152    .bss.os             rtx_lib.o
    0x2000c510        -       0x00000001   Zero   RW          242    .bss.os             os_systick.o
    0x2000c511   0x08022854   0x00000003   PAD
    0x2000c514        -       0x00000034   Zero   RW          163    .bss.os.msgqueue.cb  rtx_lib.o
    0x2000c548        -       0x00000050   Zero   RW          164    .bss.os.msgqueue.mem  rtx_lib.o
    0x2000c598        -       0x00000038   Zero   RW          500    .bss.os.mutex.cb    net_config.o
    0x2000c5d0        -       0x00000010   Zero   RW          501    .bss.os.semaphore.cb  net_config.o
    0x2000c5e0        -       0x000000a0   Zero   RW          160    .bss.os.thread.cb   rtx_lib.o
    0x2000c680        -       0x000000a0   Zero   RW          497    .bss.os.thread.cb   net_config.o
    0x2000c720        -       0x00000200   Zero   RW          161    .bss.os.thread.idle.stack  rtx_lib.o
    0x2000c920        -       0x00000200   Zero   RW          162    .bss.os.thread.timer.stack  rtx_lib.o
    0x2000cb20        -       0x00000020   Zero   RW          499    .bss.os.timer.cb    net_config.o
    0x2000cb40        -       0x00000034   Zero   RW           56    .bss.sdramHandle    stm32746g_discovery_sdram.o
    0x2000cb74        -       0x00000228   Zero   RW          489    .bss.tcp_scb        net_config.o
    0x2000cd9c        -       0x00000002   Zero   RW          923    .bss.udp_alloc_port.port  Net_Dbg_CM3_L.lib(net_udp.o)
    0x2000cd9e   0x08022854   0x00000002   PAD
    0x2000cda0        -       0x00000050   Zero   RW          487    .bss.udp_scb        net_config.o
    0x2000cdf0        -       0x00000004   Zero   RW          297    .bss.uwTick         stm32f7xx_hal.o
    0x2000cdf4   0x08022854   0x00000004   PAD
    0x2000cdf8        -       0x00000400   Zero   RW          425    STACK               startup_stm32f746xx.o


    Execution Region RW_DTCM_NOINIT (Exec base: 0x2000f800, Load base: 0x08022858, Size: 0x000004a4, Max: 0x00000800, ABSOLUTE, UNINIT)

    Exec Addr    Load Addr    Size         Type   Attr      Idx    E Section Name        Object

    0x2000f800        -       0x000004a4   Zero   RW          284    .bss.noinit         eventrecorder.o


    Execution Region RW_SRAM1 (Exec base: 0x20010000, Load base: 0x08022858, Size: 0x00000000, Max: 0x0003c000, ABSOLUTE)

    **** No section assigned to this execution region ****



  Load Region LR$$.bss.ARM.__at_0x2004C000 (Base: 0x2004c000, Size: 0x00000000, Max: 0x000024c0, ABSOLUTE)

    Execution Region ER$$.bss.ARM.__at_0x2004C000 (Exec base: 0x2004c000, Load base: 0x2004c000, Size: 0x000024c0, Max: 0x000024c0, ABSOLUTE, UNINIT)

    Exec Addr    Load Addr    Size         Type   Attr      Idx    E Section Name        Object

    0x2004c000        -       0x000024c0   Zero   RW          274    .bss.ARM.__at_0x2004C000  emac_stm32f7xx.o



  Load Region LR$$.bss.ARM.__at_0xC0000000 (Base: 0xc0000000, Size: 0x00000000, Max: 0x0003fc00, ABSOLUTE)

    Execution Region ER$$.bss.ARM.__at_0xC0000000 (Exec base: 0xc0000000, Load base: 0xc0000000, Size: 0x0003fc00, Max: 0x0003fc00, ABSOLUTE, UNINIT)

    Exec Addr    Load Addr    Size         Type   Attr      Idx    E Section Name        Object

    0xc0000000        -       0x0003fc00   Zero   RW           82    .bss.ARM.__at_0xC0000000  glcd_746g_discovery.o


==============================================================================

Image component sizes


      Code (inc. data)   RO Data    RW Data    ZI Data      Debug   Object Name

       124          0          0          0          0       2775   buttons_746g_discovery.o
      2966         24        140          0       9420      17987   emac_stm32f7xx.o
      4672          0         24          0       1188      20135   eventrecorder.o
      1770          0          0          2     261294      12333   glcd_746g_discovery.o
         0          0       5392          0          0       1166   glcd_fonts.o
       560        112         42         42       1113       5097   http_server.o
      1960        364        242          0         61       6099   http_server_cgi.o
       256         16          0          0          0        789   irq_armv7m.o
       188          0          0          0          0       3333   led_746g_discovery.o
       506          0          0          0          4       6750   main.o
       636          0       1014          0      15942      21729   net_config.o
       298          0          0          0          0        897   net_debug.o
       280          0          0          0          1       5665   os_systick.o
       640          0         32          0         11       3601   phy_lan8742a.o
        10          0          0          0          0        643   rtx_config.o
       238          0          0          0          0       3073   rtx_delay.o
      4460          0          0          0          0      35176   rtx_evr.o
      2310          0         11        164          0      21777   rtx_kernel.o
         0          0        268          0      34148       5665   rtx_lib.o
       276          0          0          0          0       2621   rtx_memory.o
      2478          0          0          0          0      17617   rtx_mempool.o
      3272          0          0          0          0      21428   rtx_msgqueue.o
      1476          0          0          0          0      10487   rtx_mutex.o
      1284          0          0          0          0      11069   rtx_semaphore.o
       430         40          0          0          0       6215   rtx_system.o
      7536         10          0          0          0      47949   rtx_thread.o
      1378          0          0          0          0      11210   rtx_timer.o
        36          8        456          0       1024        880   startup_stm32f746xx.o
      1068          0          0          0        290      10171   stm32746g_discovery_sdram.o
       730          0          0          5          4       7607   stm32f7xx_hal.o
       738          0          0          0          0      10925   stm32f7xx_hal_cortex.o
      1876         18          8          0          0       9462   stm32f7xx_hal_dma.o
       810          0          0          0          0       5166   stm32f7xx_hal_gpio.o
      2934          0         32          0          0      13719   stm32f7xx_hal_ltdc.o
       852          0          0          0          0       5678   stm32f7xx_hal_pwr_ex.o
      2306          0          0          0          0       8120   stm32f7xx_hal_rcc.o
      2392          0          0          0          0       7258   stm32f7xx_hal_rcc_ex.o
      1390          0          0          0          0      11569   stm32f7xx_hal_sdram.o
      1230          0          0          0          0       8448   stm32f7xx_ll_fmc.o
       154          0         24          4          0       3446   system_stm32f7xx.o
       122          0      27601          0          0       1543   web.o

    ----------------------------------------------------------------------
     56762        600      35322        220     324528     407278   Object Totals
         0          0         32          0          0          0   (incl. Generated)
       120          8          4          3         28          0   (incl. Padding)

    ----------------------------------------------------------------------

      Code (inc. data)   RO Data    RW Data    ZI Data      Debug   Library Member Name

      1402         28         22          0         16        708   net_addr.o
      2892         94          0          0         24        900   net_arp.o
       120          4         80          0          0         84   net_base64.o
       800          8         16          0          0        656   net_common.o
      3204        128         16          0         70        696   net_dhcp6_client.o
      3704        160          0          0         42        612   net_dhcp_client.o
      3812        132          0          0        160        684   net_eth.o
      7036        872        737          0         81       1484   net_http_server.o
       258         64         24          0          0        368   net_http_server_auth.o
         0          0        528          0          0          0   net_http_server_err.o
       628         32          0          0          1        136   net_icmp.o
       784         34          0          0          1        160   net_icmp6.o
      1182         76          4          0          8        364   net_ip4.o
       728         24          0          0          4        220   net_ip4_frag.o
       990         56         48          0          4        348   net_ip6.o
       792         20          0          0          8        224   net_ip6_frag.o
       334         24         44          0          4        136   net_loopback.o
       552         28          0          0         20        212   net_mem.o
       666         40          0          0         32        352   net_nbns_client.o
      4168        106          0          0         68        928   net_ndp.o
       176         24         18          0         44        188   net_ping_core.o
       788         60          0          0         92        464   net_sys.o
      7188        166          0          0          1       1768   net_tcp.o
      1392         52          0          0         30        712   net_udp.o
         0          0          4          0          0          0   net_version.o
         0          0          0          0          0          0   entry.o
         0          0          0          0          0          0   entry10a.o
         0          0          0          0          0          0   entry11a.o
         8          4          0          0          0          0   entry2.o
         4          0          0          0          0          0   entry5.o
         0          0          0          0          0          0   entry7b.o
         0          0          0          0          0          0   entry8b.o
         8          4          0          0          0          0   entry9a.o
        30          0          0          0          0          0   handlers.o
        48         10          0          0          0         68   init.o
         0          0          0          0          0          0   iusefp.o
        30          0          0          0          0         68   llshl.o
        36          0          0          0          0         68   llsshr.o
        32          0          0          0          0         68   llushr.o
        26          0          0          0          0         80   memcmp.o
        36          0          0          0          0         68   memcpya.o
        36          0          0          0          0        108   memseta.o
      2276         86          0          0          0        520   printfa.o
        28          0          0          0          0         76   strcmp.o
        18          0          0          0          0         68   strcpy.o
        14          0          0          0          0         68   strlen.o
        30          0          0          0          0         80   strncmp.o
        44          0          0          0          0         80   uidiv.o
        98          0          0          0          0         92   uldiv.o
        48          0          0          0          0         68   cdrcmple.o
       334          0          0          0          0        148   dadd.o
       222          0          0          0          0        100   ddiv.o
       186          0          0          0          0        176   depilogue.o
        48          0          0          0          0         68   dfixul.o
       228          0          0          0          0         96   dmul.o
        38          0          0          0          0         68   f2d.o

    ----------------------------------------------------------------------
     47542       2340       1550          0        720      14640   Library Totals
        40          4          9          0         10          0   (incl. Padding)

    ----------------------------------------------------------------------

      Code (inc. data)   RO Data    RW Data    ZI Data      Debug   Library Name

     43596       2232       1541          0        710      12404   Net_Dbg_CM3_L.lib
      2802        104          0          0          0       1512   mc_w.l
      1104          0          0          0          0        724   mf_w.l

    ----------------------------------------------------------------------
     47542       2340       1550          0        720      14640   Library Totals

    ----------------------------------------------------------------------

==============================================================================


      Code (inc. data)   RO Data    RW Data    ZI Data      Debug   

    104304       2940      36872        220     325248     419746   Grand Totals
    104304       2940      36872        220     325248     419746   ELF Image Totals
    104304       2940      36872        220          0          0   ROM Totals

==============================================================================

    Total RO  Size (Code + RO Data)               141176 ( 137.87kB)
    Total RW  Size (RW Data + ZI Data)            325468 ( 317.84kB)
    Total ROM Size (Code + RO Data + RW Data)     141396 ( 138.08kB)

==============================================================================

