Component: Arm Compiler for Embedded 6.21 Tool: armlink [5ec1fa00]

==============================================================================

Section Cross References

    main.o(.text) refers to rtx_kernel.o(.text) for osKernelGetState
    main.o(.text) refers to system_stm32f7xx.o(.data.SystemCoreClock) for SystemCoreClock
    main.o(.text) refers to main.o(.bss.HAL_GetTick.ticks) for HAL_GetTick.ticks
    main.o(.text) refers to main.o(.bss.sine_value) for sine_value
    main.o(.text) refers to rtx_delay.o(.text) for osDelay
    main.o(.text) refers to dfltui.o(.text) for __aeabi_ui2d
    main.o(.text) refers to ddiv.o(.text) for __aeabi_ddiv
    main.o(.text) refers to sin.o(i.__hardfp_sin) for __hardfp_sin
    main.o(.text) refers to dmul.o(.text) for __aeabi_dmul
    main.o(.text) refers to dfixi.o(.text) for __aeabi_d2iz
    main.o(.text) refers to printfa.o(i.__0printf) for __2printf
    main.o(.text) refers to stm32f7xx_hal_cortex.o(.text) for HAL_MPU_Disable
    main.o(.text) refers to stm32f7xx_hal.o(.text) for HAL_Init
    main.o(.text) refers to stm32f7xx_hal_rcc.o(.text) for HAL_RCC_OscConfig
    main.o(.text) refers to stm32f7xx_hal_pwr_ex.o(.text) for HAL_PWREx_EnableOverDrive
    main.o(.text) refers to system_stm32f7xx.o(.text) for SystemCoreClockUpdate
    main.o(.text) refers to eventrecorder.o(.text) for EventRecorderInitialize
    main.o(.text) refers to puts.o(i.puts) for puts
    main.o(.text) refers to rtx_thread.o(.text) for osThreadNew
    main.o(.text) refers to http_server.o(.text) for app_main
    main.o(.text) refers to http_server.o(.rodata.app_main_attr) for app_main_attr
    main.o(.ARM.exidx) refers to main.o(.text) for [Anonymous Symbol]
    http_server.o(.text) refers to buttons_746g_discovery.o(.text) for Buttons_GetState
    http_server.o(.text) refers to http_server.o(.bss.TID_Display) for TID_Display
    http_server.o(.text) refers to rtx_thread.o(.text) for osThreadFlagsSet
    http_server.o(.text) refers to led_746g_discovery.o(.text) for LED_Initialize
    http_server.o(.text) refers to net_sys.o(.text.netInitialize) for netInitialize
    http_server.o(.text) refers to http_server.o(.bss.TID_Led) for TID_Led
    http_server.o(.text) refers to http_server.o(.bss.LEDrun) for LEDrun
    http_server.o(.text) refers to rtx_delay.o(.text) for osDelay
    http_server.o(.text) refers to glcd_746g_discovery.o(.text) for GLCD_Initialize
    http_server.o(.text) refers to glcd_fonts.o(.rodata.GLCD_Font_16x24) for GLCD_Font_16x24
    http_server.o(.text) refers to http_server.o(.bss.Display.ip_addr) for Display.ip_addr
    http_server.o(.text) refers to net_sys.o(.text.netIF_GetOption) for netIF_GetOption
    http_server.o(.text) refers to http_server.o(.bss.Display.ip_ascii) for Display.ip_ascii
    http_server.o(.text) refers to net_addr.o(.text.netIP_ntoa) for netIP_ntoa
    http_server.o(.text) refers to http_server.o(.bss.Display.buf) for Display.buf
    http_server.o(.text) refers to printfa.o(i.__0sprintf) for __2sprintf
    http_server.o(.text) refers to strcpy.o(.text) for strcpy
    http_server.o(.text) refers to http_server.o(.data.lcd_text) for lcd_text
    http_server.o(.text) refers to http_server.o(.rodata.str1.1) for .L.str.6
    http_server.o(.ARM.exidx) refers to http_server.o(.text) for [Anonymous Symbol]
    http_server.o(.rodata.app_main_attr) refers to http_server.o(.bss.app_main_stk) for app_main_stk
    http_server_cgi.o(.text) refers to http_server_cgi.o(.bss.ip_addr) for ip_addr
    http_server_cgi.o(.text) refers to net_http_server.o(.text.netCGI_GetEnvVar) for netCGI_GetEnvVar
    http_server_cgi.o(.text) refers to net_addr.o(.text.netIP_aton) for netIP_aton
    http_server_cgi.o(.text) refers to net_sys.o(.text.netIF_SetOption) for netIF_SetOption
    http_server_cgi.o(.text) refers to http_server_cgi.o(.bss.P2) for P2
    http_server_cgi.o(.text) refers to http_server.o(.bss.LEDrun) for LEDrun
    http_server_cgi.o(.text) refers to memcmp.o(.text) for memcmp
    http_server_cgi.o(.text) refers to http_server.o(.data.lcd_text) for lcd_text
    http_server_cgi.o(.text) refers to net_http_server.o(.text.netHTTPs_LoginActive) for netHTTPs_LoginActive
    http_server_cgi.o(.text) refers to strcpy.o(.text) for strcpy
    http_server_cgi.o(.text) refers to strcmp.o(.text) for strcmp
    http_server_cgi.o(.text) refers to net_http_server.o(.text.netHTTPs_SetPassword) for netHTTPs_SetPassword
    http_server_cgi.o(.text) refers to http_server.o(.bss.TID_Display) for TID_Display
    http_server_cgi.o(.text) refers to rtx_thread.o(.text) for osThreadFlagsSet
    http_server_cgi.o(.text) refers to led_746g_discovery.o(.text) for LED_SetOut
    http_server_cgi.o(.text) refers to http_server_cgi.o(.rodata.str1.1) for .L.str.13
    http_server_cgi.o(.text) refers to printfa.o(i.__0sprintf) for __2sprintf
    http_server_cgi.o(.text) refers to net_tcp.o(.text.netTCP_GetState) for netTCP_GetState
[...]
    net_sys_control                          0x20000164   Data          28  net_sys.o(.bss..L_MergedGlobals)
    LEDrun                                   0x200002b4   Data           1  http_server.o(.bss.LEDrun)
    TID_Display                              0x20000370   Data           4  http_server.o(.bss.TID_Display)
    TID_Led                                  0x20000374   Data           4  http_server.o(.bss.TID_Led)
    app_main_stk                             0x20000398   Data        1024  http_server.o(.bss.app_main_stk)
    net_dbg_buf                              0x20003ef8   Data          36  net_sys.o(.bss.net_dbg_buf)
    net_eth0_arp_control                     0x20003f1c   Data          24  net_arp.o(.bss.net_eth0_arp_control)
    net_eth0_dhcp6_control                   0x20003f34   Data          68  net_dhcp6_client.o(.bss.net_eth0_dhcp6_control)
    net_eth0_dhcp_control                    0x20003f78   Data          40  net_dhcp_client.o(.bss.net_eth0_dhcp_control)
    net_eth0_icmp6_control                   0x20003fa0   Data           1  net_icmp6.o(.bss.net_eth0_icmp6_control)
    net_eth0_icmp_control                    0x20003fa1   Data           1  net_icmp.o(.bss.net_eth0_icmp_control)
    net_eth0_if_control                      0x20003fa4   Data         160  net_eth.o(.bss.net_eth0_if_control)
    net_eth0_ndp_control                     0x20004044   Data          68  net_ndp.o(.bss.net_eth0_ndp_control)
    net_ping_control                         0x2000408c   Data          44  net_ping_core.o(.bss.net_ping_control)
    .bss.os.msgqueue.cb$$Base                0x2000c51c   Number         0  rtx_lib.o(.bss.os.msgqueue.cb)
    .bss.os.msgqueue.cb$$Limit               0x2000c550   Number         0  rtx_lib.o(.bss.os.msgqueue.cb)
    .bss.os.mutex.cb$$Base                   0x2000c5a0   Number         0  net_config.o(.bss.os.mutex.cb)
    .bss.os.mutex.cb$$Limit                  0x2000c5d8   Number         0  net_config.o(.bss.os.mutex.cb)
    .bss.os.semaphore.cb$$Base               0x2000c5d8   Number         0  net_config.o(.bss.os.semaphore.cb)
    .bss.os.semaphore.cb$$Limit              0x2000c5e8   Number         0  net_config.o(.bss.os.semaphore.cb)
    .bss.os.thread.cb$$Base                  0x2000c5e8   Number         0  rtx_lib.o(.bss.os.thread.cb)
    .bss.os.thread.cb$$Limit                 0x2000c728   Number         0  net_config.o(.bss.os.thread.cb)
    .bss.os.timer.cb$$Base                   0x2000cb28   Number         0  net_config.o(.bss.os.timer.cb)
    .bss.os.timer.cb$$Limit                  0x2000cb48   Number         0  net_config.o(.bss.os.timer.cb)
    sdramHandle                              0x2000cb48   Data          52  stm32746g_discovery_sdram.o(.bss.sdramHandle)
    sine_value                               0x2000cb7c   Data           4  main.o(.bss.sine_value)
    uwTick                                   0x2000cdfc   Data           4  stm32f7xx_hal.o(.bss.uwTick)
    __initial_sp                             0x2000d200   Data           0  startup_stm32f746xx.o(STACK)



==============================================================================

Memory Map of the image

  Image Entry point : 0x080001c9

  Load Region LR_IROM1 (Base: 0x08000000, Size: 0x000235c8, Max: 0x00100000, ABSOLUTE)

    Execution Region ER_IROM1 (Exec base: 0x08000000, Load base: 0x08000000, Size: 0x000234dc, Max: 0x00100000, ABSOLUTE)

    Exec Addr    Load Addr    Size         Type   Attr      Idx    E Section Name        Object

    0x08000000   0x08000000   0x000001c8   Data   RO          444    RESET               startup_stm32f746xx.o
    0x080001c8   0x080001c8   0x00000000   Code   RO         1859  * .ARM.Collect$$$$00000000  mc_w.l(entry.o)
    0x080001c8   0x080001c8   0x00000004   Code   RO         2190    .ARM.Collect$$$$00000001  mc_w.l(entry2.o)
    0x080001cc   0x080001cc   0x00000004   Code   RO         2193    .ARM.Collect$$$$00000004  mc_w.l(entry5.o)
    0x080001d0   0x080001d0   0x00000000   Code   RO         2195    .ARM.Collect$$$$00000008  mc_w.l(entry7b.o)
    0x080001d0   0x080001d0   0x00000000   Code   RO         2197    .ARM.Collect$$$$0000000A  mc_w.l(entry8b.o)
    0x080001d0   0x080001d0   0x00000008   Code   RO         2198    .ARM.Collect$$$$0000000B  mc_w.l(entry9a.o)
    0x080001d8   0x080001d8   0x00000000   Code   RO         2200    .ARM.Collect$$$$0000000D  mc_w.l(entry10a.o)
    0x080001d8   0x080001d8   0x00000000   Code   RO         2202    .ARM.Collect$$$$0000000F  mc_w.l(entry11a.o)
    0x080001d8   0x080001d8   0x00000004   Code   RO         2191    .ARM.Collect$$$$00002712  mc_w.l(entry2.o)
    0x080001dc   0x080001dc   0x00000004   PAD
    0x080001e0   0x080001e0   0x000002bc   Code   RO            1    .text               main.o
    0x0800049c   0x0800049c   0x00000004   PAD
    0x080004a0   0x080004a0   0x00000230   Code   RO           12    .text               http_server.o
    0x080006d0   0x080006d0   0x000007a8   Code   RO           30    .text               http_server_cgi.o
    0x08000e78   0x08000e78   0x0000007a   Code   RO           43    .text               web.o
    0x08000ef2   0x08000ef2   0x00000006   PAD
    0x08000ef8   0x08000ef8   0x0000042c   Code   RO           54    .text               stm32746g_discovery_sdram.o
    0x08001324   0x08001324   0x00000004   PAD
    0x08001328   0x08001328   0x0000007c   Code   RO           70    .text               buttons_746g_discovery.o
    0x080013a4   0x080013a4   0x00000004   PAD
    0x080013a8   0x080013a8   0x000006ea   Code   RO           78    .text               glcd_746g_discovery.o
    0x08001a92   0x08001a92   0x00000006   PAD
    0x08001a98   0x08001a98   0x000000bc   Code   RO          101    .text               led_746g_discovery.o
    0x08001b54   0x08001b54   0x00000100   Code   RO          109    .text               irq_armv7m.o
    0x08001c54   0x08001c54   0x00000004   PAD
    0x08001c58   0x08001c58   0x000000ee   Code   RO          116    .text               rtx_delay.o
    0x08001d46   0x08001d46   0x00000002   PAD
    0x08001d48   0x08001d48   0x0000116c   Code   RO          133    .text               rtx_evr.o
    0x08002eb4   0x08002eb4   0x00000004   PAD
    0x08002eb8   0x08002eb8   0x00000906   Code   RO          141    .text               rtx_kernel.o
    0x080037be   0x080037be   0x00000002   PAD
    0x080037c0   0x080037c0   0x00000114   Code   RO          170    .text               rtx_memory.o
    0x080038d4   0x080038d4   0x00000004   PAD
    0x080038d8   0x080038d8   0x000009ae   Code   RO          178    .text               rtx_mempool.o
    0x08004286   0x08004286   0x00000002   PAD
    0x08004288   0x08004288   0x00000cc8   Code   RO          187    .text               rtx_msgqueue.o
    0x08004f50   0x08004f50   0x000005c4   Code   RO          196    .text               rtx_mutex.o
    0x08005514   0x08005514   0x00000004   PAD
    0x08005518   0x08005518   0x00000504   Code   RO          205    .text               rtx_semaphore.o
    0x08005a1c   0x08005a1c   0x00000004   PAD
    0x08005a20   0x08005a20   0x000001ae   Code   RO          214    .text               rtx_system.o
    0x08005bce   0x08005bce   0x00000002   PAD
    0x08005bd0   0x08005bd0   0x00001d70   Code   RO          223    .text               rtx_thread.o
    0x08007940   0x08007940   0x00000562   Code   RO          232    .text               rtx_timer.o
    0x08007ea2   0x08007ea2   0x00000006   PAD
    0x08007ea8   0x08007ea8   0x00000118   Code   RO          241    .text               os_systick.o
    0x08007fc0   0x08007fc0   0x0000000a   Code   RO          250    .text               rtx_config.o
    0x08007fca   0x08007fca   0x00000006   PAD
    0x08007fd0   0x08007fd0   0x00000280   Code   RO          257    .text               phy_lan8742a.o
    0x08008250   0x08008250   0x00000b96   Code   RO          270    .text               emac_stm32f7xx.o
    0x08008de6   0x08008de6   0x00000002   PAD
    0x08008de8   0x08008de8   0x000000e2   Code   RO          283    .text               retarget_io.o
    0x08008eca   0x08008eca   0x00000006   PAD
    0x08008ed0   0x08008ed0   0x0000002c   Code   RO          291    .text               stdout_itm.o
    0x08008efc   0x08008efc   0x00000004   PAD
    0x08008f00   0x08008f00   0x00001240   Code   RO          299    .text               eventrecorder.o
    0x0800a140   0x0800a140   0x000002da   Code   RO          310    .text               stm32f7xx_hal.o
    0x0800a41a   0x0800a41a   0x00000006   PAD
    0x0800a420   0x0800a420   0x000002e2   Code   RO          338    .text               stm32f7xx_hal_cortex.o
    0x0800a702   0x0800a702   0x00000006   PAD
    0x0800a708   0x0800a708   0x00000754   Code   RO          347    .text               stm32f7xx_hal_dma.o
    0x0800ae5c   0x0800ae5c   0x00000004   PAD
    0x0800ae60   0x0800ae60   0x0000032a   Code   RO          366    .text               stm32f7xx_hal_gpio.o
    0x0800b18a   0x0800b18a   0x00000006   PAD
    0x0800b190   0x0800b190   0x00000b76   Code   RO          375    .text               stm32f7xx_hal_ltdc.o
    0x0800bd06   0x0800bd06   0x00000002   PAD
    0x0800bd08   0x0800bd08   0x00000354   Code   RO          393    .text               stm32f7xx_hal_pwr_ex.o
    0x0800c05c   0x0800c05c   0x00000004   PAD
    0x0800c060   0x0800c060   0x00000902   Code   RO          401    .text               stm32f7xx_hal_rcc.o
    0x0800c962   0x0800c962   0x00000006   PAD
    0x0800c968   0x0800c968   0x00000958   Code   RO          410    .text               stm32f7xx_hal_rcc_ex.o
    0x0800d2c0   0x0800d2c0   0x0000056e   Code   RO          418    .text               stm32f7xx_hal_sdram.o
    0x0800d82e   0x0800d82e   0x00000002   PAD
    0x0800d830   0x0800d830   0x000004ce   Code   RO          434    .text               stm32f7xx_ll_fmc.o
    0x0800dcfe   0x0800dcfe   0x00000002   PAD
    0x0800dd00   0x0800dd00   0x00000024   Code   RO          445    .text               startup_stm32f746xx.o
    0x0800dd24   0x0800dd24   0x00000004   PAD
    0x0800dd28   0x0800dd28   0x0000009a   Code   RO          451    .text               system_stm32f7xx.o
    0x0800ddc2   0x0800ddc2   0x00000006   PAD
    0x0800ddc8   0x0800ddc8   0x0000027c   Code   RO          462    .text               net_config.o
    0x0800e044   0x0800e044   0x00000004   PAD
    0x0800e048   0x0800e048   0x0000012a   Code   RO          530    .text               net_debug.o
    0x0800e172   0x0800e172   0x00000062   Code   RO         1876    .text               mc_w.l(uldiv.o)
    0x0800e1d4   0x0800e1d4   0x00000024   Code   RO         1878    .text               mc_w.l(memcpya.o)
    0x0800e1f8   0x0800e1f8   0x00000024   Code   RO         1880    .text               mc_w.l(memseta.o)
    0x0800e21c   0x0800e21c   0x0000000e   Code   RO         1882    .text               mc_w.l(strlen.o)
    0x0800e22a   0x0800e22a   0x0000001c   Code   RO         1884    .text               mc_w.l(strcmp.o)
    0x0800e246   0x0800e246   0x0000001a   Code   RO         1886    .text               mc_w.l(memcmp.o)
    0x0800e260   0x0800e260   0x00000012   Code   RO         1888    .text               mc_w.l(strcpy.o)
    0x0800e272   0x0800e272   0x0000001e   Code   RO         1890    .text               mc_w.l(strncmp.o)
    0x0800e290   0x0800e290   0x000000e4   Code   RO         2155    .text               mf_w.l(dmul.o)
    0x0800e374   0x0800e374   0x000000de   Code   RO         2157    .text               mf_w.l(ddiv.o)
    0x0800e452   0x0800e452   0x0000001a   Code   RO         2159    .text               mf_w.l(dfltui.o)
    0x0800e46c   0x0800e46c   0x0000003e   Code   RO         2161    .text               mf_w.l(dfixi.o)
    0x0800e4aa   0x0800e4aa   0x00000026   Code   RO         2163    .text               mf_w.l(f2d.o)
    0x0800e4d0   0x0800e4d0   0x0000002c   Code   RO         2213    .text               mc_w.l(uidiv.o)
    0x0800e4fc   0x0800e4fc   0x0000001e   Code   RO         2215    .text               mc_w.l(llshl.o)
    0x0800e51a   0x0800e51a   0x00000020   Code   RO         2217    .text               mc_w.l(llushr.o)
    0x0800e53a   0x0800e53a   0x00000000   Code   RO         2226    .text               mc_w.l(iusefp.o)
    0x0800e53a   0x0800e53a   0x000000ba   Code   RO         2227    .text               mf_w.l(depilogue.o)
    0x0800e5f4   0x0800e5f4   0x0000014e   Code   RO         2229    .text               mf_w.l(dadd.o)
    0x0800e742   0x0800e742   0x00000030   Code   RO         2233    .text               mf_w.l(dfixul.o)
    0x0800e772   0x0800e772   0x00000002   PAD
    0x0800e774   0x0800e774   0x00000030   Code   RO         2235    .text               mf_w.l(cdrcmple.o)
    0x0800e7a4   0x0800e7a4   0x00000030   Code   RO         2247    .text               mc_w.l(init.o)
    0x0800e7d4   0x0800e7d4   0x00000024   Code   RO         2249    .text               mc_w.l(llsshr.o)
    0x0800e7f8   0x0800e7f8   0x00000022   Code   RO         2251    .text               mf_w.l(dflti.o)
    0x0800e81a   0x0800e81a   0x0000000e   Code   RO          576    .text.OUTLINED_FUNCTION_0  Net_Dbg_CM3_L.lib(net_eth.o)
    0x0800e828   0x0800e828   0x00000006   Code   RO          733    .text.OUTLINED_FUNCTION_0  Net_Dbg_CM3_L.lib(net_ndp.o)
    0x0800e82e   0x0800e82e   0x0000000a   Code   RO          775    .text.OUTLINED_FUNCTION_0  Net_Dbg_CM3_L.lib(net_loopback.o)
    0x0800e838   0x0800e838   0x00000006   Code   RO          799    .text.OUTLINED_FUNCTION_0  Net_Dbg_CM3_L.lib(net_ip4_frag.o)
    0x0800e83e   0x0800e83e   0x00000006   Code   RO          846    .text.OUTLINED_FUNCTION_0  Net_Dbg_CM3_L.lib(net_ip6_frag.o)
    0x0800e844   0x0800e844   0x00000006   Code   RO          931    .text.OUTLINED_FUNCTION_0  Net_Dbg_CM3_L.lib(net_udp.o)
    0x0800e84a   0x0800e84a   0x00000006   Code   RO         1057    .text.OUTLINED_FUNCTION_0  Net_Dbg_CM3_L.lib(net_tcp.o)
    0x0800e850   0x0800e850   0x00000008   Code   RO         1144    .text.OUTLINED_FUNCTION_0  Net_Dbg_CM3_L.lib(net_dhcp_client.o)
    0x0800e858   0x0800e858   0x00000010   Code   RO         1206    .text.OUTLINED_FUNCTION_0  Net_Dbg_CM3_L.lib(net_dhcp6_client.o)
    0x0800e868   0x0800e868   0x00000006   Code   RO         1276    .text.OUTLINED_FUNCTION_0  Net_Dbg_CM3_L.lib(net_nbns_client.o)
    0x0800e86e   0x0800e86e   0x00000008   Code   RO         1395    .text.OUTLINED_FUNCTION_0  Net_Dbg_CM3_L.lib(net_http_server.o)
    0x0800e876   0x0800e876   0x00000008   Code   RO         1539    .text.OUTLINED_FUNCTION_0  Net_Dbg_CM3_L.lib(net_sys.o)
    0x0800e87e   0x0800e87e   0x0000000e   Code   RO         1617    .text.OUTLINED_FUNCTION_0  Net_Dbg_CM3_L.lib(net_addr.o)
    0x0800e88c   0x0800e88c   0x00000006   Code   RO         1702    .text.OUTLINED_FUNCTION_0  Net_Dbg_CM3_L.lib(net_ip6.o)
    0x0800e892   0x0800e892   0x00000006   Code   RO          578    .text.OUTLINED_FUNCTION_1  Net_Dbg_CM3_L.lib(net_eth.o)
    0x0800e898   0x0800e898   0x00000006   Code   RO          735    .text.OUTLINED_FUNCTION_1  Net_Dbg_CM3_L.lib(net_ndp.o)
    0x0800e89e   0x0800e89e   0x0000000a   Code   RO          801    .text.OUTLINED_FUNCTION_1  Net_Dbg_CM3_L.lib(net_ip4_frag.o)
    0x0800e8a8   0x0800e8a8   0x0000000a   Code   RO          848    .text.OUTLINED_FUNCTION_1  Net_Dbg_CM3_L.lib(net_ip6_frag.o)
    0x0800e8b2   0x0800e8b2   0x00000006   Code   RO          933    .text.OUTLINED_FUNCTION_1  Net_Dbg_CM3_L.lib(net_udp.o)
    0x0800e8b8   0x0800e8b8   0x0000000a   Code   RO         1059    .text.OUTLINED_FUNCTION_1  Net_Dbg_CM3_L.lib(net_tcp.o)
    0x0800e8c2   0x0800e8c2   0x0000000c   Code   RO         1146    .text.OUTLINED_FUNCTION_1  Net_Dbg_CM3_L.lib(net_dhcp_client.o)
    0x0800e8ce   0x0800e8ce   0x0000000c   Code   RO         1208    .text.OUTLINED_FUNCTION_1  Net_Dbg_CM3_L.lib(net_dhcp6_client.o)
    0x0800e8da   0x0800e8da   0x0000000e   Code   RO         1278    .text.OUTLINED_FUNCTION_1  Net_Dbg_CM3_L.lib(net_nbns_client.o)
    0x0800e8e8   0x0800e8e8   0x00000008   Code   RO         1397    .text.OUTLINED_FUNCTION_1  Net_Dbg_CM3_L.lib(net_http_server.o)
    0x0800e8f0   0x0800e8f0   0x0000000a   Code   RO          596    .text.OUTLINED_FUNCTION_10  Net_Dbg_CM3_L.lib(net_eth.o)
    0x0800e8fa   0x0800e8fa   0x0000000a   Code   RO         1077    .text.OUTLINED_FUNCTION_10  Net_Dbg_CM3_L.lib(net_tcp.o)
    0x0800e904   0x0800e904   0x0000000e   Code   RO         1164    .text.OUTLINED_FUNCTION_10  Net_Dbg_CM3_L.lib(net_dhcp_client.o)
    0x0800e912   0x0800e912   0x00000010   Code   RO         1226    .text.OUTLINED_FUNCTION_10  Net_Dbg_CM3_L.lib(net_dhcp6_client.o)
    0x0800e922   0x0800e922   0x00000006   Code   RO         1415    .text.OUTLINED_FUNCTION_10  Net_Dbg_CM3_L.lib(net_http_server.o)
    0x0800e928   0x0800e928   0x0000000c   Code   RO         1079    .text.OUTLINED_FUNCTION_11  Net_Dbg_CM3_L.lib(net_tcp.o)
    0x0800e934   0x0800e934   0x0000000c   Code   RO         1228    .text.OUTLINED_FUNCTION_11  Net_Dbg_CM3_L.lib(net_dhcp6_client.o)
    0x0800e940   0x0800e940   0x00000006   Code   RO         1081    .text.OUTLINED_FUNCTION_12  Net_Dbg_CM3_L.lib(net_tcp.o)
    0x0800e946   0x0800e946   0x00000010   Code   RO         1230    .text.OUTLINED_FUNCTION_12  Net_Dbg_CM3_L.lib(net_dhcp6_client.o)
    0x0800e956   0x0800e956   0x00000012   Code   RO         1083    .text.OUTLINED_FUNCTION_13  Net_Dbg_CM3_L.lib(net_tcp.o)
    0x0800e968   0x0800e968   0x0000000a   Code   RO         1232    .text.OUTLINED_FUNCTION_13  Net_Dbg_CM3_L.lib(net_dhcp6_client.o)
    0x0800e972   0x0800e972   0x0000000c   Code   RO         1085    .text.OUTLINED_FUNCTION_14  Net_Dbg_CM3_L.lib(net_tcp.o)
    0x0800e97e   0x0800e97e   0x0000000a   Code   RO         1234    .text.OUTLINED_FUNCTION_14  Net_Dbg_CM3_L.lib(net_dhcp6_client.o)
    0x0800e988   0x0800e988   0x0000000e   Code   RO         1087    .text.OUTLINED_FUNCTION_15  Net_Dbg_CM3_L.lib(net_tcp.o)
    0x0800e996   0x0800e996   0x0000000a   Code   RO         1236    .text.OUTLINED_FUNCTION_15  Net_Dbg_CM3_L.lib(net_dhcp6_client.o)
    0x0800e9a0   0x0800e9a0   0x0000000c   Code   RO         1089    .text.OUTLINED_FUNCTION_16  Net_Dbg_CM3_L.lib(net_tcp.o)
    0x0800e9ac   0x0800e9ac   0x00000006   Code   RO         1238    .text.OUTLINED_FUNCTION_16  Net_Dbg_CM3_L.lib(net_dhcp6_client.o)
    0x0800e9b2   0x0800e9b2   0x00000008   Code   RO         1091    .text.OUTLINED_FUNCTION_17  Net_Dbg_CM3_L.lib(net_tcp.o)
    0x0800e9ba   0x0800e9ba   0x0000000e   Code   RO         1240    .text.OUTLINED_FUNCTION_17  Net_Dbg_CM3_L.lib(net_dhcp6_client.o)
    0x0800e9c8   0x0800e9c8   0x00000008   Code   RO         1095    .text.OUTLINED_FUNCTION_19  Net_Dbg_CM3_L.lib(net_tcp.o)
    0x0800e9d0   0x0800e9d0   0x00000006   Code   RO          580    .text.OUTLINED_FUNCTION_2  Net_Dbg_CM3_L.lib(net_eth.o)
    0x0800e9d6   0x0800e9d6   0x00000008   Code   RO          737    .text.OUTLINED_FUNCTION_2  Net_Dbg_CM3_L.lib(net_ndp.o)
    0x0800e9de   0x0800e9de   0x00000012   Code   RO          935    .text.OUTLINED_FUNCTION_2  Net_Dbg_CM3_L.lib(net_udp.o)
    0x0800e9f0   0x0800e9f0   0x00000006   Code   RO         1061    .text.OUTLINED_FUNCTION_2  Net_Dbg_CM3_L.lib(net_tcp.o)
    0x0800e9f6   0x0800e9f6   0x0000000a   Code   RO         1148    .text.OUTLINED_FUNCTION_2  Net_Dbg_CM3_L.lib(net_dhcp_client.o)
    0x0800ea00   0x0800ea00   0x0000000c   Code   RO         1210    .text.OUTLINED_FUNCTION_2  Net_Dbg_CM3_L.lib(net_dhcp6_client.o)
    0x0800ea0c   0x0800ea0c   0x0000000a   Code   RO         1399    .text.OUTLINED_FUNCTION_2  Net_Dbg_CM3_L.lib(net_http_server.o)
    0x0800ea16   0x0800ea16   0x0000000a   Code   RO         1097    .text.OUTLINED_FUNCTION_20  Net_Dbg_CM3_L.lib(net_tcp.o)
    0x0800ea20   0x0800ea20   0x0000000e   Code   RO         1099    .text.OUTLINED_FUNCTION_21  Net_Dbg_CM3_L.lib(net_tcp.o)
    0x0800ea2e   0x0800ea2e   0x0000000a   Code   RO         1101    .text.OUTLINED_FUNCTION_22  Net_Dbg_CM3_L.lib(net_tcp.o)
    0x0800ea38   0x0800ea38   0x0000000a   Code   RO         1103    .text.OUTLINED_FUNCTION_23  Net_Dbg_CM3_L.lib(net_tcp.o)
    0x0800ea42   0x0800ea42   0x00000006   Code   RO          582    .text.OUTLINED_FUNCTION_3  Net_Dbg_CM3_L.lib(net_eth.o)
    0x0800ea48   0x0800ea48   0x0000000a   Code   RO          666    .text.OUTLINED_FUNCTION_3  Net_Dbg_CM3_L.lib(net_arp.o)
    0x0800ea52   0x0800ea52   0x0000000c   Code   RO         1063    .text.OUTLINED_FUNCTION_3  Net_Dbg_CM3_L.lib(net_tcp.o)
    0x0800ea5e   0x0800ea5e   0x00000008   Code   RO         1150    .text.OUTLINED_FUNCTION_3  Net_Dbg_CM3_L.lib(net_dhcp_client.o)
    0x0800ea66   0x0800ea66   0x0000000a   Code   RO         1212    .text.OUTLINED_FUNCTION_3  Net_Dbg_CM3_L.lib(net_dhcp6_client.o)
    0x0800ea70   0x0800ea70   0x00000006   Code   RO         1401    .text.OUTLINED_FUNCTION_3  Net_Dbg_CM3_L.lib(net_http_server.o)
    0x0800ea76   0x0800ea76   0x0000000e   Code   RO          584    .text.OUTLINED_FUNCTION_4  Net_Dbg_CM3_L.lib(net_eth.o)
    0x0800ea84   0x0800ea84   0x0000000a   Code   RO          668    .text.OUTLINED_FUNCTION_4  Net_Dbg_CM3_L.lib(net_arp.o)
    0x0800ea8e   0x0800ea8e   0x0000000a   Code   RO          741    .text.OUTLINED_FUNCTION_4  Net_Dbg_CM3_L.lib(net_ndp.o)
    0x0800ea98   0x0800ea98   0x00000006   Code   RO         1065    .text.OUTLINED_FUNCTION_4  Net_Dbg_CM3_L.lib(net_tcp.o)
    0x0800ea9e   0x0800ea9e   0x0000000a   Code   RO         1152    .text.OUTLINED_FUNCTION_4  Net_Dbg_CM3_L.lib(net_dhcp_client.o)
    0x0800eaa8   0x0800eaa8   0x0000000a   Code   RO         1214    .text.OUTLINED_FUNCTION_4  Net_Dbg_CM3_L.lib(net_dhcp6_client.o)
    0x0800eab2   0x0800eab2   0x00000006   Code   RO         1403    .text.OUTLINED_FUNCTION_4  Net_Dbg_CM3_L.lib(net_http_server.o)
    0x0800eab8   0x0800eab8   0x0000000a   Code   RO          586    .text.OUTLINED_FUNCTION_5  Net_Dbg_CM3_L.lib(net_eth.o)
    0x0800eac2   0x0800eac2   0x0000000e   Code   RO          670    .text.OUTLINED_FUNCTION_5  Net_Dbg_CM3_L.lib(net_arp.o)
    0x0800ead0   0x0800ead0   0x00000006   Code   RO          743    .text.OUTLINED_FUNCTION_5  Net_Dbg_CM3_L.lib(net_ndp.o)
    0x0800ead6   0x0800ead6   0x0000000e   Code   RO         1067    .text.OUTLINED_FUNCTION_5  Net_Dbg_CM3_L.lib(net_tcp.o)
    0x0800eae4   0x0800eae4   0x0000000c   Code   RO         1154    .text.OUTLINED_FUNCTION_5  Net_Dbg_CM3_L.lib(net_dhcp_client.o)
    0x0800eaf0   0x0800eaf0   0x00000010   Code   RO         1216    .text.OUTLINED_FUNCTION_5  Net_Dbg_CM3_L.lib(net_dhcp6_client.o)
    0x0800eb00   0x0800eb00   0x00000006   Code   RO         1405    .text.OUTLINED_FUNCTION_5  Net_Dbg_CM3_L.lib(net_http_server.o)
    0x0800eb06   0x0800eb06   0x00000006   Code   RO          588    .text.OUTLINED_FUNCTION_6  Net_Dbg_CM3_L.lib(net_eth.o)
    0x0800eb0c   0x0800eb0c   0x0000000a   Code   RO          672    .text.OUTLINED_FUNCTION_6  Net_Dbg_CM3_L.lib(net_arp.o)
    0x0800eb16   0x0800eb16   0x0000000e   Code   RO          745    .text.OUTLINED_FUNCTION_6  Net_Dbg_CM3_L.lib(net_ndp.o)
    0x0800eb24   0x0800eb24   0x0000000e   Code   RO         1069    .text.OUTLINED_FUNCTION_6  Net_Dbg_CM3_L.lib(net_tcp.o)
    0x0800eb32   0x0800eb32   0x0000000e   Code   RO         1156    .text.OUTLINED_FUNCTION_6  Net_Dbg_CM3_L.lib(net_dhcp_client.o)
    0x0800eb40   0x0800eb40   0x0000000a   Code   RO         1218    .text.OUTLINED_FUNCTION_6  Net_Dbg_CM3_L.lib(net_dhcp6_client.o)
    0x0800eb4a   0x0800eb4a   0x00000008   Code   RO         1407    .text.OUTLINED_FUNCTION_6  Net_Dbg_CM3_L.lib(net_http_server.o)
    0x0800eb52   0x0800eb52   0x00000008   Code   RO          590    .text.OUTLINED_FUNCTION_7  Net_Dbg_CM3_L.lib(net_eth.o)
    0x0800eb5a   0x0800eb5a   0x0000000a   Code   RO          747    .text.OUTLINED_FUNCTION_7  Net_Dbg_CM3_L.lib(net_ndp.o)
    0x0800eb64   0x0800eb64   0x00000010   Code   RO         1071    .text.OUTLINED_FUNCTION_7  Net_Dbg_CM3_L.lib(net_tcp.o)
    0x0800eb74   0x0800eb74   0x00000010   Code   RO         1158    .text.OUTLINED_FUNCTION_7  Net_Dbg_CM3_L.lib(net_dhcp_client.o)
    0x0800eb84   0x0800eb84   0x0000000e   Code   RO         1220    .text.OUTLINED_FUNCTION_7  Net_Dbg_CM3_L.lib(net_dhcp6_client.o)
    0x0800eb92   0x0800eb92   0x00000008   Code   RO         1409    .text.OUTLINED_FUNCTION_7  Net_Dbg_CM3_L.lib(net_http_server.o)
    0x0800eb9a   0x0800eb9a   0x00000008   Code   RO          592    .text.OUTLINED_FUNCTION_8  Net_Dbg_CM3_L.lib(net_eth.o)
    0x0800eba2   0x0800eba2   0x00000006   Code   RO          749    .text.OUTLINED_FUNCTION_8  Net_Dbg_CM3_L.lib(net_ndp.o)
    0x0800eba8   0x0800eba8   0x00000014   Code   RO         1073    .text.OUTLINED_FUNCTION_8  Net_Dbg_CM3_L.lib(net_tcp.o)
    0x0800ebbc   0x0800ebbc   0x0000000c   Code   RO         1160    .text.OUTLINED_FUNCTION_8  Net_Dbg_CM3_L.lib(net_dhcp_client.o)
    0x0800ebc8   0x0800ebc8   0x0000000c   Code   RO         1222    .text.OUTLINED_FUNCTION_8  Net_Dbg_CM3_L.lib(net_dhcp6_client.o)
    0x0800ebd4   0x0800ebd4   0x00000008   Code   RO         1411    .text.OUTLINED_FUNCTION_8  Net_Dbg_CM3_L.lib(net_http_server.o)
    0x0800ebdc   0x0800ebdc   0x0000000e   Code   RO          594    .text.OUTLINED_FUNCTION_9  Net_Dbg_CM3_L.lib(net_eth.o)
    0x0800ebea   0x0800ebea   0x0000000a   Code   RO          751    .text.OUTLINED_FUNCTION_9  Net_Dbg_CM3_L.lib(net_ndp.o)
    0x0800ebf4   0x0800ebf4   0x0000000a   Code   RO         1075    .text.OUTLINED_FUNCTION_9  Net_Dbg_CM3_L.lib(net_tcp.o)
    0x0800ebfe   0x0800ebfe   0x00000006   Code   RO         1162    .text.OUTLINED_FUNCTION_9  Net_Dbg_CM3_L.lib(net_dhcp_client.o)
    0x0800ec04   0x0800ec04   0x0000000e   Code   RO         1224    .text.OUTLINED_FUNCTION_9  Net_Dbg_CM3_L.lib(net_dhcp6_client.o)
    0x0800ec12   0x0800ec12   0x0000000a   Code   RO         1413    .text.OUTLINED_FUNCTION_9  Net_Dbg_CM3_L.lib(net_http_server.o)
    0x0800ec1c   0x0800ec1c   0x0000005c   Code   RO         1377    .text.add_server_id  Net_Dbg_CM3_L.lib(net_http_server.o)
    0x0800ec78   0x0800ec78   0x0000005e   Code   RO          630    .text.arp_cache_alloc  Net_Dbg_CM3_L.lib(net_arp.o)
    0x0800ecd6   0x0800ecd6   0x00000036   Code   RO          628    .text.arp_is_cacheable  Net_Dbg_CM3_L.lib(net_arp.o)
    0x0800ed0c   0x0800ed0c   0x000000e4   Code   RO          620    .text.arp_proc_response  Net_Dbg_CM3_L.lib(net_arp.o)
    0x0800edf0   0x0800edf0   0x00000018   Code   RO          632    .text.arp_que_free  Net_Dbg_CM3_L.lib(net_arp.o)
    0x0800ee08   0x0800ee08   0x00000090   Code   RO          618    .text.arp_send_reply  Net_Dbg_CM3_L.lib(net_arp.o)
    0x0800ee98   0x0800ee98   0x000000cc   Code   RO          624    .text.arp_send_request  Net_Dbg_CM3_L.lib(net_arp.o)
    0x0800ef64   0x0800ef64   0x0000006c   Code   RO          614    .text.arp_sender_valid  Net_Dbg_CM3_L.lib(net_arp.o)
    0x0800efd0   0x0800efd0   0x0000003e   Code   RO         1274    .text.base16_decode  Net_Dbg_CM3_L.lib(net_nbns_client.o)
    0x0800f00e   0x0800f00e   0x00000002   PAD
    0x0800f010   0x0800f010   0x00000060   Code   RO         1200    .text.check_client_id  Net_Dbg_CM3_L.lib(net_dhcp6_client.o)
    0x0800f070   0x0800f070   0x00000194   Code   RO         1385    .text.chk_post_req  Net_Dbg_CM3_L.lib(net_http_server.o)
    0x0800f204   0x0800f204   0x0000002c   Code   RO         1772    .text.crc32_8bit    Net_Dbg_CM3_L.lib(net_common.o)
    0x0800f230   0x0800f230   0x00000050   Code   RO         1184    .text.dhcp6_client_start  Net_Dbg_CM3_L.lib(net_dhcp6_client.o)
    0x0800f280   0x0800f280   0x000003c4   Code   RO         1182    .text.dhcp6_listener  Net_Dbg_CM3_L.lib(net_dhcp6_client.o)
    0x0800f644   0x0800f644   0x000001a0   Code   RO         1196    .text.dhcp6_send_message  Net_Dbg_CM3_L.lib(net_dhcp6_client.o)
    0x0800f7e4   0x0800f7e4   0x00000054   Code   RO         1120    .text.dhcp_client_start  Net_Dbg_CM3_L.lib(net_dhcp_client.o)
    0x0800f838   0x0800f838   0x000004c0   Code   RO         1118    .text.dhcp_listener  Net_Dbg_CM3_L.lib(net_dhcp_client.o)
    0x0800fcf8   0x0800fcf8   0x00000234   Code   RO         1134    .text.dhcp_send_message  Net_Dbg_CM3_L.lib(net_dhcp_client.o)
    0x0800ff2c   0x0800ff2c   0x00000088   Code   RO          546    .text.eth_check_link  Net_Dbg_CM3_L.lib(net_eth.o)
    0x0800ffb4   0x0800ffb4   0x00000018   Code   RO          554    .text.eth_if_map    Net_Dbg_CM3_L.lib(net_eth.o)
    0x0800ffcc   0x0800ffcc   0x00000008   Code   RO          544    .text.eth_lock      Net_Dbg_CM3_L.lib(net_eth.o)
    0x0800ffd4   0x0800ffd4   0x0000004e   Code   RO          556    .text.eth_opt_len   Net_Dbg_CM3_L.lib(net_eth.o)
    0x08010022   0x08010022   0x00000008   Code   RO          548    .text.eth_unlock    Net_Dbg_CM3_L.lib(net_eth.o)
    0x0801002a   0x0801002a   0x0000002a   Code   RO         1389    .text.get_next_field  Net_Dbg_CM3_L.lib(net_http_server.o)
    0x08010054   0x08010054   0x00000034   Code   RO         1391    .text.get_next_par  Net_Dbg_CM3_L.lib(net_http_server.o)
    0x08010088   0x08010088   0x00000052   Code   RO         1198    .text.get_tout      Net_Dbg_CM3_L.lib(net_dhcp6_client.o)
    0x080100da   0x080100da   0x00000022   Code   RO         1802    .text.hex2uc        Net_Dbg_CM3_L.lib(net_common.o)
    0x080100fc   0x080100fc   0x000003e0   Code   RO         1371    .text.http_add_header  Net_Dbg_CM3_L.lib(net_http_server.o)
    0x080104dc   0x080104dc   0x00000050   Code   RO         1438    .text.http_auth_basic_add  Net_Dbg_CM3_L.lib(net_http_server_auth.o)
    0x0801052c   0x0801052c   0x0000008c   Code   RO         1440    .text.http_auth_basic_parse  Net_Dbg_CM3_L.lib(net_http_server_auth.o)
    0x080105b8   0x080105b8   0x00000002   Code   RO         1436    .text.http_auth_dummy  Net_Dbg_CM3_L.lib(net_http_server_auth.o)
    0x080105ba   0x080105ba   0x00000002   PAD
    0x080105bc   0x080105bc   0x00000020   Code   RO         1434    .text.http_auth_init  Net_Dbg_CM3_L.lib(net_http_server_auth.o)
    0x080105dc   0x080105dc   0x00000074   Code   RO         1367    .text.http_kill_session  Net_Dbg_CM3_L.lib(net_http_server.o)
    0x08010650   0x08010650   0x00000408   Code   RO         1291    .text.http_listener  Net_Dbg_CM3_L.lib(net_http_server.o)
    0x08010a58   0x08010a58   0x000001c0   Code   RO         1375    .text.http_open_file  Net_Dbg_CM3_L.lib(net_http_server.o)
    0x08010c18   0x08010c18   0x0000029c   Code   RO         1381    .text.http_parse_header  Net_Dbg_CM3_L.lib(net_http_server.o)
    0x08010eb4   0x08010eb4   0x0000012c   Code   RO         1387    .text.http_proc_post  Net_Dbg_CM3_L.lib(net_http_server.o)
    0x08010fe0   0x08010fe0   0x000000dc   Code   RO         1379    .text.http_proc_uri  Net_Dbg_CM3_L.lib(net_http_server.o)
    0x080110bc   0x080110bc   0x00000068   Code   RO         1293    .text.http_server_start  Net_Dbg_CM3_L.lib(net_http_server.o)
    0x08011124   0x08011124   0x00000070   Code   RO         1383    .text.http_set_ftype  Net_Dbg_CM3_L.lib(net_http_server.o)
    0x08011194   0x08011194   0x0000001a   Code   RO         1373    .text.http_strcpy   Net_Dbg_CM3_L.lib(net_http_server.o)
    0x080111ae   0x080111ae   0x0000001e   Code   RO         1792    .text.i2str         Net_Dbg_CM3_L.lib(net_common.o)
    0x080111cc   0x080111cc   0x0000000e   Code   RO         1642    .text.ip4_get_chksum  Net_Dbg_CM3_L.lib(net_ip4.o)
    0x080111da   0x080111da   0x0000001c   Code   RO         1644    .text.ip4_get_mtu   Net_Dbg_CM3_L.lib(net_ip4.o)
    0x080111f6   0x080111f6   0x00000012   Code   RO         1640    .text.ip4_is_subcast  Net_Dbg_CM3_L.lib(net_ip4.o)
    0x08011208   0x08011208   0x0000002e   Code   RO         1561    .text.ip4_ntoa      Net_Dbg_CM3_L.lib(net_addr.o)
    0x08011236   0x08011236   0x0000001c   Code   RO         1682    .text.ip6_get_mtu   Net_Dbg_CM3_L.lib(net_ip6.o)
    0x08011252   0x08011252   0x00000002   PAD
    0x08011254   0x08011254   0x00000118   Code   RO         1565    .text.ip6_ntoa      Net_Dbg_CM3_L.lib(net_addr.o)
    0x0801136c   0x0801136c   0x0000001e   Code   RO         1138    .text.is_selected   Net_Dbg_CM3_L.lib(net_dhcp_client.o)
    0x0801138a   0x0801138a   0x00000002   PAD
    0x0801138c   0x0801138c   0x00000008   Code   RO         1731    .text.mem_lock      Net_Dbg_CM3_L.lib(net_mem.o)
    0x08011394   0x08011394   0x0000000c   Code   RO         1733    .text.mem_unlock    Net_Dbg_CM3_L.lib(net_mem.o)
    0x080113a0   0x080113a0   0x000001c8   Code   RO         1258    .text.nbns_listener  Net_Dbg_CM3_L.lib(net_nbns_client.o)
    0x08011568   0x08011568   0x00000118   Code   RO          695    .text.ndp_cache_add  Net_Dbg_CM3_L.lib(net_ndp.o)
    0x08011680   0x08011680   0x0000007c   Code   RO          703    .text.ndp_cache_alloc  Net_Dbg_CM3_L.lib(net_ndp.o)
    0x080116fc   0x080116fc   0x00000030   Code   RO          693    .text.ndp_check_frame  Net_Dbg_CM3_L.lib(net_ndp.o)
    0x0801172c   0x0801172c   0x00000018   Code   RO          705    .text.ndp_que_free  Net_Dbg_CM3_L.lib(net_ndp.o)
    0x08011744   0x08011744   0x00000034   Code   RO          731    .text.ndp_router_remove  Net_Dbg_CM3_L.lib(net_ndp.o)
    0x08011778   0x08011778   0x000000a4   Code   RO          697    .text.ndp_send_reply  Net_Dbg_CM3_L.lib(net_ndp.o)
    0x0801181c   0x0801181c   0x000000d4   Code   RO          727    .text.ndp_send_request  Net_Dbg_CM3_L.lib(net_ndp.o)
    0x080118f0   0x080118f0   0x00000004   Code   RO         1349    .text.netCGI_Charset  Net_Dbg_CM3_L.lib(net_http_server.o)
    0x080118f4   0x080118f4   0x00000004   Code   RO         1345    .text.netCGI_ContentType  Net_Dbg_CM3_L.lib(net_http_server.o)
    0x080118f8   0x080118f8   0x00000004   Code   RO         1351    .text.netCGI_CustomHeader  Net_Dbg_CM3_L.lib(net_http_server.o)
    0x080118fc   0x080118fc   0x00000054   Code   RO         1329    .text.netCGI_GetEnvVar  Net_Dbg_CM3_L.lib(net_http_server.o)
    0x08011950   0x08011950   0x0000000c   Code   RO         1365    .text.netCGI_ProcessCookie  Net_Dbg_CM3_L.lib(net_http_server.o)
    0x0801195c   0x0801195c   0x0000000c   Code   RO         1363    .text.netCGI_ProcessRequest  Net_Dbg_CM3_L.lib(net_http_server.o)
    0x08011968   0x08011968   0x00000004   Code   RO         1353    .text.netCGI_Redirect  Net_Dbg_CM3_L.lib(net_http_server.o)
    0x0801196c   0x0801196c   0x00000004   Code   RO         1347    .text.netCGX_ContentType  Net_Dbg_CM3_L.lib(net_http_server.o)
    0x08011970   0x08011970   0x000000bc   Code   RO         1507    .text.netCore_Thread  Net_Dbg_CM3_L.lib(net_sys.o)
    0x08011a2c   0x08011a2c   0x00000002   Code   RO         1194    .text.netDHCP6_Notify  Net_Dbg_CM3_L.lib(net_dhcp6_client.o)
    0x08011a2e   0x08011a2e   0x00000002   Code   RO          572    .text.netETH_Notify  Net_Dbg_CM3_L.lib(net_eth.o)
    0x08011a30   0x08011a30   0x00000002   Code   RO          574    .text.netETH_ReceiveRaw  Net_Dbg_CM3_L.lib(net_eth.o)
    0x08011a32   0x08011a32   0x000000e2   Code   RO          542    .text.netETH_Thread  Net_Dbg_CM3_L.lib(net_eth.o)
    0x08011b14   0x08011b14   0x00000004   Code   RO         1355    .text.netHTTPs_AcceptClient  Net_Dbg_CM3_L.lib(net_http_server.o)
    0x08011b18   0x08011b18   0x00000004   Code   RO         1452    .text.netHTTPs_CheckAccount  Net_Dbg_CM3_L.lib(net_http_server_auth.o)
    0x08011b1c   0x08011b1c   0x00000004   Code   RO         1357    .text.netHTTPs_FileAccess  Net_Dbg_CM3_L.lib(net_http_server.o)
    0x08011b20   0x08011b20   0x00000018   Code   RO         1331    .text.netHTTPs_GetLanguage  Net_Dbg_CM3_L.lib(net_http_server.o)
    0x08011b38   0x08011b38   0x00000008   Code   RO         1317    .text.netHTTPs_GetPassword  Net_Dbg_CM3_L.lib(net_http_server.o)
    0x08011b40   0x08011b40   0x00000008   Code   RO         1323    .text.netHTTPs_LoginActive  Net_Dbg_CM3_L.lib(net_http_server.o)
    0x08011b48   0x08011b48   0x00000058   Code   RO         1319    .text.netHTTPs_SetPassword  Net_Dbg_CM3_L.lib(net_http_server.o)
    0x08011ba0   0x08011ba0   0x0000007c   Code   RO         1513    .text.netIF_GetOption  Net_Dbg_CM3_L.lib(net_sys.o)
    0x08011c1c   0x08011c1c   0x00000078   Code   RO         1517    .text.netIF_SetOption  Net_Dbg_CM3_L.lib(net_sys.o)
    0x08011c94   0x08011c94   0x0000001a   Code   RO         1555    .text.netIP_aton    Net_Dbg_CM3_L.lib(net_addr.o)
    0x08011cae   0x08011cae   0x00000030   Code   RO         1569    .text.netIP_ntoa    Net_Dbg_CM3_L.lib(net_addr.o)
    0x08011cde   0x08011cde   0x00000002   PAD
    0x08011ce0   0x08011ce0   0x00000098   Code   RO         1499    .text.netInitialize  Net_Dbg_CM3_L.lib(net_sys.o)
    0x08011d78   0x08011d78   0x00000066   Code   RO         1557    .text.netMAC_aton   Net_Dbg_CM3_L.lib(net_addr.o)
    0x08011dde   0x08011dde   0x00000004   Code   RO         1001    .text.netTCP_GetLocalPort  Net_Dbg_CM3_L.lib(net_tcp.o)
    0x08011de2   0x08011de2   0x00000018   Code   RO         1005    .text.netTCP_GetPeer  Net_Dbg_CM3_L.lib(net_tcp.o)
    0x08011dfa   0x08011dfa   0x00000004   Code   RO          989    .text.netTCP_GetState  Net_Dbg_CM3_L.lib(net_tcp.o)
    0x08011dfe   0x08011dfe   0x00000004   Code   RO         1009    .text.netTCP_GetTimer  Net_Dbg_CM3_L.lib(net_tcp.o)
    0x08011e02   0x08011e02   0x00000070   Code   RO         1551    .text.net_addr4_aton  Net_Dbg_CM3_L.lib(net_addr.o)
    0x08011e72   0x08011e72   0x0000001a   Code   RO         1581    .text.net_addr4_is_subcast  Net_Dbg_CM3_L.lib(net_addr.o)
    0x08011e8c   0x08011e8c   0x0000001a   Code   RO         1577    .text.net_addr4_to_mac  Net_Dbg_CM3_L.lib(net_addr.o)
    0x08011ea6   0x08011ea6   0x000000d6   Code   RO         1553    .text.net_addr6_aton  Net_Dbg_CM3_L.lib(net_addr.o)
    0x08011f7c   0x08011f7c   0x00000028   Code   RO         1599    .text.net_addr6_comp  Net_Dbg_CM3_L.lib(net_addr.o)
    0x08011fa4   0x08011fa4   0x00000012   Code   RO         1597    .text.net_addr6_copy  Net_Dbg_CM3_L.lib(net_addr.o)
    0x08011fb6   0x08011fb6   0x00000002   PAD
    0x08011fb8   0x08011fb8   0x00000048   Code   RO         1587    .text.net_addr6_create  Net_Dbg_CM3_L.lib(net_addr.o)
    0x08012000   0x08012000   0x00000024   Code   RO         1583    .text.net_addr6_get_solicited  Net_Dbg_CM3_L.lib(net_addr.o)
    0x08012024   0x08012024   0x00000016   Code   RO         1589    .text.net_addr6_is_linklocal  Net_Dbg_CM3_L.lib(net_addr.o)
    0x0801203a   0x0801203a   0x00000002   PAD
    0x0801203c   0x0801203c   0x00000054   Code   RO         1593    .text.net_addr6_is_onlink  Net_Dbg_CM3_L.lib(net_addr.o)
    0x08012090   0x08012090   0x0000003e   Code   RO         1585    .text.net_addr6_is_solicited  Net_Dbg_CM3_L.lib(net_addr.o)
    0x080120ce   0x080120ce   0x00000018   Code   RO         1601    .text.net_addr6_is_unspec  Net_Dbg_CM3_L.lib(net_addr.o)
    0x080120e6   0x080120e6   0x0000000e   Code   RO         1603    .text.net_addr6_to_mac  Net_Dbg_CM3_L.lib(net_addr.o)
    0x080120f4   0x080120f4   0x00000030   Code   RO         1607    .text.net_addr_copy  Net_Dbg_CM3_L.lib(net_addr.o)
    0x08012124   0x08012124   0x0000001a   Code   RO         1611    .text.net_addr_find_route  Net_Dbg_CM3_L.lib(net_addr.o)
    0x0801213e   0x0801213e   0x00000002   PAD
    0x08012140   0x08012140   0x00000020   Code   RO         1613    .text.net_addr_get_local  Net_Dbg_CM3_L.lib(net_addr.o)
    0x08012160   0x08012160   0x0000001e   Code   RO         1605    .text.net_addr_is_unspec  Net_Dbg_CM3_L.lib(net_addr.o)
    0x0801217e   0x0801217e   0x00000002   PAD
    0x08012180   0x08012180   0x000000fc   Code   RO          616    .text.net_arp_cache_add  Net_Dbg_CM3_L.lib(net_arp.o)
    0x0801227c   0x0801227c   0x000000a8   Code   RO          634    .text.net_arp_cache_early  Net_Dbg_CM3_L.lib(net_arp.o)
    0x08012324   0x08012324   0x000000e8   Code   RO          636    .text.net_arp_cache_find  Net_Dbg_CM3_L.lib(net_arp.o)
    0x0801240c   0x0801240c   0x0000003c   Code   RO          608    .text.net_arp_cache_init  Net_Dbg_CM3_L.lib(net_arp.o)
    0x08012448   0x08012448   0x0000022c   Code   RO          658    .text.net_arp_cache_run  Net_Dbg_CM3_L.lib(net_arp.o)
    0x08012674   0x08012674   0x0000007c   Code   RO          656    .text.net_arp_enqueue  Net_Dbg_CM3_L.lib(net_arp.o)
    0x080126f0   0x080126f0   0x0000001e   Code   RO          626    .text.net_arp_notify  Net_Dbg_CM3_L.lib(net_arp.o)
    0x0801270e   0x0801270e   0x00000012   Code   RO          622    .text.net_arp_probe  Net_Dbg_CM3_L.lib(net_arp.o)
    0x08012720   0x08012720   0x00000228   Code   RO          612    .text.net_arp_process  Net_Dbg_CM3_L.lib(net_arp.o)
    0x08012948   0x08012948   0x00000044   Code   RO         1798    .text.net_atoi      Net_Dbg_CM3_L.lib(net_common.o)
    0x0801298c   0x0801298c   0x00000078   Code   RO         1834    .text.net_base64_decode  Net_Dbg_CM3_L.lib(net_base64.o)
    0x08012a04   0x08012a04   0x00000030   Code   RO         1776    .text.net_chksum_buf  Net_Dbg_CM3_L.lib(net_common.o)
    0x08012a34   0x08012a34   0x0000001c   Code   RO         1774    .text.net_crc_buf   Net_Dbg_CM3_L.lib(net_common.o)
    0x08012a50   0x08012a50   0x0000007c   Code   RO         1180    .text.net_dhcp6_client_init  Net_Dbg_CM3_L.lib(net_dhcp6_client.o)
    0x08012acc   0x08012acc   0x00000358   Code   RO         1192    .text.net_dhcp6_client_run  Net_Dbg_CM3_L.lib(net_dhcp6_client.o)
    0x08012e24   0x08012e24   0x00000084   Code   RO         1116    .text.net_dhcp_client_init  Net_Dbg_CM3_L.lib(net_dhcp_client.o)
    0x08012ea8   0x08012ea8   0x00000340   Code   RO         1130    .text.net_dhcp_client_run  Net_Dbg_CM3_L.lib(net_dhcp_client.o)
    0x080131e8   0x080131e8   0x0000000e   Code   RO          550    .text.net_eth_callback  Net_Dbg_CM3_L.lib(net_eth.o)
    0x080131f6   0x080131f6   0x00000064   Code   RO          560    .text.net_eth_config_mcast  Net_Dbg_CM3_L.lib(net_eth.o)
    0x0801325a   0x0801325a   0x00000002   PAD
    0x0801325c   0x0801325c   0x000000e0   Code   RO          552    .text.net_eth_get_option  Net_Dbg_CM3_L.lib(net_eth.o)
    0x0801333c   0x0801333c   0x00000348   Code   RO          538    .text.net_eth_iface_init  Net_Dbg_CM3_L.lib(net_eth.o)
    0x08013684   0x08013684   0x000002f4   Code   RO          570    .text.net_eth_iface_run  Net_Dbg_CM3_L.lib(net_eth.o)
    0x08013978   0x08013978   0x000000ac   Code   RO          566    .text.net_eth_output  Net_Dbg_CM3_L.lib(net_eth.o)
    0x08013a24   0x08013a24   0x000001c8   Code   RO          564    .text.net_eth_send_frame  Net_Dbg_CM3_L.lib(net_eth.o)
    0x08013bec   0x08013bec   0x00000298   Code   RO          558    .text.net_eth_set_option  Net_Dbg_CM3_L.lib(net_eth.o)
    0x08013e84   0x08013e84   0x00000108   Code   RO         1289    .text.net_http_server_init  Net_Dbg_CM3_L.lib(net_http_server.o)
    0x08013f8c   0x08013f8c   0x0000062c   Code   RO         1327    .text.net_http_server_run  Net_Dbg_CM3_L.lib(net_http_server.o)
    0x080145b8   0x080145b8   0x00000018   Code   RO          859    .text.net_icmp6_init  Net_Dbg_CM3_L.lib(net_icmp6.o)
    0x080145d0   0x080145d0   0x00000224   Code   RO          863    .text.net_icmp6_process  Net_Dbg_CM3_L.lib(net_icmp6.o)
    0x080147f4   0x080147f4   0x00000080   Code   RO          865    .text.net_icmp6_send  Net_Dbg_CM3_L.lib(net_icmp6.o)
    0x08014874   0x08014874   0x00000054   Code   RO          867    .text.net_icmp6_send_echo  Net_Dbg_CM3_L.lib(net_icmp6.o)
    0x080148c8   0x080148c8   0x00000018   Code   RO          812    .text.net_icmp_init  Net_Dbg_CM3_L.lib(net_icmp.o)
    0x080148e0   0x080148e0   0x000001b8   Code   RO          816    .text.net_icmp_process  Net_Dbg_CM3_L.lib(net_icmp.o)
    0x08014a98   0x08014a98   0x000000a4   Code   RO          818    .text.net_icmp_send_echo  Net_Dbg_CM3_L.lib(net_icmp.o)
    0x08014b3c   0x08014b3c   0x00000008   Code   RO         1515    .text.net_if_map_all  Net_Dbg_CM3_L.lib(net_sys.o)
    0x08014b44   0x08014b44   0x0000019c   Code   RO         1638    .text.net_ip4_chk_frame  Net_Dbg_CM3_L.lib(net_ip4.o)
    0x08014ce0   0x08014ce0   0x0000002e   Code   RO         1664    .text.net_ip4_chksum  Net_Dbg_CM3_L.lib(net_ip4.o)
    0x08014d0e   0x08014d0e   0x00000006   Code   RO         1662    .text.net_ip4_chksum_buf  Net_Dbg_CM3_L.lib(net_ip4.o)
    0x08014d14   0x08014d14   0x0000007c   Code   RO         1658    .text.net_ip4_find_route  Net_Dbg_CM3_L.lib(net_ip4.o)
    0x08014d90   0x08014d90   0x000001b8   Code   RO          791    .text.net_ip4_frag_add  Net_Dbg_CM3_L.lib(net_ip4_frag.o)
    0x08014f48   0x08014f48   0x000000b4   Code   RO          795    .text.net_ip4_frag_get  Net_Dbg_CM3_L.lib(net_ip4_frag.o)
    0x08014ffc   0x08014ffc   0x0000000c   Code   RO          787    .text.net_ip4_frag_init  Net_Dbg_CM3_L.lib(net_ip4_frag.o)
    0x08015008   0x08015008   0x00000038   Code   RO          797    .text.net_ip4_frag_run  Net_Dbg_CM3_L.lib(net_ip4_frag.o)
    0x08015040   0x08015040   0x00000018   Code   RO         1650    .text.net_ip4_get_local  Net_Dbg_CM3_L.lib(net_ip4.o)
    0x08015058   0x08015058   0x00000024   Code   RO         1634    .text.net_ip4_init  Net_Dbg_CM3_L.lib(net_ip4.o)
    0x0801507c   0x0801507c   0x0000001c   Code   RO         1660    .text.net_ip4_is_onlink  Net_Dbg_CM3_L.lib(net_ip4.o)
    0x08015098   0x08015098   0x00000010   Code   RO         1646    .text.net_ip4_reass_frame  Net_Dbg_CM3_L.lib(net_ip4.o)
    0x080150a8   0x080150a8   0x00000184   Code   RO         1648    .text.net_ip4_send_frame  Net_Dbg_CM3_L.lib(net_ip4.o)
    0x0801522c   0x0801522c   0x0000002a   Code   RO         1656    .text.net_ip4_tx_offl_hl  Net_Dbg_CM3_L.lib(net_ip4.o)
    0x08015256   0x08015256   0x00000002   PAD
    0x08015258   0x08015258   0x0000011c   Code   RO         1680    .text.net_ip6_chk_frame  Net_Dbg_CM3_L.lib(net_ip6.o)
    0x08015374   0x08015374   0x00000034   Code   RO         1700    .text.net_ip6_chksum  Net_Dbg_CM3_L.lib(net_ip6.o)
    0x080153a8   0x080153a8   0x00000078   Code   RO         1696    .text.net_ip6_collect_mcast  Net_Dbg_CM3_L.lib(net_ip6.o)
    0x08015420   0x08015420   0x00000048   Code   RO         1698    .text.net_ip6_find_route  Net_Dbg_CM3_L.lib(net_ip6.o)
    0x08015468   0x08015468   0x000001d4   Code   RO          838    .text.net_ip6_frag_add  Net_Dbg_CM3_L.lib(net_ip6_frag.o)
    0x0801563c   0x0801563c   0x000000d4   Code   RO          842    .text.net_ip6_frag_get  Net_Dbg_CM3_L.lib(net_ip6_frag.o)
    0x08015710   0x08015710   0x00000014   Code   RO          834    .text.net_ip6_frag_init  Net_Dbg_CM3_L.lib(net_ip6_frag.o)
    0x08015724   0x08015724   0x00000034   Code   RO          844    .text.net_ip6_frag_run  Net_Dbg_CM3_L.lib(net_ip6_frag.o)
    0x08015758   0x08015758   0x00000048   Code   RO         1692    .text.net_ip6_get_local  Net_Dbg_CM3_L.lib(net_ip6.o)
    0x080157a0   0x080157a0   0x0000001c   Code   RO         1676    .text.net_ip6_init  Net_Dbg_CM3_L.lib(net_ip6.o)
    0x080157bc   0x080157bc   0x0000000c   Code   RO         1684    .text.net_ip6_reass_frame  Net_Dbg_CM3_L.lib(net_ip6.o)
    0x080157c8   0x080157c8   0x0000011c   Code   RO         1686    .text.net_ip6_send_frame  Net_Dbg_CM3_L.lib(net_ip6.o)
    0x080158e4   0x080158e4   0x00000020   Code   RO         1694    .text.net_ip6_tx_offl_hl  Net_Dbg_CM3_L.lib(net_ip6.o)
    0x08015904   0x08015904   0x00000008   Code   RO         1790    .text.net_itoa      Net_Dbg_CM3_L.lib(net_common.o)
    0x0801590c   0x0801590c   0x00000006   Code   RO         1796    .text.net_itoa_n0   Net_Dbg_CM3_L.lib(net_common.o)
    0x08015912   0x08015912   0x00000002   PAD
    0x08015914   0x08015914   0x00000024   Code   RO          769    .text.net_loop_iface_init  Net_Dbg_CM3_L.lib(net_loopback.o)
    0x08015938   0x08015938   0x000000b4   Code   RO          773    .text.net_loop_iface_run  Net_Dbg_CM3_L.lib(net_loopback.o)
    0x080159ec   0x080159ec   0x0000006c   Code   RO          767    .text.net_loop_send_frame  Net_Dbg_CM3_L.lib(net_loopback.o)
    0x08015a58   0x08015a58   0x000000b8   Code   RO         1729    .text.net_mem_alloc  Net_Dbg_CM3_L.lib(net_mem.o)
    0x08015b10   0x08015b10   0x00000014   Code   RO         1739    .text.net_mem_avail  Net_Dbg_CM3_L.lib(net_mem.o)
    0x08015b24   0x08015b24   0x00000098   Code   RO         1737    .text.net_mem_free  Net_Dbg_CM3_L.lib(net_mem.o)
    0x08015bbc   0x08015bbc   0x00000068   Code   RO         1725    .text.net_mem_init  Net_Dbg_CM3_L.lib(net_mem.o)
    0x08015c24   0x08015c24   0x00000048   Code   RO         1735    .text.net_mem_shrink  Net_Dbg_CM3_L.lib(net_mem.o)
    0x08015c6c   0x08015c6c   0x00000070   Code   RO         1256    .text.net_nbns_client_init  Net_Dbg_CM3_L.lib(net_nbns_client.o)
    0x08015cdc   0x08015cdc   0x00000010   Code   RO         1272    .text.net_nbns_client_run  Net_Dbg_CM3_L.lib(net_nbns_client.o)
    0x08015cec   0x08015cec   0x0000019c   Code   RO          701    .text.net_ndp_cache_find  Net_Dbg_CM3_L.lib(net_ndp.o)
    0x08015e88   0x08015e88   0x00000074   Code   RO          687    .text.net_ndp_cache_init  Net_Dbg_CM3_L.lib(net_ndp.o)
    0x08015efc   0x08015efc   0x0000007c   Code   RO          699    .text.net_ndp_cache_refresh  Net_Dbg_CM3_L.lib(net_ndp.o)
    0x08015f78   0x08015f78   0x00000350   Code   RO          729    .text.net_ndp_cache_run  Net_Dbg_CM3_L.lib(net_ndp.o)
    0x080162c8   0x080162c8   0x0000007c   Code   RO          725    .text.net_ndp_enqueue  Net_Dbg_CM3_L.lib(net_ndp.o)
    0x08016344   0x08016344   0x0000061c   Code   RO          691    .text.net_ndp_process  Net_Dbg_CM3_L.lib(net_ndp.o)
    0x08016960   0x08016960   0x0000003c   Code   RO         1527    .text.net_path      Net_Dbg_CM3_L.lib(net_sys.o)
    0x0801699c   0x0801699c   0x0000001c   Code   RO         1479    .text.net_ping_client_init  Net_Dbg_CM3_L.lib(net_ping_core.o)
    0x080169b8   0x080169b8   0x00000078   Code   RO         1485    .text.net_ping_client_run  Net_Dbg_CM3_L.lib(net_ping_core.o)
    0x08016a30   0x08016a30   0x00000018   Code   RO         1525    .text.net_rand32    Net_Dbg_CM3_L.lib(net_sys.o)
    0x08016a48   0x08016a48   0x0000002c   Code   RO         1752    .text.net_strcasecmp  Net_Dbg_CM3_L.lib(net_common.o)
    0x08016a74   0x08016a74   0x00000016   Code   RO         1758    .text.net_strchr    Net_Dbg_CM3_L.lib(net_common.o)
    0x08016a8a   0x08016a8a   0x00000018   Code   RO         1750    .text.net_strcmp    Net_Dbg_CM3_L.lib(net_common.o)
    0x08016aa2   0x08016aa2   0x00000010   Code   RO         1754    .text.net_strcpy    Net_Dbg_CM3_L.lib(net_common.o)
    0x08016ab2   0x08016ab2   0x0000001e   Code   RO         1760    .text.net_strnchr   Net_Dbg_CM3_L.lib(net_common.o)
    0x08016ad0   0x08016ad0   0x0000001a   Code   RO         1756    .text.net_strncpy   Net_Dbg_CM3_L.lib(net_common.o)
    0x08016aea   0x08016aea   0x00000052   Code   RO         1768    .text.net_strnstr   Net_Dbg_CM3_L.lib(net_common.o)
    0x08016b3c   0x08016b3c   0x0000001a   Code   RO         1762    .text.net_strrchr   Net_Dbg_CM3_L.lib(net_common.o)
    0x08016b56   0x08016b56   0x00000002   PAD
    0x08016b58   0x08016b58   0x00000008   Code   RO         1501    .text.net_sys_lock  Net_Dbg_CM3_L.lib(net_sys.o)
    0x08016b60   0x08016b60   0x00000014   Code   RO         1535    .text.net_sys_resume  Net_Dbg_CM3_L.lib(net_sys.o)
    0x08016b74   0x08016b74   0x00000014   Code   RO         1509    .text.net_sys_tick  Net_Dbg_CM3_L.lib(net_sys.o)
    0x08016b88   0x08016b88   0x00000008   Code   RO         1503    .text.net_sys_unlock  Net_Dbg_CM3_L.lib(net_sys.o)
    0x08016b90   0x08016b90   0x00000020   Code   RO         1511    .text.net_sys_wakeup  Net_Dbg_CM3_L.lib(net_sys.o)
    0x08016bb0   0x08016bb0   0x00000070   Code   RO          971    .text.net_tcp_abort  Net_Dbg_CM3_L.lib(net_tcp.o)
    0x08016c20   0x08016c20   0x00000100   Code   RO          967    .text.net_tcp_close  Net_Dbg_CM3_L.lib(net_tcp.o)
    0x08016d20   0x08016d20   0x00000032   Code   RO          979    .text.net_tcp_get_buf  Net_Dbg_CM3_L.lib(net_tcp.o)
    0x08016d52   0x08016d52   0x00000002   PAD
    0x08016d54   0x08016d54   0x00000028   Code   RO         1003    .text.net_tcp_get_local_port  Net_Dbg_CM3_L.lib(net_tcp.o)
    0x08016d7c   0x08016d7c   0x0000001c   Code   RO          975    .text.net_tcp_get_mss  Net_Dbg_CM3_L.lib(net_tcp.o)
    0x08016d98   0x08016d98   0x00000044   Code   RO         1007    .text.net_tcp_get_peer  Net_Dbg_CM3_L.lib(net_tcp.o)
    0x08016ddc   0x08016ddc   0x00000070   Code   RO          951    .text.net_tcp_get_socket  Net_Dbg_CM3_L.lib(net_tcp.o)
    0x08016e4c   0x08016e4c   0x00000020   Code   RO          991    .text.net_tcp_get_state  Net_Dbg_CM3_L.lib(net_tcp.o)
    0x08016e6c   0x08016e6c   0x00000028   Code   RO         1011    .text.net_tcp_get_timer  Net_Dbg_CM3_L.lib(net_tcp.o)
    0x08016e94   0x08016e94   0x000000ac   Code   RO          959    .text.net_tcp_listen  Net_Dbg_CM3_L.lib(net_tcp.o)
    0x08016f40   0x08016f40   0x00000b90   Code   RO         1045    .text.net_tcp_process  Net_Dbg_CM3_L.lib(net_tcp.o)
    0x08017ad0   0x08017ad0   0x0000016c   Code   RO          987    .text.net_tcp_send  Net_Dbg_CM3_L.lib(net_tcp.o)
    0x08017c3c   0x08017c3c   0x00000140   Code   RO          999    .text.net_tcp_set_option  Net_Dbg_CM3_L.lib(net_tcp.o)
    0x08017d7c   0x08017d7c   0x00000024   Code   RO         1013    .text.net_tcp_socket_init  Net_Dbg_CM3_L.lib(net_tcp.o)
    0x08017da0   0x08017da0   0x00000440   Code   RO         1037    .text.net_tcp_socket_run  Net_Dbg_CM3_L.lib(net_tcp.o)
    0x080181e0   0x080181e0   0x00000020   Code   RO          927    .text.net_udp_enable_lla  Net_Dbg_CM3_L.lib(net_udp.o)
    0x08018200   0x08018200   0x00000032   Code   RO          899    .text.net_udp_get_buf  Net_Dbg_CM3_L.lib(net_udp.o)
    0x08018232   0x08018232   0x00000002   PAD
    0x08018234   0x08018234   0x00000064   Code   RO          883    .text.net_udp_get_socket  Net_Dbg_CM3_L.lib(net_udp.o)
    0x08018298   0x08018298   0x000000bc   Code   RO          891    .text.net_udp_open  Net_Dbg_CM3_L.lib(net_udp.o)
    0x08018354   0x08018354   0x00000178   Code   RO          929    .text.net_udp_process  Net_Dbg_CM3_L.lib(net_udp.o)
    0x080184cc   0x080184cc   0x00000214   Code   RO          903    .text.net_udp_send_if  Net_Dbg_CM3_L.lib(net_udp.o)
    0x080186e0   0x080186e0   0x00000020   Code   RO          913    .text.net_udp_socket_init  Net_Dbg_CM3_L.lib(net_udp.o)
    0x08018700   0x08018700   0x00000008   Code   RO         1782    .text.net_ultoa     Net_Dbg_CM3_L.lib(net_common.o)
    0x08018708   0x08018708   0x00000038   Code   RO         1780    .text.net_ultox     Net_Dbg_CM3_L.lib(net_common.o)
    0x08018740   0x08018740   0x0000001a   Code   RO         1800    .text.net_xtouc     Net_Dbg_CM3_L.lib(net_common.o)
    0x0801875a   0x0801875a   0x0000005a   Code   RO         1804    .text.net_xtoul     Net_Dbg_CM3_L.lib(net_common.o)
    0x080187b4   0x080187b4   0x0000001c   Code   RO         1483    .text.ping_send_req  Net_Dbg_CM3_L.lib(net_ping_core.o)
    0x080187d0   0x080187d0   0x00000104   Code   RO         1204    .text.proc_opt_ia_na  Net_Dbg_CM3_L.lib(net_dhcp6_client.o)
    0x080188d4   0x080188d4   0x000000e0   Code   RO         1142    .text.proc_opt_renew  Net_Dbg_CM3_L.lib(net_dhcp_client.o)
    0x080189b4   0x080189b4   0x000001ac   Code   RO         1140    .text.proc_opt_req  Net_Dbg_CM3_L.lib(net_dhcp_client.o)
    0x08018b60   0x08018b60   0x00000048   Code   RO         1136    .text.proc_opt_sel  Net_Dbg_CM3_L.lib(net_dhcp_client.o)
    0x08018ba8   0x08018ba8   0x00000018   Code   RO          793    .text.que_free_list  Net_Dbg_CM3_L.lib(net_ip4_frag.o)
    0x08018bc0   0x08018bc0   0x00000018   Code   RO          840    .text.que_free_list  Net_Dbg_CM3_L.lib(net_ip6_frag.o)
    0x08018bd8   0x08018bd8   0x000000a4   Code   RO         1369    .text.read_script_line  Net_Dbg_CM3_L.lib(net_http_server.o)
    0x08018c7c   0x08018c7c   0x00000048   Code   RO         1393    .text.search_delim  Net_Dbg_CM3_L.lib(net_http_server.o)
    0x08018cc4   0x08018cc4   0x00000068   Code   RO         1202    .text.select_server  Net_Dbg_CM3_L.lib(net_dhcp6_client.o)
    0x08018d2c   0x08018d2c   0x00000010   Code   RO         1531    .text.sys_map_if    Net_Dbg_CM3_L.lib(net_sys.o)
    0x08018d3c   0x08018d3c   0x00000084   Code   RO         1049    .text.tcp_parse_opt  Net_Dbg_CM3_L.lib(net_tcp.o)
    0x08018dc0   0x08018dc0   0x00000018   Code   RO         1043    .text.tcp_que_free  Net_Dbg_CM3_L.lib(net_tcp.o)
    0x08018dd8   0x08018dd8   0x0000001c   Code   RO         1041    .text.tcp_que_init  Net_Dbg_CM3_L.lib(net_tcp.o)
    0x08018df4   0x08018df4   0x000000a4   Code   RO         1039    .text.tcp_que_resend  Net_Dbg_CM3_L.lib(net_tcp.o)
    0x08018e98   0x08018e98   0x00000090   Code   RO         1019    .text.tcp_send_ctrl  Net_Dbg_CM3_L.lib(net_tcp.o)
    0x08018f28   0x08018f28   0x00000080   Code   RO         1023    .text.tcp_send_data  Net_Dbg_CM3_L.lib(net_tcp.o)
    0x08018fa8   0x08018fa8   0x0000009c   Code   RO         1047    .text.tcp_send_reset  Net_Dbg_CM3_L.lib(net_tcp.o)
    0x08019044   0x08019044   0x00000038   Code   RO         1051    .text.tcp_set_cwnd  Net_Dbg_CM3_L.lib(net_tcp.o)
    0x0801907c   0x0801907c   0x00000070   Code   RO         1021    .text.tcp_transit   Net_Dbg_CM3_L.lib(net_tcp.o)
    0x080190ec   0x080190ec   0x00000110   Code   RO         1055    .text.tcp_write     Net_Dbg_CM3_L.lib(net_tcp.o)
    0x080191fc   0x080191fc   0x00000034   Code   RO          917    .text.udp_port_in_use  Net_Dbg_CM3_L.lib(net_udp.o)
    0x08019230   0x08019230   0x00000054   Code   RO         1784    .text.ul2str        Net_Dbg_CM3_L.lib(net_common.o)
    0x08019284   0x08019284   0x00000020   Code   RO         2127    i.__0printf         mc_w.l(printfa.o)
    0x080192a4   0x080192a4   0x00000028   Code   RO         2129    i.__0sprintf        mc_w.l(printfa.o)
    0x080192cc   0x080192cc   0x00000030   Code   RO         2243    i.__ARM_fpclassify  m_wm.l(fpclassify.o)
    0x080192fc   0x080192fc   0x00000004   PAD
    0x08019300   0x08019300   0x000000c8   Code   RO         1853    i.__hardfp_sin      m_wm.l(sin.o)
    0x080193c8   0x080193c8   0x00000438   Code   RO         2182    i.__ieee754_rem_pio2  m_wm.l(rred.o)
    0x08019800   0x08019800   0x00000170   Code   RO         2165    i.__kernel_cos      m_wm.l(cos_i.o)
    0x08019970   0x08019970   0x000000f8   Code   RO         2245    i.__kernel_poly     m_wm.l(poly.o)
    0x08019a68   0x08019a68   0x00000130   Code   RO         2187    i.__kernel_sin      m_wm.l(sin_i.o)
    0x08019b98   0x08019b98   0x00000014   Code   RO         2169    i.__mathlib_dbl_infnan  m_wm.l(dunder.o)
    0x08019bac   0x08019bac   0x00000004   PAD
    0x08019bb0   0x08019bb0   0x00000020   Code   RO         2171    i.__mathlib_dbl_invalid  m_wm.l(dunder.o)
    0x08019bd0   0x08019bd0   0x00000020   Code   RO         2174    i.__mathlib_dbl_underflow  m_wm.l(dunder.o)
    0x08019bf0   0x08019bf0   0x0000000e   Code   RO         2254    i.__scatterload_copy  mc_w.l(handlers.o)
    0x08019bfe   0x08019bfe   0x00000002   Code   RO         2255    i.__scatterload_null  mc_w.l(handlers.o)
    0x08019c00   0x08019c00   0x0000000e   Code   RO         2256    i.__scatterload_zeroinit  mc_w.l(handlers.o)
    0x08019c0e   0x08019c0e   0x00000002   PAD
    0x08019c10   0x08019c10   0x0000000c   Code   RO         2221    i.__set_errno       mc_w.l(errno.o)
    0x08019c1c   0x08019c1c   0x00000184   Code   RO         2134    i._fp_digits        mc_w.l(printfa.o)
    0x08019da0   0x08019da0   0x000006dc   Code   RO         2135    i._printf_core      mc_w.l(printfa.o)
    0x0801a47c   0x0801a47c   0x00000024   Code   RO         2136    i._printf_post_padding  mc_w.l(printfa.o)
    0x0801a4a0   0x0801a4a0   0x0000002e   Code   RO         2137    i._printf_pre_padding  mc_w.l(printfa.o)
    0x0801a4ce   0x0801a4ce   0x0000000a   Code   RO         2139    i._sputc            mc_w.l(printfa.o)
    0x0801a4d8   0x0801a4d8   0x00000018   Code   RO         2239    i.fabs              m_wm.l(fabs.o)
    0x0801a4f0   0x0801a4f0   0x00000018   Code   RO         1862    i.fputs             mc_w.l(fputs.o)
    0x0801a508   0x0801a508   0x00000028   Code   RO         1866    i.fwrite            mc_w.l(fwrite.o)
    0x0801a530   0x0801a530   0x00000024   Code   RO         1864    i.puts              mc_w.l(puts.o)
    0x0801a554   0x0801a554   0x00000004   PAD
    0x0801a558   0x0801a558   0x00000030   Data   RO         2166    .constdata          m_wm.l(cos_i.o)
    0x0801a588   0x0801a588   0x000000cc   Data   RO         2184    .constdata          m_wm.l(rred.o)
    0x0801a654   0x0801a654   0x00000004   PAD
    0x0801a658   0x0801a658   0x00000028   Data   RO         2188    .constdata          m_wm.l(sin_i.o)
    0x0801a680   0x0801a680   0x00000070   Data   RO          157    .rodata             rtx_lib.o
    0x0801a6f0   0x0801a6f0   0x00000038   Data   RO          160    .rodata             rtx_lib.o
    0x0801a728   0x0801a728   0x00000010   Data   RO          454    .rodata.AHBPrescTable  system_stm32f7xx.o
    0x0801a738   0x0801a738   0x00000008   Data   RO          455    .rodata.APBPrescTable  system_stm32f7xx.o
    0x0801a740   0x0801a740   0x00000018   Data   RO         1418    .rodata.DMonth      Net_Dbg_CM3_L.lib(net_http_server.o)
    0x0801a758   0x0801a758   0x00000044   Data   RO          273    .rodata.Driver_ETH_MAC0  emac_stm32f7xx.o
    0x0801a79c   0x0801a79c   0x00000020   Data   RO          259    .rodata.Driver_ETH_PHY0  phy_lan8742a.o
    0x0801a7bc   0x0801a7bc   0x00000018   Data   RO          302    .rodata.EventRecorderInfo  eventrecorder.o
    0x0801a7d4   0x0801a7d4   0x00001500   Data   RO           95    .rodata.Font_16x24_h  glcd_fonts.o
    0x0801bcd4   0x0801bcd4   0x00000010   Data   RO           96    .rodata.GLCD_Font_16x24  glcd_fonts.o
    0x0801bce4   0x0801bce4   0x00000040   Data   RO         1423    .rodata.Method      Net_Dbg_CM3_L.lib(net_http_server.o)
    0x0801bd24   0x0801bd24   0x00000030   Data   RO         1422    .rodata.Month       Net_Dbg_CM3_L.lib(net_http_server.o)
    0x0801bd54   0x0801bd54   0x0000001c   Data   RO         1421    .rodata.WkDay       Net_Dbg_CM3_L.lib(net_http_server.o)
    0x0801bd70   0x0801bd70   0x00000024   Data   RO           15    .rodata.app_main_attr  http_server.o
    0x0801bd94   0x0801bd94   0x00000010   Data   RO         1806    .rodata.cst16       Net_Dbg_CM3_L.lib(net_common.o)
    0x0801bda4   0x0801bda4   0x00000020   Data   RO          377    .rodata.cst32       stm32f7xx_hal_ltdc.o
    0x0801bdc4   0x0801bdc4   0x00000008   Data   RO          349    .rodata.cst8        stm32f7xx_hal_dma.o
    0x0801bdcc   0x0801bdcc   0x00000014   Data   RO          486    .rodata.eth0_arp_config  net_config.o
    0x0801bde0   0x0801bde0   0x00000014   Data   RO          496    .rodata.eth0_dhcp6_config  net_config.o
    0x0801bdf4   0x0801bdf4   0x00000010   Data   RO          490    .rodata.eth0_dhcp_config  net_config.o
    0x0801be04   0x0801be04   0x0000000c   Data   RO          494    .rodata.eth0_icmp6_config  net_config.o
    0x0801be10   0x0801be10   0x0000000c   Data   RO          488    .rodata.eth0_icmp_config  net_config.o
    0x0801be1c   0x0801be1c   0x00000028   Data   RO          477    .rodata.eth0_ip4_config  net_config.o
    0x0801be44   0x0801be44   0x00000020   Data   RO          479    .rodata.eth0_ip6_config  net_config.o
    0x0801be64   0x0801be64   0x00000020   Data   RO          470    .rodata.eth0_ll_config  net_config.o
    0x0801be84   0x0801be84   0x00000010   Data   RO          469    .rodata.eth0_lock_attr  net_config.o
    0x0801be94   0x0801be94   0x00000010   Data   RO          492    .rodata.eth0_ndp_config  net_config.o
    0x0801bea4   0x0801bea4   0x00000024   Data   RO          471    .rodata.eth0_thread_attr  net_config.o
    0x0801bec8   0x0801bec8   0x00000048   Data   RO          274    .rodata.eth_pins    emac_stm32f7xx.o
    0x0801bf10   0x0801bf10   0x00000090   Data   RO         1424    .rodata.http_set_ftype.ftype  Net_Dbg_CM3_L.lib(net_http_server.o)
    0x0801bfa0   0x0801bfa0   0x00006b44   Data   RO           47    .rodata.imageFileData  web.o
    0x08022ae4   0x08022ae4   0x000000a8   Data   RO           46    .rodata.imageFileTable  web.o
    0x08022b8c   0x08022b8c   0x00000004   Data   RO           45    .rodata.imageLastModified  web.o
    0x08022b90   0x08022b90   0x00000010   Data   RO          468    .rodata.mem_lock_attr  net_config.o
    0x08022ba0   0x08022ba0   0x00000004   Data   RO         1666    .rodata.net_addr4_loopback  Net_Dbg_CM3_L.lib(net_ip4.o)
    0x08022ba4   0x08022ba4   0x00000010   Data   RO         1246    .rodata.net_addr6_all_dhcp_agents  Net_Dbg_CM3_L.lib(net_dhcp6_client.o)
    0x08022bb4   0x08022bb4   0x00000010   Data   RO         1704    .rodata.net_addr6_all_nodes  Net_Dbg_CM3_L.lib(net_ip6.o)
    0x08022bc4   0x08022bc4   0x00000010   Data   RO         1705    .rodata.net_addr6_all_routers  Net_Dbg_CM3_L.lib(net_ip6.o)
    0x08022bd4   0x08022bd4   0x00000010   Data   RO         1706    .rodata.net_addr6_loopback  Net_Dbg_CM3_L.lib(net_ip6.o)
    0x08022be4   0x08022be4   0x00000006   Data   RO         1620    .rodata.net_addr_bcast  Net_Dbg_CM3_L.lib(net_addr.o)
    0x08022bea   0x08022bea   0x00000010   Data   RO         1619    .rodata.net_addr_unspec  Net_Dbg_CM3_L.lib(net_addr.o)
    0x08022bfa   0x08022bfa   0x00000002   PAD
    0x08022bfc   0x08022bfc   0x00000008   Data   RO          487    .rodata.net_arp_list  net_config.o
    0x08022c04   0x08022c04   0x00000050   Data   RO         1837    .rodata.net_base64_decode.dec_map  Net_Dbg_CM3_L.lib(net_base64.o)
    0x08022c54   0x08022c54   0x00000008   Data   RO          497    .rodata.net_dhcp6_list  net_config.o
    0x08022c5c   0x08022c5c   0x00000008   Data   RO          491    .rodata.net_dhcp_list  net_config.o
    0x08022c64   0x08022c64   0x0000002c   Data   RO          480    .rodata.net_eth0_if_config  net_config.o
    0x08022c90   0x08022c90   0x00000008   Data   RO          481    .rodata.net_eth_list  net_config.o
    0x08022c98   0x08022c98   0x00000018   Data   RO         1464    .rodata.net_http_auth_basic_func  Net_Dbg_CM3_L.lib(net_http_server_auth.o)
    0x08022cb0   0x08022cb0   0x00000034   Data   RO          509    .rodata.net_http_config  net_config.o
    0x08022ce4   0x08022ce4   0x00000018   Data   RO         1717    .rodata.net_http_error  Net_Dbg_CM3_L.lib(net_http_server_err.o)
    0x08022cfc   0x08022cfc   0x00000008   Data   RO          495    .rodata.net_icmp6_list  net_config.o
    0x08022d04   0x08022d04   0x00000008   Data   RO          489    .rodata.net_icmp_list  net_config.o
    0x08022d0c   0x08022d0c   0x00000008   Data   RO          484    .rodata.net_if_inet_def  net_config.o
    0x08022d14   0x08022d14   0x00000008   Data   RO          485    .rodata.net_if_link_def  net_config.o
    0x08022d1c   0x08022d1c   0x00000008   Data   RO          483    .rodata.net_if_list_all  net_config.o
    0x08022d24   0x08022d24   0x00000008   Data   RO          482    .rodata.net_if_list_lan  net_config.o
    0x08022d2c   0x08022d2c   0x00000008   Data   RO          499    .rodata.net_ip4_frag_config  net_config.o
    0x08022d34   0x08022d34   0x00000008   Data   RO          501    .rodata.net_ip6_frag_config  net_config.o
    0x08022d3c   0x08022d3c   0x00000004   Data   RO         1846    .rodata.net_lib_version  Net_Dbg_CM3_L.lib(net_version.o)
    0x08022d40   0x08022d40   0x00000010   Data   RO          467    .rodata.net_lock_attr  net_config.o
    0x08022d50   0x08022d50   0x0000002c   Data   RO          777    .rodata.net_loop_if_config  Net_Dbg_CM3_L.lib(net_loopback.o)
    0x08022d7c   0x08022d7c   0x00000008   Data   RO          503    .rodata.net_nbns_config  net_config.o
    0x08022d84   0x08022d84   0x00000008   Data   RO          493    .rodata.net_ndp_list  net_config.o
    0x08022d8c   0x08022d8c   0x00000012   Data   RO         1489    .rodata.net_ping_payload  Net_Dbg_CM3_L.lib(net_ping_core.o)
    0x08022d9e   0x08022d9e   0x00000002   PAD
    0x08022da0   0x08022da0   0x0000001c   Data   RO          474    .rodata.net_sys_config  net_config.o
    0x08022dbc   0x08022dbc   0x00000018   Data   RO          507    .rodata.net_tcp_config  net_config.o
    0x08022dd4   0x08022dd4   0x00000024   Data   RO          465    .rodata.net_thread_attr  net_config.o
    0x08022df8   0x08022df8   0x00000010   Data   RO          466    .rodata.net_timer_attr  net_config.o
    0x08022e08   0x08022e08   0x0000000c   Data   RO          505    .rodata.net_udp_config  net_config.o
    0x08022e14   0x08022e14   0x00000010   Data   RO          511    .rodata.netif_getopt_func  net_config.o
    0x08022e24   0x08022e24   0x00000010   Data   RO          512    .rodata.netif_setopt_func  net_config.o
    0x08022e34   0x08022e34   0x00000004   Data   RO          159    .rodata.osRtxUserSVC  rtx_lib.o
    0x08022e38   0x08022e38   0x00000024   Data   RO          154    .rodata.os_idle_thread_attr  rtx_lib.o
    0x08022e5c   0x08022e5c   0x00000018   Data   RO          156    .rodata.os_timer_mq_attr  rtx_lib.o
    0x08022e74   0x08022e74   0x00000024   Data   RO          155    .rodata.os_timer_thread_attr  rtx_lib.o
    0x08022e98   0x08022e98   0x00000006   Data   RO           23    .rodata.str1.1      http_server.o
    0x08022e9e   0x08022e9e   0x000000f2   Data   RO           34    .rodata.str1.1      http_server_cgi.o
    0x08022f90   0x08022f90   0x0000010a   Data   RO          473    .rodata.str1.1      net_config.o
    0x0802309a   0x0802309a   0x000001a7   Data   RO         1419    .rodata.str1.1      Net_Dbg_CM3_L.lib(net_http_server.o)
    0x08023241   0x08023241   0x000001f8   Data   RO         1716    .rodata.str1.1      Net_Dbg_CM3_L.lib(net_http_server_err.o)
    0x08023439   0x08023439   0x00000003   PAD
    0x0802343c   0x0802343c   0x0000000b   Data   RO          143    .rodata.str1.4      rtx_kernel.o
    0x08023447   0x08023447   0x00000001   PAD
    0x08023448   0x08023448   0x00000038   Data   RO          522    .rodata.sys_fn_init  net_config.o
    0x08023480   0x08023480   0x00000034   Data   RO          523    .rodata.sys_fn_run  net_config.o
    0x080234b4   0x080234b4   0x00000006   Data   RO         1420    .rodata.utc_to_http.DYear  Net_Dbg_CM3_L.lib(net_http_server.o)
    0x080234ba   0x080234ba   0x00000002   PAD
    0x080234bc   0x080234bc   0x00000020   Data   RO         2253    Region$$Table       anon$$obj.o


    Execution Region RW_DTCM (Exec base: 0x20000000, Load base: 0x080234e0, Size: 0x0000d200, Max: 0x0000f800, ABSOLUTE)

    Exec Addr    Load Addr    Size         Type   Attr      Idx    E Section Name        Object

    0x20000000   0x080234e0   0x00000004   Data   RW         1874    .data               mc_w.l(stdout.o)
    0x20000004   0x080234e4   0x00000004   Data   RW         1875    .data               mc_w.l(stderr.o)
    0x20000008   0x080234e8   0x00000004   Data   RW         2222    .data               mc_w.l(errno.o)
    0x2000000c   0x080234ec   0x00000004   Data   RW          453    .data.SystemCoreClock  system_stm32f7xx.o
    0x20000010   0x080234f0   0x00000002   Data   RW           82    .data.background_color  glcd_746g_discovery.o
    0x20000012   0x080234f2   0x0000002a   Data   RW           16    .data.lcd_text      http_server.o
    0x2000003c   0x0802351c   0x000000a4   Data   RW          144    .data.os            rtx_kernel.o
    0x200000e0   0x080235c0   0x00000001   Data   RW          313    .data.uwTickFreq    stm32f7xx_hal.o
    0x200000e1   0x080235c1   0x00000003   PAD
    0x200000e4   0x080235c4   0x00000004   Data   RW          312    .data.uwTickPrio    stm32f7xx_hal.o
    0x200000e8        -       0x00000008   Zero   RW          850    .bss..L_MergedGlobals  Net_Dbg_CM3_L.lib(net_ip6_frag.o)
    0x200000f0        -       0x00000002   Zero   RW         1171    .bss..L_MergedGlobals  Net_Dbg_CM3_L.lib(net_dhcp_client.o)
    0x200000f2        -       0x00000002   Zero   RW         1247    .bss..L_MergedGlobals  Net_Dbg_CM3_L.lib(net_dhcp6_client.o)
    0x200000f4        -       0x00000051   Zero   RW         1425    .bss..L_MergedGlobals  Net_Dbg_CM3_L.lib(net_http_server.o)
    0x20000145   0x080235c8   0x00000003   PAD
    0x20000148        -       0x00000038   Zero   RW         1542    .bss..L_MergedGlobals  Net_Dbg_CM3_L.lib(net_sys.o)
    0x20000180        -       0x00000001   Zero   RW           59    .bss.BSP_SDRAM_DeInit.sdramstatus  stm32746g_discovery_sdram.o
    0x20000181        -       0x00000001   Zero   RW           56    .bss.BSP_SDRAM_Init.sdramstatus  stm32746g_discovery_sdram.o
    0x20000182   0x080235c8   0x00000002   PAD
    0x20000184        -       0x00000060   Zero   RW           62    .bss.BSP_SDRAM_MspDeInit.dma_handle  stm32746g_discovery_sdram.o
    0x200001e4        -       0x00000060   Zero   RW           61    .bss.BSP_SDRAM_MspInit.dma_handle  stm32746g_discovery_sdram.o
    0x20000244        -       0x00000010   Zero   RW           60    .bss.Command        stm32746g_discovery_sdram.o
    0x20000254        -       0x00000018   Zero   RW           22    .bss.Display.buf    http_server.o
    0x2000026c        -       0x00000010   Zero   RW           20    .bss.Display.ip_addr  http_server.o
    0x2000027c        -       0x00000028   Zero   RW           21    .bss.Display.ip_ascii  http_server.o
    0x200002a4        -       0x0000000c   Zero   RW          272    .bss.Emac           emac_stm32f7xx.o
    0x200002b0        -       0x00000004   Zero   RW            3    .bss.HAL_GetTick.ticks  main.o
    0x200002b4        -       0x00000001   Zero   RW           19    .bss.LEDrun         http_server.o
    0x200002b5   0x080235c8   0x00000003   PAD
    0x200002b8        -       0x000000a8   Zero   RW           80    .bss.LTDC_Handle    glcd_746g_discovery.o
    0x20000360        -       0x00000001   Zero   RW           33    .bss.P2             http_server_cgi.o
    0x20000361   0x080235c8   0x00000003   PAD
    0x20000364        -       0x00000004   Zero   RW          260    .bss.PHY.0          phy_lan8742a.o
    0x20000368        -       0x00000004   Zero   RW          261    .bss.PHY.1          phy_lan8742a.o
    0x2000036c        -       0x00000002   Zero   RW          262    .bss.PHY.2          phy_lan8742a.o
    0x2000036e        -       0x00000001   Zero   RW          263    .bss.PHY.3          phy_lan8742a.o
    0x2000036f   0x080235c8   0x00000001   PAD
    0x20000370        -       0x00000004   Zero   RW           17    .bss.TID_Display    http_server.o
    0x20000374        -       0x00000004   Zero   RW           18    .bss.TID_Led        http_server.o
    0x20000378        -       0x0000001c   Zero   RW           58    .bss.Timing         stm32746g_discovery_sdram.o
    0x20000394        -       0x00000004   Zero   RW           84    .bss.active_font    glcd_746g_discovery.o
    0x20000398        -       0x00000400   Zero   RW           14    .bss.app_main_stk   http_server.o
    0x20000798        -       0x000000c8   Zero   RW          520    .bss.eth0_arp_table  net_config.o
    0x20000860        -       0x00000018   Zero   RW          476    .bss.eth0_localm    net_config.o
    0x20000878        -       0x00000064   Zero   RW          478    .bss.eth0_localm6   net_config.o
    0x200008dc        -       0x00000006   Zero   RW          513    .bss.eth0_mac_addr  net_config.o
    0x200008e2   0x080235c8   0x00000002   PAD
    0x200008e4        -       0x000000a0   Zero   RW          521    .bss.eth0_ndp_table  net_config.o
    0x20000984   0x080235c8   0x00000004   PAD
    0x20000988        -       0x00000400   Zero   RW          519    .bss.eth0_stack     net_config.o
    0x20000d88        -       0x00000004   Zero   RW          475    .bss.eth0_state     net_config.o
    0x20000d8c        -       0x00000002   Zero   RW           81    .bss.foreground_color  glcd_746g_discovery.o
    0x20000d8e   0x080235c8   0x00000002   PAD
    0x20000d90        -       0x00000168   Zero   RW          508    .bss.http_scb       net_config.o
    0x20000ef8        -       0x00000008   Zero   RW         1667    .bss.ip4_control    Net_Dbg_CM3_L.lib(net_ip4.o)
    0x20000f00        -       0x00000028   Zero   RW          498    .bss.ip4_frag_scb   net_config.o
    0x20000f28        -       0x00000004   Zero   RW         1707    .bss.ip6_control    Net_Dbg_CM3_L.lib(net_ip6.o)
    0x20000f2c        -       0x00000028   Zero   RW          500    .bss.ip6_frag_scb   net_config.o
    0x20000f54        -       0x00000010   Zero   RW           32    .bss.ip_addr        http_server_cgi.o
    0x20000f64        -       0x00000028   Zero   RW           36    .bss.ip_string      http_server_cgi.o
    0x20000f8c        -       0x00000004   Zero   RW          464    .bss.k_mul          net_config.o
    0x20000f90        -       0x00000004   Zero   RW          778    .bss.loop_control   Net_Dbg_CM3_L.lib(net_loopback.o)
    0x20000f94        -       0x00000014   Zero   RW         1741    .bss.mem_control    Net_Dbg_CM3_L.lib(net_mem.o)
    0x20000fa8        -       0x00002ee0   Zero   RW          472    .bss.mem_pool       net_config.o
    0x20003e88        -       0x00000020   Zero   RW         1280    .bss.nbns_control   Net_Dbg_CM3_L.lib(net_nbns_client.o)
    0x20003ea8        -       0x0000003c   Zero   RW          502    .bss.nbns_table     net_config.o
    0x20003ee4        -       0x00000004   Zero   RW           35    .bss.netCGI_Script.adv  http_server_cgi.o
    0x20003ee8        -       0x00000010   Zero   RW         1625    .bss.net_addr6_get_solicited.buf  Net_Dbg_CM3_L.lib(net_addr.o)
    0x20003ef8        -       0x00000024   Zero   RW         1541    .bss.net_dbg_buf    Net_Dbg_CM3_L.lib(net_sys.o)
    0x20003f1c        -       0x00000018   Zero   RW          674    .bss.net_eth0_arp_control  Net_Dbg_CM3_L.lib(net_arp.o)
    0x20003f34        -       0x00000044   Zero   RW         1242    .bss.net_eth0_dhcp6_control  Net_Dbg_CM3_L.lib(net_dhcp6_client.o)
    0x20003f78        -       0x00000028   Zero   RW         1167    .bss.net_eth0_dhcp_control  Net_Dbg_CM3_L.lib(net_dhcp_client.o)
    0x20003fa0        -       0x00000001   Zero   RW          869    .bss.net_eth0_icmp6_control  Net_Dbg_CM3_L.lib(net_icmp6.o)
    0x20003fa1        -       0x00000001   Zero   RW          820    .bss.net_eth0_icmp_control  Net_Dbg_CM3_L.lib(net_icmp.o)
    0x20003fa2   0x080235c8   0x00000002   PAD
    0x20003fa4        -       0x000000a0   Zero   RW          598    .bss.net_eth0_if_control  Net_Dbg_CM3_L.lib(net_eth.o)
    0x20004044        -       0x00000044   Zero   RW          755    .bss.net_eth0_ndp_control  Net_Dbg_CM3_L.lib(net_ndp.o)
    0x20004088        -       0x00000004   Zero   RW          803    .bss.net_ip4_frag_get.dfrag  Net_Dbg_CM3_L.lib(net_ip4_frag.o)
    0x2000408c        -       0x0000002c   Zero   RW         1490    .bss.net_ping_control  Net_Dbg_CM3_L.lib(net_ping_core.o)
    0x200040b8        -       0x00000400   Zero   RW          515    .bss.net_stack      net_config.o
    0x200044b8        -       0x00000001   Zero   RW         1106    .bss.net_tcp_socket_run.socket  Net_Dbg_CM3_L.lib(net_tcp.o)
    0x200044b9   0x080235c8   0x00000003   PAD
    0x200044bc        -       0x0000001c   Zero   RW          939    .bss.net_udp_process.addr  Net_Dbg_CM3_L.lib(net_udp.o)
    0x200044d8        -       0x00008040   Zero   RW          153    .bss.os             rtx_lib.o
    0x2000c518        -       0x00000001   Zero   RW          243    .bss.os             os_systick.o
    0x2000c519   0x080235c8   0x00000003   PAD
    0x2000c51c        -       0x00000034   Zero   RW          164    .bss.os.msgqueue.cb  rtx_lib.o
    0x2000c550        -       0x00000050   Zero   RW          165    .bss.os.msgqueue.mem  rtx_lib.o
    0x2000c5a0        -       0x00000038   Zero   RW          517    .bss.os.mutex.cb    net_config.o
    0x2000c5d8        -       0x00000010   Zero   RW          518    .bss.os.semaphore.cb  net_config.o
    0x2000c5e8        -       0x000000a0   Zero   RW          161    .bss.os.thread.cb   rtx_lib.o
    0x2000c688        -       0x000000a0   Zero   RW          514    .bss.os.thread.cb   net_config.o
    0x2000c728        -       0x00000200   Zero   RW          162    .bss.os.thread.idle.stack  rtx_lib.o
    0x2000c928        -       0x00000200   Zero   RW          163    .bss.os.thread.timer.stack  rtx_lib.o
    0x2000cb28        -       0x00000020   Zero   RW          516    .bss.os.timer.cb    net_config.o
    0x2000cb48        -       0x00000034   Zero   RW           57    .bss.sdramHandle    stm32746g_discovery_sdram.o
    0x2000cb7c        -       0x00000004   Zero   RW            4    .bss.sine_value     main.o
    0x2000cb80        -       0x00000228   Zero   RW          506    .bss.tcp_scb        net_config.o
    0x2000cda8        -       0x00000002   Zero   RW          940    .bss.udp_alloc_port.port  Net_Dbg_CM3_L.lib(net_udp.o)
    0x2000cdaa   0x080235c8   0x00000002   PAD
    0x2000cdac        -       0x00000050   Zero   RW          504    .bss.udp_scb        net_config.o
    0x2000cdfc        -       0x00000004   Zero   RW          314    .bss.uwTick         stm32f7xx_hal.o
    0x2000ce00        -       0x00000400   Zero   RW          442    STACK               startup_stm32f746xx.o


    Execution Region RW_DTCM_NOINIT (Exec base: 0x2000f800, Load base: 0x080235c8, Size: 0x000004a4, Max: 0x00000800, ABSOLUTE, UNINIT)

    Exec Addr    Load Addr    Size         Type   Attr      Idx    E Section Name        Object

    0x2000f800        -       0x000004a4   Zero   RW          301    .bss.noinit         eventrecorder.o


    Execution Region RW_SRAM1 (Exec base: 0x20010000, Load base: 0x080235c8, Size: 0x00000000, Max: 0x0003c000, ABSOLUTE)

    **** No section assigned to this execution region ****



  Load Region LR$$.bss.ARM.__at_0x2004C000 (Base: 0x2004c000, Size: 0x00000000, Max: 0x000024c0, ABSOLUTE)

    Execution Region ER$$.bss.ARM.__at_0x2004C000 (Exec base: 0x2004c000, Load base: 0x2004c000, Size: 0x000024c0, Max: 0x000024c0, ABSOLUTE, UNINIT)

    Exec Addr    Load Addr    Size         Type   Attr      Idx    E Section Name        Object

    0x2004c000        -       0x000024c0   Zero   RW          275    .bss.ARM.__at_0x2004C000  emac_stm32f7xx.o



  Load Region LR$$.bss.ARM.__at_0xC0000000 (Base: 0xc0000000, Size: 0x00000000, Max: 0x0003fc00, ABSOLUTE)

    Execution Region ER$$.bss.ARM.__at_0xC0000000 (Exec base: 0xc0000000, Load base: 0xc0000000, Size: 0x0003fc00, Max: 0x0003fc00, ABSOLUTE, UNINIT)

    Exec Addr    Load Addr    Size         Type   Attr      Idx    E Section Name        Object

    0xc0000000        -       0x0003fc00   Zero   RW           83    .bss.ARM.__at_0xC0000000  glcd_746g_discovery.o


==============================================================================

Image component sizes


      Code (inc. data)   RO Data    RW Data    ZI Data      Debug   Object Name

       124          0          0          0          0       2803   buttons_746g_discovery.o
      2966         24        140          0       9420      18015   emac_stm32f7xx.o
      4672          0         24          0       1188      20163   eventrecorder.o
      1770          0          0          2     261294      12361   glcd_746g_discovery.o
         0          0       5392          0          0       1194   glcd_fonts.o
       560        112         42         42       1113       5125   http_server.o
      1960        364        242          0         61       6127   http_server_cgi.o
       256         16          0          0          0        817   irq_armv7m.o
       188          0          0          0          0       3361   led_746g_discovery.o
       700         40          0          0          8       7030   main.o
       636          0       1014          0      15942      21757   net_config.o
       298          0          0          0          0        925   net_debug.o
       280          0          0          0          1       5693   os_systick.o
       640          0         32          0         11       3629   phy_lan8742a.o
       226         40          0          0          0       1988   retarget_io.o
        10          0          0          0          0        671   rtx_config.o
       238          0          0          0          0       3101   rtx_delay.o
      4460          0          0          0          0      35204   rtx_evr.o
      2310          0         11        164          0      21805   rtx_kernel.o
         0          0        268          0      34148       5693   rtx_lib.o
       276          0          0          0          0       2649   rtx_memory.o
      2478          0          0          0          0      17645   rtx_mempool.o
      3272          0          0          0          0      21456   rtx_msgqueue.o
      1476          0          0          0          0      10515   rtx_mutex.o
      1284          0          0          0          0      11097   rtx_semaphore.o
       430         40          0          0          0       6243   rtx_system.o
      7536         10          0          0          0      47977   rtx_thread.o
      1378          0          0          0          0      11238   rtx_timer.o
        36          8        456          0       1024        908   startup_stm32f746xx.o
        44          0          0          0          0       1580   stdout_itm.o
      1068          0          0          0        290      10199   stm32746g_discovery_sdram.o
       730          0          0          5          4       7635   stm32f7xx_hal.o
       738          0          0          0          0      10953   stm32f7xx_hal_cortex.o
      1876         18          8          0          0       9490   stm32f7xx_hal_dma.o
       810          0          0          0          0       5194   stm32f7xx_hal_gpio.o
      2934          0         32          0          0      13747   stm32f7xx_hal_ltdc.o
       852          0          0          0          0       5706   stm32f7xx_hal_pwr_ex.o
      2306          0          0          0          0       8148   stm32f7xx_hal_rcc.o
      2392          0          0          0          0       7286   stm32f7xx_hal_rcc_ex.o
      1390          0          0          0          0      11597   stm32f7xx_hal_sdram.o
      1230          0          0          0          0       8476   stm32f7xx_ll_fmc.o
       154          0         24          4          0       3474   system_stm32f7xx.o
       122          0      27632          0          0       1571   web.o

    ----------------------------------------------------------------------
     57234        684      35350        220     324524     412246   Object Totals
         0          0         32          0          0          0   (incl. Generated)
       128         12          1          3         20          0   (incl. Padding)

    ----------------------------------------------------------------------

      Code (inc. data)   RO Data    RW Data    ZI Data      Debug   Library Member Name

      1402         28         22          0         16        708   net_addr.o
      2892         94          0          0         24        900   net_arp.o
       120          4         80          0          0         84   net_base64.o
       800          8         16          0          0        656   net_common.o
      3204        128         16          0         70        696   net_dhcp6_client.o
      3704        160          0          0         42        612   net_dhcp_client.o
      3812        132          0          0        160        684   net_eth.o
      7036        872        737          0         81       1484   net_http_server.o
       258         64         24          0          0        368   net_http_server_auth.o
         0          0        528          0          0          0   net_http_server_err.o
       628         32          0          0          1        136   net_icmp.o
       784         34          0          0          1        160   net_icmp6.o
      1182         76          4          0          8        364   net_ip4.o
       728         24          0          0          4        220   net_ip4_frag.o
       990         56         48          0          4        348   net_ip6.o
       792         20          0          0          8        224   net_ip6_frag.o
       334         24         44          0          4        136   net_loopback.o
       552         28          0          0         20        212   net_mem.o
       666         40          0          0         32        352   net_nbns_client.o
      4168        106          0          0         68        928   net_ndp.o
       176         24         18          0         44        188   net_ping_core.o
       788         60          0          0         92        464   net_sys.o
      7188        166          0          0          1       1768   net_tcp.o
      1392         52          0          0         30        712   net_udp.o
         0          0          4          0          0          0   net_version.o
       368         46         48          0          0        200   cos_i.o
        84         16          0          0          0        372   dunder.o
        24          0          0          0          0        124   fabs.o
        48          0          0          0          0        124   fpclassify.o
       248          0          0          0          0        152   poly.o
      1080        142        204          0          0        188   rred.o
       200         20          0          0          0        164   sin.o
       304         24         40          0          0        208   sin_i.o
         0          0          0          0          0          0   entry.o
         0          0          0          0          0          0   entry10a.o
         0          0          0          0          0          0   entry11a.o
         8          4          0          0          0          0   entry2.o
         4          0          0          0          0          0   entry5.o
         0          0          0          0          0          0   entry7b.o
         0          0          0          0          0          0   entry8b.o
         8          4          0          0          0          0   entry9a.o
        12          6          0          4          0         68   errno.o
        24          0          0          0          0         80   fputs.o
        40          0          0          0          0         84   fwrite.o
        30          0          0          0          0          0   handlers.o
        48         10          0          0          0         68   init.o
         0          0          0          0          0          0   iusefp.o
        30          0          0          0          0         68   llshl.o
        36          0          0          0          0         68   llsshr.o
        32          0          0          0          0         68   llushr.o
        26          0          0          0          0         80   memcmp.o
        36          0          0          0          0         68   memcpya.o
        36          0          0          0          0        108   memseta.o
      2308         96          0          0          0        604   printfa.o
        36          6          0          0          0         80   puts.o
         0          0          0          4          0          0   stderr.o
         0          0          0          4          0          0   stdout.o
        28          0          0          0          0         76   strcmp.o
        18          0          0          0          0         68   strcpy.o
        14          0          0          0          0         68   strlen.o
        30          0          0          0          0         80   strncmp.o
        44          0          0          0          0         80   uidiv.o
        98          0          0          0          0         92   uldiv.o
        48          0          0          0          0         68   cdrcmple.o
       334          0          0          0          0        148   dadd.o
       222          0          0          0          0        100   ddiv.o
       186          0          0          0          0        176   depilogue.o
        62          0          0          0          0         80   dfixi.o
        48          0          0          0          0         68   dfixul.o
        34          0          0          0          0         76   dflti.o
        26          0          0          0          0         76   dfltui.o
       228          0          0          0          0         96   dmul.o
        38          0          0          0          0         68   f2d.o

    ----------------------------------------------------------------------
     50174       2614       1846         12        720      16800   Library Totals
        50          8         13          0         10          0   (incl. Padding)

    ----------------------------------------------------------------------

      Code (inc. data)   RO Data    RW Data    ZI Data      Debug   Library Name

     43596       2232       1541          0        710      12404   Net_Dbg_CM3_L.lib
      2356        248        292          0          0       1532   m_wm.l
      2946        126          0         12          0       1908   mc_w.l
      1226          0          0          0          0        956   mf_w.l

    ----------------------------------------------------------------------
     50174       2614       1846         12        720      16800   Library Totals

    ----------------------------------------------------------------------

==============================================================================


      Code (inc. data)   RO Data    RW Data    ZI Data      Debug   

    107408       3298      37196        232     325244     425570   Grand Totals
    107408       3298      37196        232     325244     425570   ELF Image Totals
    107408       3298      37196        232          0          0   ROM Totals

==============================================================================

    Total RO  Size (Code + RO Data)               144604 ( 141.21kB)
    Total RW  Size (RW Data + ZI Data)            325476 ( 317.85kB)
    Total ROM Size (Code + RO Data + RW Data)     144836 ( 141.44kB)

==============================================================================

